2025-10-22T21:57:43.0562880Z Current runner version: '2.329.0'
2025-10-22T21:57:43.0578580Z ##[group]Runner Image Provisioner
2025-10-22T21:57:43.0579090Z Hosted Compute Agent
2025-10-22T21:57:43.0579420Z Version: 20251016.436
2025-10-22T21:57:43.0579790Z Commit: 8ab8ac8bfd662a3739dab9fe09456aba92132568
2025-10-22T21:57:43.0580220Z Build Date: 2025-10-15T20:44:12Z
2025-10-22T21:57:43.0580580Z ##[endgroup]
2025-10-22T21:57:43.0580900Z ##[group]Operating System
2025-10-22T21:57:43.0581230Z macOS
2025-10-22T21:57:43.0581520Z 15.6.1
2025-10-22T21:57:43.0581800Z 24G90
2025-10-22T21:57:43.0582110Z ##[endgroup]
2025-10-22T21:57:43.0582400Z ##[group]Runner Image
2025-10-22T21:57:43.0582710Z Image: macos-15-arm64
2025-10-22T21:57:43.0583020Z Version: 20251015.0042
2025-10-22T21:57:43.0583690Z Included Software: https://github.com/actions/runner-images/blob/macos-15-arm64/20251015.0042/images/macos/macos-15-arm64-Readme.md
2025-10-22T21:57:43.0584780Z Image Release: https://github.com/actions/runner-images/releases/tag/macos-15-arm64%2F20251015.0042
2025-10-22T21:57:43.0585460Z ##[endgroup]
2025-10-22T21:57:43.0586180Z ##[group]GITHUB_TOKEN Permissions
2025-10-22T21:57:43.0587590Z Contents: read
2025-10-22T21:57:43.0587910Z Metadata: read
2025-10-22T21:57:43.0588230Z Packages: read
2025-10-22T21:57:43.0588550Z ##[endgroup]
2025-10-22T21:57:43.0590050Z Secret source: Actions
2025-10-22T21:57:43.0590440Z Prepare workflow directory
2025-10-22T21:57:43.0917780Z Prepare all required actions
2025-10-22T21:57:43.0956420Z Getting action download info
2025-10-22T21:57:43.6042370Z Download action repository 'actions/checkout@v4' (SHA:08eba0b27e820071cde6df949e0beb9ba4906955)
2025-10-22T21:57:43.9013880Z Download action repository 'actions/setup-dotnet@v4' (SHA:67a3573c9a986a3f9c594539f4ab511d57bb3ce9)
2025-10-22T21:57:44.6620210Z Download action repository 'actions/upload-artifact@v4' (SHA:ea165f8d65b6e75b540449e92b4886f43607fa02)
2025-10-22T21:57:44.8751590Z Complete job name: Test 10 - Dispose_FromFinalizerPath_DoesNotBlock
2025-10-22T21:57:44.9395390Z ##[group]Run actions/checkout@v4
2025-10-22T21:57:44.9396560Z with:
2025-10-22T21:57:44.9396910Z   repository: Yubico/Yubico.NET.SDK
2025-10-22T21:57:44.9397580Z   token: ***
2025-10-22T21:57:44.9397880Z   ssh-strict: true
2025-10-22T21:57:44.9398200Z   ssh-user: git
2025-10-22T21:57:44.9398520Z   persist-credentials: true
2025-10-22T21:57:44.9398870Z   clean: true
2025-10-22T21:57:44.9399190Z   sparse-checkout-cone-mode: true
2025-10-22T21:57:44.9400340Z   fetch-depth: 1
2025-10-22T21:57:44.9400700Z   fetch-tags: false
2025-10-22T21:57:44.9401030Z   show-progress: true
2025-10-22T21:57:44.9401370Z   lfs: false
2025-10-22T21:57:44.9401670Z   submodules: false
2025-10-22T21:57:44.9402000Z   set-safe-directory: true
2025-10-22T21:57:44.9402740Z ##[endgroup]
2025-10-22T21:57:45.5023600Z Syncing repository: Yubico/Yubico.NET.SDK
2025-10-22T21:57:45.5026120Z ##[group]Getting Git version info
2025-10-22T21:57:45.5028030Z Working directory is '/Users/runner/work/Yubico.NET.SDK/Yubico.NET.SDK'
2025-10-22T21:57:45.5029530Z [command]/opt/homebrew/bin/git version
2025-10-22T21:57:45.5672420Z git version 2.50.1
2025-10-22T21:57:45.5731260Z ##[endgroup]
2025-10-22T21:57:45.5743550Z Copying '/Users/runner/.gitconfig' to '/Users/runner/work/_temp/4630f5cd-813c-47d3-8373-4e99a4e70105/.gitconfig'
2025-10-22T21:57:45.5750160Z Temporarily overriding HOME='/Users/runner/work/_temp/4630f5cd-813c-47d3-8373-4e99a4e70105' before making global git config changes
2025-10-22T21:57:45.5754530Z Adding repository directory to the temporary git global config as a safe directory
2025-10-22T21:57:45.5758390Z [command]/opt/homebrew/bin/git config --global --add safe.directory /Users/runner/work/Yubico.NET.SDK/Yubico.NET.SDK
2025-10-22T21:57:45.5934590Z Deleting the contents of '/Users/runner/work/Yubico.NET.SDK/Yubico.NET.SDK'
2025-10-22T21:57:45.5937160Z ##[group]Initializing the repository
2025-10-22T21:57:45.5951500Z [command]/opt/homebrew/bin/git init /Users/runner/work/Yubico.NET.SDK/Yubico.NET.SDK
2025-10-22T21:57:45.6599820Z hint: Using 'master' as the name for the initial branch. This default branch name
2025-10-22T21:57:45.6606530Z hint: is subject to change. To configure the initial branch name to use in all
2025-10-22T21:57:45.6615430Z hint: of your new repositories, which will suppress this warning, call:
2025-10-22T21:57:45.6621150Z hint:
2025-10-22T21:57:45.6622280Z hint: 	git config --global init.defaultBranch <name>
2025-10-22T21:57:45.6623340Z hint:
2025-10-22T21:57:45.6625080Z hint: Names commonly chosen instead of 'master' are 'main', 'trunk' and
2025-10-22T21:57:45.6627370Z hint: 'development'. The just-created branch can be renamed via this command:
2025-10-22T21:57:45.6629060Z hint:
2025-10-22T21:57:45.6629980Z hint: 	git branch -m <name>
2025-10-22T21:57:45.6631150Z hint:
2025-10-22T21:57:45.6632700Z hint: Disable this message with "git config set advice.defaultBranchName false"
2025-10-22T21:57:45.6635050Z Initialized empty Git repository in /Users/runner/work/Yubico.NET.SDK/Yubico.NET.SDK/.git/
2025-10-22T21:57:45.6640080Z [command]/opt/homebrew/bin/git remote add origin https://github.com/Yubico/Yubico.NET.SDK
2025-10-22T21:57:45.6747630Z ##[endgroup]
2025-10-22T21:57:45.6748670Z ##[group]Disabling automatic garbage collection
2025-10-22T21:57:45.6750110Z [command]/opt/homebrew/bin/git config --local gc.auto 0
2025-10-22T21:57:45.6890960Z ##[endgroup]
2025-10-22T21:57:45.6909150Z ##[group]Setting up auth
2025-10-22T21:57:45.6914730Z [command]/opt/homebrew/bin/git config --local --name-only --get-regexp core\.sshCommand
2025-10-22T21:57:45.6997780Z [command]/opt/homebrew/bin/git submodule foreach --recursive sh -c "git config --local --name-only --get-regexp 'core\.sshCommand' && git config --local --unset-all 'core.sshCommand' || :"
2025-10-22T21:57:45.8904180Z [command]/opt/homebrew/bin/git config --local --name-only --get-regexp http\.https\:\/\/github\.com\/\.extraheader
2025-10-22T21:57:45.8962130Z [command]/opt/homebrew/bin/git submodule foreach --recursive sh -c "git config --local --name-only --get-regexp 'http\.https\:\/\/github\.com\/\.extraheader' && git config --local --unset-all 'http.https://github.com/.extraheader' || :"
2025-10-22T21:57:46.0187330Z [command]/opt/homebrew/bin/git config --local http.https://github.com/.extraheader AUTHORIZATION: basic ***
2025-10-22T21:57:46.0502370Z ##[endgroup]
2025-10-22T21:57:46.0612360Z ##[group]Fetching the repository
2025-10-22T21:57:46.0715580Z [command]/opt/homebrew/bin/git -c protocol.version=2 fetch --no-tags --prune --no-recurse-submodules --depth=1 origin +aabfee568d26bca8fd9e83fafbe1a8934840ca60:refs/remotes/origin/experiment/isolate-disposal-hang
2025-10-22T21:57:46.6525650Z From https://github.com/Yubico/Yubico.NET.SDK
2025-10-22T21:57:46.6533290Z  * [new ref]         aabfee568d26bca8fd9e83fafbe1a8934840ca60 -> origin/experiment/isolate-disposal-hang
2025-10-22T21:57:46.6629410Z ##[endgroup]
2025-10-22T21:57:46.6631310Z ##[group]Determining the checkout info
2025-10-22T21:57:46.6633390Z ##[endgroup]
2025-10-22T21:57:46.6637870Z [command]/opt/homebrew/bin/git sparse-checkout disable
2025-10-22T21:57:46.6746670Z [command]/opt/homebrew/bin/git config --local --unset-all extensions.worktreeConfig
2025-10-22T21:57:46.6855530Z ##[group]Checking out the ref
2025-10-22T21:57:46.6865150Z [command]/opt/homebrew/bin/git checkout --progress --force -B experiment/isolate-disposal-hang refs/remotes/origin/experiment/isolate-disposal-hang
2025-10-22T21:57:46.9946810Z Switched to a new branch 'experiment/isolate-disposal-hang'
2025-10-22T21:57:46.9960120Z branch 'experiment/isolate-disposal-hang' set up to track 'origin/experiment/isolate-disposal-hang'.
2025-10-22T21:57:46.9972600Z ##[endgroup]
2025-10-22T21:57:47.0072460Z [command]/opt/homebrew/bin/git log -1 --format=%H
2025-10-22T21:57:47.0143860Z aabfee568d26bca8fd9e83fafbe1a8934840ca60
2025-10-22T21:57:47.0817750Z ##[group]Run actions/setup-dotnet@v4
2025-10-22T21:57:47.0819740Z with:
2025-10-22T21:57:47.0821310Z   global-json-file: ./global.json
2025-10-22T21:57:47.0825370Z   cache: false
2025-10-22T21:57:47.0826760Z ##[endgroup]
2025-10-22T21:57:47.3949920Z [command]/Users/runner/work/_actions/actions/setup-dotnet/v4/externals/install-dotnet.sh --skip-non-versioned-files --runtime dotnet --channel LTS
2025-10-22T21:57:48.0104300Z dotnet-install: .NET Core Runtime with version '8.0.21' is already installed.
2025-10-22T21:57:48.0210880Z [command]/Users/runner/work/_actions/actions/setup-dotnet/v4/externals/install-dotnet.sh --skip-non-versioned-files --channel 9.0
2025-10-22T21:57:48.4881800Z dotnet-install: .NET Core SDK with version '9.0.306' is already installed.
2025-10-22T21:57:48.5100590Z ##[group]Run dotnet nuget add source --username DennisDyallo --password *** --store-password-in-clear-text --name github "https://nuget.pkg.github.com/Yubico/index.json"
2025-10-22T21:57:48.5104040Z [36;1mdotnet nuget add source --username DennisDyallo --password *** --store-password-in-clear-text --name github "https://nuget.pkg.github.com/Yubico/index.json"[0m
2025-10-22T21:57:48.5166090Z shell: /bin/bash -e {0}
2025-10-22T21:57:48.5167290Z env:
2025-10-22T21:57:48.5167770Z   DOTNET_ROOT: /Users/runner/.dotnet
2025-10-22T21:57:48.5168370Z ##[endgroup]
2025-10-22T21:57:49.3812080Z 
2025-10-22T21:57:49.3853350Z Welcome to .NET 9.0!
2025-10-22T21:57:49.3853630Z ---------------------
2025-10-22T21:57:49.3853860Z SDK Version: 9.0.306
2025-10-22T21:57:49.3853950Z 
2025-10-22T21:57:49.3854270Z Telemetry
2025-10-22T21:57:49.3854410Z ---------
2025-10-22T21:57:49.3855500Z The .NET tools collect usage data in order to help us improve your experience. It is collected by Microsoft and shared with the community. You can opt-out of telemetry by setting the DOTNET_CLI_TELEMETRY_OPTOUT environment variable to '1' or 'true' using your favorite shell.
2025-10-22T21:57:49.3856330Z 
2025-10-22T21:57:49.3856930Z Read more about .NET CLI Tools telemetry: https://aka.ms/dotnet-cli-telemetry
2025-10-22T21:57:50.1459250Z 
2025-10-22T21:57:50.1560890Z ----------------
2025-10-22T21:57:50.1662220Z Installed an ASP.NET Core HTTPS development certificate.
2025-10-22T21:57:50.1772700Z To trust the certificate, run 'dotnet dev-certs https --trust'
2025-10-22T21:57:50.1888930Z Learn about HTTPS: https://aka.ms/dotnet-https
2025-10-22T21:57:50.1990910Z 
2025-10-22T21:57:50.2094710Z ----------------
2025-10-22T21:57:50.2195260Z Write your first app: https://aka.ms/dotnet-hello-world
2025-10-22T21:57:50.2298180Z Find out what's new: https://aka.ms/dotnet-whats-new
2025-10-22T21:57:50.2399220Z Explore documentation: https://aka.ms/dotnet-docs
2025-10-22T21:57:50.2504440Z Report issues and find source on GitHub: https://github.com/dotnet/core
2025-10-22T21:57:50.2603860Z Use 'dotnet --help' to see available commands or visit: https://aka.ms/dotnet-cli
2025-10-22T21:57:50.2704040Z --------------------------------------------------------------------------------------
2025-10-22T21:57:50.4949310Z Package source with Name: github added successfully.
2025-10-22T21:57:50.5905370Z ##[group]Run brew install openssl
2025-10-22T21:57:50.5905790Z [36;1mbrew install openssl[0m
2025-10-22T21:57:50.5906010Z [36;1msudo mkdir -p /usr/local/lib[0m
2025-10-22T21:57:50.5906420Z [36;1msudo ln -s $(brew --prefix)/opt/openssl@3/lib/libcrypto.3.dylib /usr/local/lib/libcrypto.3.dylib[0m
2025-10-22T21:57:50.5906920Z [36;1msudo ln -s $(brew --prefix)/opt/openssl@3/lib/libssl.3.dylib /usr/local/lib/libssl.3.dylib[0m
2025-10-22T21:57:50.5941130Z shell: /bin/bash -e {0}
2025-10-22T21:57:50.5941420Z env:
2025-10-22T21:57:50.5941650Z   DOTNET_ROOT: /Users/runner/.dotnet
2025-10-22T21:57:50.5941870Z ##[endgroup]
2025-10-22T21:57:56.8146100Z ##[warning]openssl@3 3.6.0 is already installed and up-to-date.
To reinstall 3.6.0, run:
  brew reinstall openssl@3

2025-10-22T21:57:57.1039230Z ##[group]Run dotnet test Yubico.Core/tests/Yubico.Core.UnitTests.csproj --filter "FullyQualifiedName~MacOSHidDeviceListenerDisposalTests.Dispose_FromFinalizerPath_DoesNotBlock" --logger "console;verbosity=detailed"
2025-10-22T21:57:57.1042880Z [36;1mdotnet test Yubico.Core/tests/Yubico.Core.UnitTests.csproj --filter "FullyQualifiedName~MacOSHidDeviceListenerDisposalTests.Dispose_FromFinalizerPath_DoesNotBlock" --logger "console;verbosity=detailed"[0m
2025-10-22T21:57:57.1150270Z shell: /bin/bash -e {0}
2025-10-22T21:57:57.1150680Z env:
2025-10-22T21:57:57.1150960Z   DOTNET_ROOT: /Users/runner/.dotnet
2025-10-22T21:57:57.1151260Z   Logging__LogLevel__Default: Information
2025-10-22T21:57:57.1151670Z   Logging__LogLevel__Yubico: Information
2025-10-22T21:57:57.1151950Z ##[endgroup]
2025-10-22T21:57:58.7314470Z   Determining projects to restore...
2025-10-22T21:58:02.0424440Z   Restored /Users/runner/work/Yubico.NET.SDK/Yubico.NET.SDK/Yubico.Core/tests/Yubico.Core.UnitTests.csproj (in 2.74 sec).
2025-10-22T21:58:05.0940830Z   Restored /Users/runner/work/Yubico.NET.SDK/Yubico.NET.SDK/Yubico.Core/src/Yubico.Core.csproj (in 5.79 sec).
2025-10-22T21:58:13.5361070Z   Yubico.Core -> /Users/runner/work/Yubico.NET.SDK/Yubico.NET.SDK/Yubico.Core/src/bin/Debug/netstandard2.1/Yubico.Core.dll
2025-10-22T21:58:17.9672740Z   Yubico.Core.UnitTests -> /Users/runner/work/Yubico.NET.SDK/Yubico.NET.SDK/Yubico.Core/tests/bin/Debug/net8.0/Yubico.Core.UnitTests.dll
2025-10-22T21:58:18.0124690Z Test run for /Users/runner/work/Yubico.NET.SDK/Yubico.NET.SDK/Yubico.Core/tests/bin/Debug/net8.0/Yubico.Core.UnitTests.dll (.NETCoreApp,Version=v8.0)
2025-10-22T21:58:18.4438050Z VSTest version 17.14.1 (arm64)
2025-10-22T21:58:18.4553350Z 
2025-10-22T21:58:19.0307110Z Starting test execution, please wait...
2025-10-22T21:58:19.1169100Z A total of 1 test files matched the specified pattern.
2025-10-22T21:58:19.1249450Z /Users/runner/work/Yubico.NET.SDK/Yubico.NET.SDK/Yubico.Core/tests/bin/Debug/net8.0/Yubico.Core.UnitTests.dll
2025-10-22T21:58:21.1953980Z [xUnit.net 00:00:00.00] xUnit.net VSTest Adapter v3.1.5+1b188a7b0a (64-bit .NET 8.0.21)
2025-10-22T21:58:21.2513230Z [xUnit.net 00:00:00.08]   Discovering: Yubico.Core.UnitTests
2025-10-22T21:58:21.3815100Z [xUnit.net 00:00:00.21]   Discovered:  Yubico.Core.UnitTests
2025-10-22T21:58:21.4207170Z [xUnit.net 00:00:00.24]   Starting:    Yubico.Core.UnitTests
2025-10-22T21:58:21.5075970Z info: Yubico.Core.Devices.Hid.MacOSHidDeviceListener[0]
2025-10-22T21:58:21.5077920Z       [TELEMETRY][L001] MacOSHidDeviceListener constructor called on thread 5
2025-10-22T21:58:21.5080440Z info: Yubico.Core.Devices.Hid.MacOSHidDeviceListener[0]
2025-10-22T21:58:21.5088800Z       [TELEMETRY][L001] StartListening() called, creating background thread
2025-10-22T21:58:21.5089510Z info: Yubico.Core.Devices.Hid.MacOSHidDeviceListener[0]
2025-10-22T21:58:21.5090050Z       [TELEMETRY][L001] Background thread started
2025-10-22T21:58:21.5090590Z info: Yubico.Core.Devices.Hid.MacOSHidDeviceListener[0]
2025-10-22T21:58:21.5091070Z       [TELEMETRY][L001] MacOSHidDeviceListener constructor complete
2025-10-22T21:58:21.5091770Z info: Yubico.Core.Devices.Hid.MacOSHidDeviceListener[0]
2025-10-22T21:58:21.5093200Z       => MacOSHidDeviceListener.StartListening()
2025-10-22T21:58:21.5093860Z       HID listener thread started. ThreadID is 18.
2025-10-22T21:58:21.5493880Z info: Yubico.Core.Devices.Hid.MacOSHidDeviceListener[0]
2025-10-22T21:58:21.5497960Z       => MacOSHidDeviceListener.StartListening()
2025-10-22T21:58:21.5499050Z       IOHIDManager 5283902016 is scheduled with run loop 5282833984 with mode kCFRunLoopDefaultMode
2025-10-22T21:58:21.5501510Z info: Yubico.Core.Devices.Hid.MacOSHidDeviceListener[0]
2025-10-22T21:58:21.5502210Z       => MacOSHidDeviceListener.StartListening()
2025-10-22T21:58:21.5502760Z       Flushed existing devices.
2025-10-22T21:58:21.5503710Z info: Yubico.Core.Devices.Hid.MacOSHidDeviceListener[0]
2025-10-22T21:58:21.5504730Z       => MacOSHidDeviceListener.StartListening()
2025-10-22T21:58:21.5510240Z       [TELEMETRY][L001] Entering run loop. _shouldStop=False
2025-10-22T21:58:21.5510990Z info: Yubico.Core.Devices.Hid.MacOSHidDeviceListener[0]
2025-10-22T21:58:21.5511540Z       => MacOSHidDeviceListener.StartListening()
2025-10-22T21:58:21.5512110Z       [TELEMETRY][L001] Loop iter 1: _shouldStop=False, prevResult=4, calling CFRunLoopRunInMode...
2025-10-22T21:58:21.7134910Z info: Yubico.Core.Devices.Hid.MacOSHidDeviceListener[0]
2025-10-22T21:58:21.7135730Z       => MacOSHidDeviceListener.StartListening()
2025-10-22T21:58:21.7136490Z       [TELEMETRY][L001] Loop iter 1: CFRunLoopRunInMode returned 3 after 163ms
2025-10-22T21:58:21.7137170Z info: Yubico.Core.Devices.Hid.MacOSHidDeviceListener[0]
2025-10-22T21:58:21.7138450Z       => MacOSHidDeviceListener.StartListening()
2025-10-22T21:58:21.7139180Z       [TELEMETRY][L001] Loop iter 2: _shouldStop=False, prevResult=3, calling CFRunLoopRunInMode...
2025-10-22T21:58:21.7829150Z info: Yubico.Core.Devices.Hid.MacOSHidDeviceListener[0]
2025-10-22T21:58:21.7966640Z       [TELEMETRY][L001] >>> DISPOSE-ENTRY: disposing=False, thread=5, _isDisposed=False, _shouldStop=False
2025-10-22T21:58:21.8084860Z         CallStack:
2025-10-22T21:58:21.8243600Z          at Yubico.Core.Devices.Hid.MacOSHidDeviceListener.Dispose(Boolean disposing) in /_/Yubico.Core/src/Yubico/Core/Devices/Hid/MacOSHidDeviceListener.cs:line 154
2025-10-22T21:58:21.8336290Z          at System.RuntimeMethodHandle.InvokeMethod(Object target, Void** arguments, Signature sig, Boolean isConstructor)
2025-10-22T21:58:21.8395400Z          at System.Reflection.MethodBaseInvoker.InvokeDirectByRefWithFewArgs(Object obj, Span`1 copyOfArgs, BindingFlags invokeAttr)
2025-10-22T21:58:21.8594940Z          at System.Reflection.MethodBaseInvoker.InvokeWithOneArg(Object obj, BindingFlags invokeAttr, Binder binder, Object[] parameters, CultureInfo culture)
2025-10-22T21:58:21.8714380Z          at Yubico.Core.Devices.Hid.UnitTests.MacOSHidDeviceListenerDisposalTests.Dispose_FromFinalizerPath_DoesNotBlock() in /Users/runner/work/Yubico.NET.SDK/Yubico.NET.SDK/Yubico.Core/tests/Yubico/Core/Devices/Hid/MacOSHidDeviceListenerDisposalTests.cs:line 388
2025-10-22T21:58:21.8833060Z          at System.RuntimeMethodHandle.InvokeMethod(Object target, Void** arguments, Signature sig, Boolean isConstructor)
2025-10-22T21:58:21.8939650Z          at System.Reflection.MethodBaseInvoker.InvokeWithNoArgs(Object obj, BindingFlags invokeAttr)
2025-10-22T21:58:21.9146320Z          at Xunit.Sdk.TestInvoker`1.CallTestMethod(Object testClassInstance) in /_/src/xunit.execution/Sdk/Frameworks/Runners/TestInvoker.cs:line 149
2025-10-22T21:58:21.9248350Z          at Xunit.Sdk.TestInvoker`1.<>c__DisplayClass47_0.<<InvokeTestMethodAsync>b__1>d.MoveNext() in /_/src/xunit.execution/Sdk/Frameworks/Runners/TestInvoker.cs:line 256
2025-10-22T21:58:21.9448910Z          at System.Runtime.CompilerServices.AsyncMethodBuilderCore.Start[TStateMachine](TStateMachine& stateMachine)
2025-10-22T21:58:21.9553130Z          at Xunit.Sdk.TestInvoker`1.<>c__DisplayClass47_0.<InvokeTestMethodAsync>b__1()
2025-10-22T21:58:21.9566670Z          at Xunit.Sdk.ExecutionTimer.AggregateAsync(Func`1 asyncAction) in /_/src/xunit.execution/Sdk/Frameworks/ExecutionTimer.cs:line 48
2025-10-22T21:58:21.9576540Z          at System.Runtime.CompilerServices.AsyncMethodBuilderCore.Start[TStateMachine](TStateMachine& stateMachine)
2025-10-22T21:58:21.9577990Z          at Xunit.Sdk.ExecutionTimer.AggregateAsync(Func`1 asyncAction)
2025-10-22T21:58:21.9579000Z          at Xunit.Sdk.TestInvoker`1.<>c__DisplayClass47_0.<InvokeTestMethodAsync>b__0() in /_/src/xunit.execution/Sdk/Frameworks/Runners/TestInvoker.cs:line 215
2025-10-22T21:58:21.9580050Z          at Xunit.Sdk.ExceptionAggregator.RunAsync(Func`1 code) in /_/src/xunit.core/Sdk/ExceptionAggregator.cs:line 90
2025-10-22T21:58:21.9580910Z          at System.Runtime.CompilerServices.AsyncMethodBuilderCore.Start[TStateMachine](TStateMachine& stateMachine)
2025-10-22T21:58:21.9582590Z          at Xunit.Sdk.ExceptionAggregator.RunAsync(Func`1 code)
2025-10-22T21:58:21.9583740Z          at Xunit.Sdk.TestInvoker`1.InvokeTestMethodAsync(Object testClassInstance) in /_/src/xunit.execution/Sdk/Frameworks/Runners/TestInvoker.cs:line 214
2025-10-22T21:58:21.9585200Z          at System.Runtime.CompilerServices.AsyncMethodBuilderCore.Start[TStateMachine](TStateMachine& stateMachine)
2025-10-22T21:58:21.9586340Z          at Xunit.Sdk.TestInvoker`1.InvokeTestMethodAsync(Object testClassInstance)
2025-10-22T21:58:21.9587230Z          at Xunit.Sdk.XunitTestInvoker.InvokeTestMethodAsync(Object testClassInstance) in /_/src/xunit.execution/Sdk/Frameworks/Runners/XunitTestInvoker.cs:line 112
2025-10-22T21:58:21.9590620Z          at Xunit.Sdk.TestInvoker`1.<RunAsync>b__46_0() in /_/src/xunit.execution/Sdk/Frameworks/Runners/TestInvoker.cs:line 180
2025-10-22T21:58:21.9592100Z          at System.Runtime.CompilerServices.AsyncMethodBuilderCore.Start[TStateMachine](TStateMachine& stateMachine)
2025-10-22T21:58:21.9597770Z          at Xunit.Sdk.TestInvoker`1.<RunAsync>b__46_0()
2025-10-22T21:58:21.9619660Z          at Xunit.Sdk.ExceptionAggregator.RunAsync[T](Func`1 code) in /_/src/xunit.core/Sdk/ExceptionAggregator.cs:line 107
2025-10-22T21:58:21.9621010Z          at System.Runtime.CompilerServices.AsyncMethodBuilderCore.Start[TStateMachine](TStateMachine& stateMachine)
2025-10-22T21:58:21.9622230Z          at Xunit.Sdk.ExceptionAggregator.RunAsync[T](Func`1 code)
2025-10-22T21:58:21.9623020Z          at Xunit.Sdk.TestInvoker`1.RunAsync() in /_/src/xunit.execution/Sdk/Frameworks/Runners/TestInvoker.cs:line 163
2025-10-22T21:58:21.9624450Z          at Xunit.Sdk.XunitTestRunner.InvokeTestMethodAsync(ExceptionAggregator aggregator) in /_/src/xunit.execution/Sdk/Frameworks/Runners/XunitTestRunner.cs:line 88
2025-10-22T21:58:21.9626200Z          at Xunit.Sdk.XunitTestRunner.InvokeTestAsync(ExceptionAggregator aggregator) in /_/src/xunit.execution/Sdk/Frameworks/Runners/XunitTestRunner.cs:line 70
2025-10-22T21:58:21.9639390Z          at System.Runtime.CompilerServices.AsyncMethodBuilderCore.Start[TStateMachine](TStateMachine& stateMachine)
2025-10-22T21:58:21.9640900Z          at Xunit.Sdk.XunitTestRunner.InvokeTestAsync(ExceptionAggregator aggregator)
2025-10-22T21:58:21.9641740Z          at Xunit.Sdk.TestRunner`1.<>c__DisplayClass43_0.<RunAsync>b__0() in /_/src/xunit.execution/Sdk/Frameworks/Runners/TestRunner.cs:line 149
2025-10-22T21:58:21.9642780Z          at Xunit.Sdk.ExceptionAggregator.RunAsync[T](Func`1 code) in /_/src/xunit.core/Sdk/ExceptionAggregator.cs:line 107
2025-10-22T21:58:21.9643650Z          at System.Runtime.CompilerServices.AsyncMethodBuilderCore.Start[TStateMachine](TStateMachine& stateMachine)
2025-10-22T21:58:21.9644380Z          at Xunit.Sdk.ExceptionAggregator.RunAsync[T](Func`1 code)
2025-10-22T21:58:21.9645060Z          at Xunit.Sdk.TestRunner`1.RunAsync() in /_/src/xunit.execution/Sdk/Frameworks/Runners/TestRunner.cs:line 149
2025-10-22T21:58:21.9646010Z          at System.Runtime.CompilerServices.AsyncMethodBuilderCore.Start[TStateMachine](TStateMachine& stateMachine)
2025-10-22T21:58:21.9646730Z          at Xunit.Sdk.TestRunner`1.RunAsync()
2025-10-22T21:58:21.9647460Z          at Xunit.Sdk.XunitTestCaseRunner.RunTestAsync() in /_/src/xunit.execution/Sdk/Frameworks/Runners/XunitTestCaseRunner.cs:line 140
2025-10-22T21:58:21.9661720Z          at Xunit.Sdk.TestCaseRunner`1.RunAsync() in /_/src/xunit.execution/Sdk/Frameworks/Runners/TestCaseRunner.cs:line 82
2025-10-22T21:58:21.9679820Z          at System.Runtime.CompilerServices.AsyncMethodBuilderCore.Start[TStateMachine](TStateMachine& stateMachine)
2025-10-22T21:58:21.9680650Z          at Xunit.Sdk.TestCaseRunner`1.RunAsync()
2025-10-22T21:58:21.9681900Z          at Xunit.Sdk.XunitTestCase.RunAsync(IMessageSink diagnosticMessageSink, IMessageBus messageBus, Object[] constructorArguments, ExceptionAggregator aggregator, CancellationTokenSource cancellationTokenSource) in /_/src/xunit.execution/Sdk/Frameworks/XunitTestCase.cs:line 170
2025-10-22T21:58:21.9684510Z          at Xunit.Sdk.SkippableFactTestCase.<>n__0(IMessageSink diagnosticMessageSink, IMessageBus messageBus, Object[] constructorArguments, ExceptionAggregator aggregator, CancellationTokenSource cancellationTokenSource)
2025-10-22T21:58:21.9686070Z          at Xunit.Sdk.SkippableFactTestCase.RunAsync(IMessageSink diagnosticMessageSink, IMessageBus messageBus, Object[] constructorArguments, ExceptionAggregator aggregator, CancellationTokenSource cancellationTokenSource)
2025-10-22T21:58:21.9687660Z          at System.Runtime.CompilerServices.AsyncMethodBuilderCore.Start[TStateMachine](TStateMachine& stateMachine)
2025-10-22T21:58:21.9688880Z          at Xunit.Sdk.SkippableFactTestCase.RunAsync(IMessageSink diagnosticMessageSink, IMessageBus messageBus, Object[] constructorArguments, ExceptionAggregator aggregator, CancellationTokenSource cancellationTokenSource)
2025-10-22T21:58:21.9690190Z          at Xunit.Sdk.XunitTestMethodRunner.RunTestCaseAsync(IXunitTestCase testCase) in /_/src/xunit.execution/Sdk/Frameworks/Runners/XunitTestMethodRunner.cs:line 45
2025-10-22T21:58:21.9691300Z          at Xunit.Sdk.TestMethodRunner`1.RunTestCasesAsync() in /_/src/xunit.execution/Sdk/Frameworks/Runners/TestMethodRunner.cs:line 136
2025-10-22T21:58:21.9692220Z          at System.Runtime.CompilerServices.AsyncMethodBuilderCore.Start[TStateMachine](TStateMachine& stateMachine)
2025-10-22T21:58:21.9692740Z          at Xunit.Sdk.TestMethodRunner`1.RunTestCasesAsync()
2025-10-22T21:58:21.9693630Z          at Xunit.Sdk.TestMethodRunner`1.RunAsync() in /_/src/xunit.execution/Sdk/Frameworks/Runners/TestMethodRunner.cs:line 106
2025-10-22T21:58:21.9700520Z          at System.Runtime.CompilerServices.AsyncMethodBuilderCore.Start[TStateMachine](TStateMachine& stateMachine)
2025-10-22T21:58:21.9701290Z          at Xunit.Sdk.TestMethodRunner`1.RunAsync()
2025-10-22T21:58:21.9702820Z          at Xunit.Sdk.XunitTestClassRunner.RunTestMethodAsync(ITestMethod testMethod, IReflectionMethodInfo method, IEnumerable`1 testCases, Object[] constructorArguments) in /_/src/xunit.execution/Sdk/Frameworks/Runners/XunitTestClassRunner.cs:line 206
2025-10-22T21:58:21.9704080Z          at Xunit.Sdk.TestClassRunner`1.RunTestMethodsAsync()
2025-10-22T21:58:21.9704870Z          at System.Runtime.CompilerServices.AsyncMethodBuilderCore.Start[TStateMachine](TStateMachine& stateMachine)
2025-10-22T21:58:21.9705580Z          at Xunit.Sdk.TestClassRunner`1.RunTestMethodsAsync()
2025-10-22T21:58:21.9715140Z          at Xunit.Sdk.TestClassRunner`1.RunAsync() in /_/src/xunit.execution/Sdk/Frameworks/Runners/TestClassRunner.cs:line 175
2025-10-22T21:58:21.9722670Z          at System.Runtime.CompilerServices.AsyncMethodBuilderCore.Start[TStateMachine](TStateMachine& stateMachine)
2025-10-22T21:58:21.9725280Z          at Xunit.Sdk.TestClassRunner`1.RunAsync()
2025-10-22T21:58:21.9738660Z          at Xunit.Sdk.XunitTestCollectionRunner.RunTestClassAsync(ITestClass testClass, IReflectionTypeInfo class, IEnumerable`1 testCases) in /_/src/xunit.execution/Sdk/Frameworks/Runners/XunitTestCollectionRunner.cs:line 185
2025-10-22T21:58:21.9740120Z          at Xunit.Sdk.TestCollectionRunner`1.RunTestClassesAsync()
2025-10-22T21:58:21.9740970Z          at System.Runtime.CompilerServices.AsyncMethodBuilderCore.Start[TStateMachine](TStateMachine& stateMachine)
2025-10-22T21:58:21.9741790Z          at Xunit.Sdk.TestCollectionRunner`1.RunTestClassesAsync()
2025-10-22T21:58:21.9742670Z          at Xunit.Sdk.TestCollectionRunner`1.RunAsync() in /_/src/xunit.execution/Sdk/Frameworks/Runners/TestCollectionRunner.cs:line 101
2025-10-22T21:58:21.9743710Z          at System.Runtime.CompilerServices.AsyncMethodBuilderCore.Start[TStateMachine](TStateMachine& stateMachine)
2025-10-22T21:58:21.9744460Z          at Xunit.Sdk.TestCollectionRunner`1.RunAsync()
2025-10-22T21:58:21.9746300Z          at Xunit.Sdk.XunitTestAssemblyRunner.RunTestCollectionAsync(IMessageBus messageBus, ITestCollection testCollection, IEnumerable`1 testCases, CancellationTokenSource cancellationTokenSource) in /_/src/xunit.execution/Sdk/Frameworks/Runners/XunitTestAssemblyRunner.cs:line 346
2025-10-22T21:58:21.9747820Z          at System.Runtime.CompilerServices.AsyncMethodBuilderCore.Start[TStateMachine](TStateMachine& stateMachine)
2025-10-22T21:58:21.9748930Z          at Xunit.Sdk.XunitTestAssemblyRunner.RunTestCollectionAsync(IMessageBus messageBus, ITestCollection testCollection, IEnumerable`1 testCases, CancellationTokenSource cancellationTokenSource)
2025-10-22T21:58:21.9750640Z          at Xunit.Sdk.XunitTestAssemblyRunner.<>c__DisplayClass16_2.<RunTestCollectionsAsync>b__2() in /_/src/xunit.execution/Sdk/Frameworks/Runners/XunitTestAssemblyRunner.cs:line 250
2025-10-22T21:58:21.9751590Z          at System.Threading.Tasks.Task`1.InnerInvoke()
2025-10-22T21:58:21.9752560Z          at System.Threading.ExecutionContext.RunFromThreadPoolDispatchLoop(Thread threadPoolThread, ExecutionContext executionContext, ContextCallback callback, Object state)
2025-10-22T21:58:21.9753700Z          at System.Threading.Tasks.Task.ExecuteWithThreadLocal(Task& currentTaskSlot, Thread threadPoolThread)
2025-10-22T21:58:21.9754420Z          at System.Threading.ThreadPoolWorkQueue.Dispatch()
2025-10-22T21:58:21.9755140Z          at System.Threading.PortableThreadPool.WorkerThread.WorkerThreadStart()
2025-10-22T21:58:21.9755760Z          at System.Threading.Thread.StartCallback()
2025-10-22T21:58:21.9756530Z info: Yubico.Core.Devices.Hid.MacOSHidDeviceListener[0]
2025-10-22T21:58:21.9757090Z       [TELEMETRY][L001] Setting _isDisposed = true
2025-10-22T21:58:21.9757670Z info: Yubico.Core.Devices.Hid.MacOSHidDeviceListener[0]
2025-10-22T21:58:21.9758270Z       [TELEMETRY][L001] Calling StopListening(fromFinalizer=True)...
2025-10-22T21:58:21.9758950Z info: Yubico.Core.Devices.Hid.MacOSHidDeviceListener[0]
2025-10-22T21:58:21.9759540Z       [TELEMETRY][L001] StopListening(fromFinalizer=True) called
2025-10-22T21:58:21.9760140Z info: Yubico.Core.Devices.Hid.MacOSHidDeviceListener[0]
2025-10-22T21:58:21.9760750Z       [TELEMETRY][L001] Setting _shouldStop flag to true
2025-10-22T21:58:21.9761340Z info: Yubico.Core.Devices.Hid.MacOSHidDeviceListener[0]
2025-10-22T21:58:21.9761920Z       [TELEMETRY][L001] _shouldStop flag set. RunLoop pointer: 5282833984
2025-10-22T21:58:21.9762640Z info: Yubico.Core.Devices.Hid.MacOSHidDeviceListener[0]
2025-10-22T21:58:21.9763190Z       [TELEMETRY][L001] Calling CFRunLoopStop(5282833984)
2025-10-22T21:58:21.9763860Z info: Yubico.Core.Devices.Hid.MacOSHidDeviceListener[0]
2025-10-22T21:58:21.9764230Z       [TELEMETRY][L001] CFRunLoopStop() returned
2025-10-22T21:58:21.9765040Z info: Yubico.Core.Devices.Hid.MacOSHidDeviceListener[0]
2025-10-22T21:58:21.9765750Z       [TELEMETRY][L001] Skipping Thread.Join() from finalizer to prevent GC thread blocking
2025-10-22T21:58:21.9766590Z info: Yubico.Core.Devices.Hid.MacOSHidDeviceListener[0]
2025-10-22T21:58:21.9767430Z       [TELEMETRY][L001] StopListening() complete
2025-10-22T21:58:21.9768070Z info: Yubico.Core.Devices.Hid.MacOSHidDeviceListener[0]
2025-10-22T21:58:21.9768680Z       [TELEMETRY][L001] StopListening() returned successfully
2025-10-22T21:58:21.9769370Z info: Yubico.Core.Devices.Hid.MacOSHidDeviceListener[0]
2025-10-22T21:58:21.9769950Z       [TELEMETRY][L001] Calling base.Dispose(False)
2025-10-22T21:58:21.9776860Z info: Yubico.Core.Devices.Hid.MacOSHidDeviceListener[0]
2025-10-22T21:58:21.9778920Z       [TELEMETRY][L001] <<< DISPOSE-EXIT: Complete
2025-10-22T21:58:21.9780260Z info: Yubico.Core.Devices.Hid.MacOSHidDeviceListener[0]
2025-10-22T21:58:21.9781950Z       => MacOSHidDeviceListener.StartListening()
2025-10-22T21:58:21.9783740Z       [TELEMETRY][L001] Loop iter 2: CFRunLoopRunInMode returned 2 after 64ms
2025-10-22T21:58:21.9787260Z info: Yubico.Core.Devices.Hid.MacOSHidDeviceListener[0]
2025-10-22T21:58:21.9795090Z       => MacOSHidDeviceListener.StartListening()
2025-10-22T21:58:21.9805280Z       [TELEMETRY][L001] Run loop exited after 2 iterations. _shouldStop=True, finalResult=2
2025-10-22T21:58:21.9808450Z info: Yubico.Core.Devices.Hid.MacOSHidDeviceListener[0]
2025-10-22T21:58:21.9816280Z       => MacOSHidDeviceListener.StartListening()
2025-10-22T21:58:21.9842640Z       [TELEMETRY][L001] Listener thread finally block - cleaning up native resources
2025-10-22T21:58:21.9843500Z info: Yubico.Core.Devices.Hid.MacOSHidDeviceListener[0]
2025-10-22T21:58:21.9845520Z       => MacOSHidDeviceListener.StartListening()
2025-10-22T21:58:21.9846060Z       [TELEMETRY][L001] Releasing IOHIDManager
2025-10-22T21:58:21.9847230Z info: Yubico.Core.Devices.Hid.MacOSHidDeviceListener[0]
2025-10-22T21:58:21.9847820Z       => MacOSHidDeviceListener.StartListening()
2025-10-22T21:58:21.9848420Z       [TELEMETRY][L001] IOHIDManager released
2025-10-22T21:58:21.9848940Z info: Yubico.Core.Devices.Hid.MacOSHidDeviceListener[0]
2025-10-22T21:58:21.9849430Z       => MacOSHidDeviceListener.StartListening()
2025-10-22T21:58:21.9850000Z       [TELEMETRY][L001] Releasing run loop mode CFString
2025-10-22T21:58:21.9850640Z info: Yubico.Core.Devices.Hid.MacOSHidDeviceListener[0]
2025-10-22T21:58:22.0041450Z       => MacOSHidDeviceListener.StartListening()
2025-10-22T21:58:22.0042160Z       [TELEMETRY][L001] Run loop mode CFString released
2025-10-22T21:58:22.0078700Z info: Yubico.Core.Devices.Hid.MacOSHidDeviceListener[0]
2025-10-22T21:58:22.0082540Z       => MacOSHidDeviceListener.StartListening()
2025-10-22T21:58:22.0083560Z       [TELEMETRY][L001] Listener thread cleanup complete - thread exiting
2025-10-22T21:58:22.0084140Z [xUnit.net 00:00:00.63]   Finished:    Yubico.Core.UnitTests
2025-10-22T21:58:22.0084660Z info: Yubico.Core.Devices.Hid.MacOSHidDeviceListener[0]
2025-10-22T21:58:22.0085190Z       [TELEMETRY][L001] MacOSHidDeviceListener finalizer called
2025-10-22T21:58:22.0085930Z info: Yubico.Core.Devices.Hid.MacOSHidDeviceListener[0]
2025-10-22T21:58:22.0088100Z       [TELEMETRY][L001] >>> DISPOSE-ENTRY: disposing=False, thread=2, _isDisposed=True, _shouldStop=True
2025-10-22T21:58:22.0089260Z         CallStack:
2025-10-22T21:58:22.0090940Z          at Yubico.Core.Devices.Hid.MacOSHidDeviceListener.Dispose(Boolean disposing) in /_/Yubico.Core/src/Yubico/Core/Devices/Hid/MacOSHidDeviceListener.cs:line 154
2025-10-22T21:58:22.0091970Z          at Yubico.Core.Devices.Hid.MacOSHidDeviceListener.Finalize() in /_/Yubico.Core/src/Yubico/Core/Devices/Hid/MacOSHidDeviceListener.cs:line 72
2025-10-22T21:58:22.0092710Z info: Yubico.Core.Devices.Hid.MacOSHidDeviceListener[0]
2025-10-22T21:58:22.0093290Z       [TELEMETRY][L001] Already disposed, returning early
2025-10-22T21:58:22.0230540Z   Passed Yubico.Core.Devices.Hid.UnitTests.MacOSHidDeviceListenerDisposalTests.Dispose_FromFinalizerPath_DoesNotBlock [336 ms]
2025-10-22T21:58:22.0238750Z   Standard Output Messages:
2025-10-22T21:58:22.0241450Z  === TEST START: Dispose_FromFinalizerPath_DoesNotBlock ===
2025-10-22T21:58:22.0241920Z  [USING-ENTRY] Test=Dispose_FromFinalizerPath_DoesNotBlock, Thread=5
2025-10-22T21:58:22.0242980Z  [USING-BODY] Test=Dispose_FromFinalizerPath_DoesNotBlock, Listener=L001, Thread=5
2025-10-22T21:58:22.0243340Z  [TEST] Created listener: L001
2025-10-22T21:58:22.0243670Z  [TEST] Calling Dispose(false) via reflection to simulate finalizer path
2025-10-22T21:58:22.0244120Z  [TEST] Dispose(false) completed in 103ms without blocking - finalizer path works correctly
2025-10-22T21:58:22.0244600Z  [USING-EXIT] Test=Dispose_FromFinalizerPath_DoesNotBlock, Listener=L001, Thread=5
2025-10-22T21:58:22.0244890Z 
2025-10-22T21:58:22.0244950Z 
2025-10-22T21:58:22.0244990Z 
2025-10-22T21:58:22.0259830Z Test Run Successful.
2025-10-22T21:58:22.0260210Z Total tests: 1
2025-10-22T21:58:22.0260520Z      Passed: 1
2025-10-22T21:58:22.0330860Z  Total time: 2.9173 Seconds
2025-10-22T21:58:22.2304930Z ##[group]Run actions/upload-artifact@v4
2025-10-22T21:58:22.2305270Z with:
2025-10-22T21:58:22.2305520Z   name: Logs-Test10-Dispose_FromFinalizerPath_DoesNotBlock
2025-10-22T21:58:22.2305830Z   path: **/TestResults/*
2025-10-22T21:58:22.2306050Z   if-no-files-found: warn
2025-10-22T21:58:22.2306200Z   compression-level: 6
2025-10-22T21:58:22.2306330Z   overwrite: false
2025-10-22T21:58:22.2306540Z   include-hidden-files: false
2025-10-22T21:58:22.2306690Z env:
2025-10-22T21:58:22.2306800Z   DOTNET_ROOT: /Users/runner/.dotnet
2025-10-22T21:58:22.2306970Z ##[endgroup]
2025-10-22T21:58:23.4343620Z ##[warning]No files were found with the provided path: **/TestResults/*. No artifacts will be uploaded.
2025-10-22T21:58:23.4609460Z Post job cleanup.
2025-10-22T21:58:23.6970060Z Post job cleanup.
2025-10-22T21:58:23.8514470Z [command]/opt/homebrew/bin/git version
2025-10-22T21:58:23.9329100Z git version 2.50.1
2025-10-22T21:58:23.9475760Z Copying '/Users/runner/.gitconfig' to '/Users/runner/work/_temp/b54fb72f-780f-4914-8a46-969d04c7223c/.gitconfig'
2025-10-22T21:58:23.9609740Z Temporarily overriding HOME='/Users/runner/work/_temp/b54fb72f-780f-4914-8a46-969d04c7223c' before making global git config changes
2025-10-22T21:58:23.9611940Z Adding repository directory to the temporary git global config as a safe directory
2025-10-22T21:58:23.9618360Z [command]/opt/homebrew/bin/git config --global --add safe.directory /Users/runner/work/Yubico.NET.SDK/Yubico.NET.SDK
2025-10-22T21:58:23.9754520Z [command]/opt/homebrew/bin/git config --local --name-only --get-regexp core\.sshCommand
2025-10-22T21:58:23.9833370Z [command]/opt/homebrew/bin/git submodule foreach --recursive sh -c "git config --local --name-only --get-regexp 'core\.sshCommand' && git config --local --unset-all 'core.sshCommand' || :"
2025-10-22T21:58:24.1438420Z [command]/opt/homebrew/bin/git config --local --name-only --get-regexp http\.https\:\/\/github\.com\/\.extraheader
2025-10-22T21:58:24.1457050Z http.https://github.com/.extraheader
2025-10-22T21:58:24.1557350Z [command]/opt/homebrew/bin/git config --local --unset-all http.https://github.com/.extraheader
2025-10-22T21:58:24.1617560Z [command]/opt/homebrew/bin/git submodule foreach --recursive sh -c "git config --local --name-only --get-regexp 'http\.https\:\/\/github\.com\/\.extraheader' && git config --local --unset-all 'http.https://github.com/.extraheader' || :"
2025-10-22T21:58:24.3338600Z Cleaning up orphan processes
2025-10-22T21:58:24.9497290Z Terminate orphan process: pid (2232) (dotnet)
