2025-10-22T21:57:43.7637050Z Current runner version: '2.329.0'
2025-10-22T21:57:43.7650640Z ##[group]Runner Image Provisioner
2025-10-22T21:57:43.7651110Z Hosted Compute Agent
2025-10-22T21:57:43.7651430Z Version: 20251016.436
2025-10-22T21:57:43.7651800Z Commit: 8ab8ac8bfd662a3739dab9fe09456aba92132568
2025-10-22T21:57:43.7652220Z Build Date: 2025-10-15T20:44:12Z
2025-10-22T21:57:43.7652580Z ##[endgroup]
2025-10-22T21:57:43.7652900Z ##[group]Operating System
2025-10-22T21:57:43.7653240Z macOS
2025-10-22T21:57:43.7653530Z 15.6.1
2025-10-22T21:57:43.7653800Z 24G90
2025-10-22T21:57:43.7654080Z ##[endgroup]
2025-10-22T21:57:43.7654360Z ##[group]Runner Image
2025-10-22T21:57:43.7654670Z Image: macos-15-arm64
2025-10-22T21:57:43.7654980Z Version: 20251015.0042
2025-10-22T21:57:43.7655650Z Included Software: https://github.com/actions/runner-images/blob/macos-15-arm64/20251015.0042/images/macos/macos-15-arm64-Readme.md
2025-10-22T21:57:43.7656640Z Image Release: https://github.com/actions/runner-images/releases/tag/macos-15-arm64%2F20251015.0042
2025-10-22T21:57:43.7657230Z ##[endgroup]
2025-10-22T21:57:43.7657880Z ##[group]GITHUB_TOKEN Permissions
2025-10-22T21:57:43.7658820Z Contents: read
2025-10-22T21:57:43.7659120Z Metadata: read
2025-10-22T21:57:43.7659410Z Packages: read
2025-10-22T21:57:43.7659700Z ##[endgroup]
2025-10-22T21:57:43.7660960Z Secret source: Actions
2025-10-22T21:57:43.7661330Z Prepare workflow directory
2025-10-22T21:57:43.7868620Z Prepare all required actions
2025-10-22T21:57:43.7896160Z Getting action download info
2025-10-22T21:57:44.3091220Z Download action repository 'actions/checkout@v4' (SHA:08eba0b27e820071cde6df949e0beb9ba4906955)
2025-10-22T21:57:44.6425970Z Download action repository 'actions/setup-dotnet@v4' (SHA:67a3573c9a986a3f9c594539f4ab511d57bb3ce9)
2025-10-22T21:57:45.4119460Z Download action repository 'actions/upload-artifact@v4' (SHA:ea165f8d65b6e75b540449e92b4886f43607fa02)
2025-10-22T21:57:45.5625530Z Complete job name: Test 4 - ConcurrentDispose_IsThreadSafe
2025-10-22T21:57:45.6025210Z ##[group]Run actions/checkout@v4
2025-10-22T21:57:45.6025770Z with:
2025-10-22T21:57:45.6026080Z   repository: Yubico/Yubico.NET.SDK
2025-10-22T21:57:45.6026580Z   token: ***
2025-10-22T21:57:45.6026880Z   ssh-strict: true
2025-10-22T21:57:45.6027180Z   ssh-user: git
2025-10-22T21:57:45.6027490Z   persist-credentials: true
2025-10-22T21:57:45.6027830Z   clean: true
2025-10-22T21:57:45.6028160Z   sparse-checkout-cone-mode: true
2025-10-22T21:57:45.6028530Z   fetch-depth: 1
2025-10-22T21:57:45.6028830Z   fetch-tags: false
2025-10-22T21:57:45.6029150Z   show-progress: true
2025-10-22T21:57:45.6029470Z   lfs: false
2025-10-22T21:57:45.6029760Z   submodules: false
2025-10-22T21:57:45.6030080Z   set-safe-directory: true
2025-10-22T21:57:45.6030530Z ##[endgroup]
2025-10-22T21:57:45.8787200Z Syncing repository: Yubico/Yubico.NET.SDK
2025-10-22T21:57:45.8788760Z ##[group]Getting Git version info
2025-10-22T21:57:45.8789440Z Working directory is '/Users/runner/work/Yubico.NET.SDK/Yubico.NET.SDK'
2025-10-22T21:57:45.8790750Z [command]/opt/homebrew/bin/git version
2025-10-22T21:57:45.9317680Z git version 2.50.1
2025-10-22T21:57:45.9348770Z ##[endgroup]
2025-10-22T21:57:45.9354440Z Copying '/Users/runner/.gitconfig' to '/Users/runner/work/_temp/78461283-b929-49ab-b4f3-45279125f0ba/.gitconfig'
2025-10-22T21:57:45.9363520Z Temporarily overriding HOME='/Users/runner/work/_temp/78461283-b929-49ab-b4f3-45279125f0ba' before making global git config changes
2025-10-22T21:57:45.9364850Z Adding repository directory to the temporary git global config as a safe directory
2025-10-22T21:57:45.9368500Z [command]/opt/homebrew/bin/git config --global --add safe.directory /Users/runner/work/Yubico.NET.SDK/Yubico.NET.SDK
2025-10-22T21:57:45.9465720Z Deleting the contents of '/Users/runner/work/Yubico.NET.SDK/Yubico.NET.SDK'
2025-10-22T21:57:45.9467980Z ##[group]Initializing the repository
2025-10-22T21:57:45.9472660Z [command]/opt/homebrew/bin/git init /Users/runner/work/Yubico.NET.SDK/Yubico.NET.SDK
2025-10-22T21:57:45.9671890Z hint: Using 'master' as the name for the initial branch. This default branch name
2025-10-22T21:57:45.9673570Z hint: is subject to change. To configure the initial branch name to use in all
2025-10-22T21:57:45.9674570Z hint: of your new repositories, which will suppress this warning, call:
2025-10-22T21:57:45.9675100Z hint:
2025-10-22T21:57:45.9675490Z hint: 	git config --global init.defaultBranch <name>
2025-10-22T21:57:45.9675960Z hint:
2025-10-22T21:57:45.9676390Z hint: Names commonly chosen instead of 'master' are 'main', 'trunk' and
2025-10-22T21:57:45.9677070Z hint: 'development'. The just-created branch can be renamed via this command:
2025-10-22T21:57:45.9677610Z hint:
2025-10-22T21:57:45.9677940Z hint: 	git branch -m <name>
2025-10-22T21:57:45.9678290Z hint:
2025-10-22T21:57:45.9678760Z hint: Disable this message with "git config set advice.defaultBranchName false"
2025-10-22T21:57:45.9679560Z Initialized empty Git repository in /Users/runner/work/Yubico.NET.SDK/Yubico.NET.SDK/.git/
2025-10-22T21:57:45.9681090Z [command]/opt/homebrew/bin/git remote add origin https://github.com/Yubico/Yubico.NET.SDK
2025-10-22T21:57:45.9753510Z ##[endgroup]
2025-10-22T21:57:45.9754160Z ##[group]Disabling automatic garbage collection
2025-10-22T21:57:45.9755510Z [command]/opt/homebrew/bin/git config --local gc.auto 0
2025-10-22T21:57:45.9814020Z ##[endgroup]
2025-10-22T21:57:45.9814610Z ##[group]Setting up auth
2025-10-22T21:57:45.9818140Z [command]/opt/homebrew/bin/git config --local --name-only --get-regexp core\.sshCommand
2025-10-22T21:57:45.9876750Z [command]/opt/homebrew/bin/git submodule foreach --recursive sh -c "git config --local --name-only --get-regexp 'core\.sshCommand' && git config --local --unset-all 'core.sshCommand' || :"
2025-10-22T21:57:46.2398610Z [command]/opt/homebrew/bin/git config --local --name-only --get-regexp http\.https\:\/\/github\.com\/\.extraheader
2025-10-22T21:57:46.2462050Z [command]/opt/homebrew/bin/git submodule foreach --recursive sh -c "git config --local --name-only --get-regexp 'http\.https\:\/\/github\.com\/\.extraheader' && git config --local --unset-all 'http.https://github.com/.extraheader' || :"
2025-10-22T21:57:46.3590480Z [command]/opt/homebrew/bin/git config --local http.https://github.com/.extraheader AUTHORIZATION: basic ***
2025-10-22T21:57:46.3800110Z ##[endgroup]
2025-10-22T21:57:46.3903480Z ##[group]Fetching the repository
2025-10-22T21:57:46.3999270Z [command]/opt/homebrew/bin/git -c protocol.version=2 fetch --no-tags --prune --no-recurse-submodules --depth=1 origin +aabfee568d26bca8fd9e83fafbe1a8934840ca60:refs/remotes/origin/experiment/isolate-disposal-hang
2025-10-22T21:57:47.2827020Z From https://github.com/Yubico/Yubico.NET.SDK
2025-10-22T21:57:47.2838440Z  * [new ref]         aabfee568d26bca8fd9e83fafbe1a8934840ca60 -> origin/experiment/isolate-disposal-hang
2025-10-22T21:57:47.2924380Z ##[endgroup]
2025-10-22T21:57:47.2925200Z ##[group]Determining the checkout info
2025-10-22T21:57:47.2926050Z ##[endgroup]
2025-10-22T21:57:47.2928420Z [command]/opt/homebrew/bin/git sparse-checkout disable
2025-10-22T21:57:47.3009230Z [command]/opt/homebrew/bin/git config --local --unset-all extensions.worktreeConfig
2025-10-22T21:57:47.3076570Z ##[group]Checking out the ref
2025-10-22T21:57:47.3080750Z [command]/opt/homebrew/bin/git checkout --progress --force -B experiment/isolate-disposal-hang refs/remotes/origin/experiment/isolate-disposal-hang
2025-10-22T21:57:47.5073900Z Switched to a new branch 'experiment/isolate-disposal-hang'
2025-10-22T21:57:47.5177090Z branch 'experiment/isolate-disposal-hang' set up to track 'origin/experiment/isolate-disposal-hang'.
2025-10-22T21:57:47.5430020Z ##[endgroup]
2025-10-22T21:57:47.5635110Z [command]/opt/homebrew/bin/git log -1 --format=%H
2025-10-22T21:57:47.5685740Z aabfee568d26bca8fd9e83fafbe1a8934840ca60
2025-10-22T21:57:47.5932810Z ##[group]Run actions/setup-dotnet@v4
2025-10-22T21:57:47.5933690Z with:
2025-10-22T21:57:47.5934300Z   global-json-file: ./global.json
2025-10-22T21:57:47.5935060Z   cache: false
2025-10-22T21:57:47.5935640Z ##[endgroup]
2025-10-22T21:57:47.7422130Z [command]/Users/runner/work/_actions/actions/setup-dotnet/v4/externals/install-dotnet.sh --skip-non-versioned-files --runtime dotnet --channel LTS
2025-10-22T21:57:48.0645550Z dotnet-install: .NET Core Runtime with version '8.0.21' is already installed.
2025-10-22T21:57:48.0673260Z [command]/Users/runner/work/_actions/actions/setup-dotnet/v4/externals/install-dotnet.sh --skip-non-versioned-files --channel 9.0
2025-10-22T21:57:48.3265060Z dotnet-install: .NET Core SDK with version '9.0.306' is already installed.
2025-10-22T21:57:48.3398990Z ##[group]Run dotnet nuget add source --username DennisDyallo --password *** --store-password-in-clear-text --name github "https://nuget.pkg.github.com/Yubico/index.json"
2025-10-22T21:57:48.3402770Z [36;1mdotnet nuget add source --username DennisDyallo --password *** --store-password-in-clear-text --name github "https://nuget.pkg.github.com/Yubico/index.json"[0m
2025-10-22T21:57:48.3456310Z shell: /bin/bash -e {0}
2025-10-22T21:57:48.3456960Z env:
2025-10-22T21:57:48.3457550Z   DOTNET_ROOT: /Users/runner/.dotnet
2025-10-22T21:57:48.3458250Z ##[endgroup]
2025-10-22T21:57:48.9352860Z 
2025-10-22T21:57:48.9386540Z Welcome to .NET 9.0!
2025-10-22T21:57:48.9390210Z ---------------------
2025-10-22T21:57:48.9391480Z SDK Version: 9.0.306
2025-10-22T21:57:48.9392430Z 
2025-10-22T21:57:48.9392670Z Telemetry
2025-10-22T21:57:48.9393750Z ---------
2025-10-22T21:57:48.9397020Z The .NET tools collect usage data in order to help us improve your experience. It is collected by Microsoft and shared with the community. You can opt-out of telemetry by setting the DOTNET_CLI_TELEMETRY_OPTOUT environment variable to '1' or 'true' using your favorite shell.
2025-10-22T21:57:48.9400410Z 
2025-10-22T21:57:48.9401440Z Read more about .NET CLI Tools telemetry: https://aka.ms/dotnet-cli-telemetry
2025-10-22T21:57:49.3408990Z 
2025-10-22T21:57:49.3409710Z ----------------
2025-10-22T21:57:49.3410820Z Installed an ASP.NET Core HTTPS development certificate.
2025-10-22T21:57:49.3412180Z To trust the certificate, run 'dotnet dev-certs https --trust'
2025-10-22T21:57:49.3413460Z Learn about HTTPS: https://aka.ms/dotnet-https
2025-10-22T21:57:49.3414120Z 
2025-10-22T21:57:49.3414470Z ----------------
2025-10-22T21:57:49.3415770Z Write your first app: https://aka.ms/dotnet-hello-world
2025-10-22T21:57:49.3417000Z Find out what's new: https://aka.ms/dotnet-whats-new
2025-10-22T21:57:49.3418790Z Explore documentation: https://aka.ms/dotnet-docs
2025-10-22T21:57:49.3420080Z Report issues and find source on GitHub: https://github.com/dotnet/core
2025-10-22T21:57:49.3421450Z Use 'dotnet --help' to see available commands or visit: https://aka.ms/dotnet-cli
2025-10-22T21:57:49.3423180Z --------------------------------------------------------------------------------------
2025-10-22T21:57:49.5634150Z Package source with Name: github added successfully.
2025-10-22T21:57:49.6913490Z ##[group]Run brew install openssl
2025-10-22T21:57:49.6914330Z [36;1mbrew install openssl[0m
2025-10-22T21:57:49.6915000Z [36;1msudo mkdir -p /usr/local/lib[0m
2025-10-22T21:57:49.6916220Z [36;1msudo ln -s $(brew --prefix)/opt/openssl@3/lib/libcrypto.3.dylib /usr/local/lib/libcrypto.3.dylib[0m
2025-10-22T21:57:49.6917900Z [36;1msudo ln -s $(brew --prefix)/opt/openssl@3/lib/libssl.3.dylib /usr/local/lib/libssl.3.dylib[0m
2025-10-22T21:57:49.6956580Z shell: /bin/bash -e {0}
2025-10-22T21:57:49.6957190Z env:
2025-10-22T21:57:49.6957700Z   DOTNET_ROOT: /Users/runner/.dotnet
2025-10-22T21:57:49.6958420Z ##[endgroup]
2025-10-22T21:57:53.7228460Z ##[warning]openssl@3 3.6.0 is already installed and up-to-date.
To reinstall 3.6.0, run:
  brew reinstall openssl@3

2025-10-22T21:57:53.8666570Z ##[group]Run dotnet test Yubico.Core/tests/Yubico.Core.UnitTests.csproj --filter "FullyQualifiedName~MacOSHidDeviceListenerDisposalTests.ConcurrentDispose_IsThreadSafe" --logger "console;verbosity=detailed"
2025-10-22T21:57:53.8667760Z [36;1mdotnet test Yubico.Core/tests/Yubico.Core.UnitTests.csproj --filter "FullyQualifiedName~MacOSHidDeviceListenerDisposalTests.ConcurrentDispose_IsThreadSafe" --logger "console;verbosity=detailed"[0m
2025-10-22T21:57:53.8713080Z shell: /bin/bash -e {0}
2025-10-22T21:57:53.8713340Z env:
2025-10-22T21:57:53.8713530Z   DOTNET_ROOT: /Users/runner/.dotnet
2025-10-22T21:57:53.8713840Z   Logging__LogLevel__Default: Information
2025-10-22T21:57:53.8714090Z   Logging__LogLevel__Yubico: Information
2025-10-22T21:57:53.8714290Z ##[endgroup]
2025-10-22T21:57:54.7719950Z   Determining projects to restore...
2025-10-22T21:57:57.8353300Z   Restored /Users/runner/work/Yubico.NET.SDK/Yubico.NET.SDK/Yubico.Core/tests/Yubico.Core.UnitTests.csproj (in 2.69 sec).
2025-10-22T21:57:58.1658030Z   Restored /Users/runner/work/Yubico.NET.SDK/Yubico.NET.SDK/Yubico.Core/src/Yubico.Core.csproj (in 3.04 sec).
2025-10-22T21:58:04.8965630Z   Yubico.Core -> /Users/runner/work/Yubico.NET.SDK/Yubico.NET.SDK/Yubico.Core/src/bin/Debug/netstandard2.1/Yubico.Core.dll
2025-10-22T21:58:08.2192920Z   Yubico.Core.UnitTests -> /Users/runner/work/Yubico.NET.SDK/Yubico.NET.SDK/Yubico.Core/tests/bin/Debug/net8.0/Yubico.Core.UnitTests.dll
2025-10-22T21:58:08.2477850Z Test run for /Users/runner/work/Yubico.NET.SDK/Yubico.NET.SDK/Yubico.Core/tests/bin/Debug/net8.0/Yubico.Core.UnitTests.dll (.NETCoreApp,Version=v8.0)
2025-10-22T21:58:08.4267650Z VSTest version 17.14.1 (arm64)
2025-10-22T21:58:08.4297800Z 
2025-10-22T21:58:08.5554340Z Starting test execution, please wait...
2025-10-22T21:58:08.5810730Z A total of 1 test files matched the specified pattern.
2025-10-22T21:58:08.5822620Z /Users/runner/work/Yubico.NET.SDK/Yubico.NET.SDK/Yubico.Core/tests/bin/Debug/net8.0/Yubico.Core.UnitTests.dll
2025-10-22T21:58:09.4307260Z [xUnit.net 00:00:00.00] xUnit.net VSTest Adapter v3.1.5+1b188a7b0a (64-bit .NET 8.0.21)
2025-10-22T21:58:09.5118720Z [xUnit.net 00:00:00.10]   Discovering: Yubico.Core.UnitTests
2025-10-22T21:58:09.6759430Z [xUnit.net 00:00:00.27]   Discovered:  Yubico.Core.UnitTests
2025-10-22T21:58:09.7305800Z [xUnit.net 00:00:00.31]   Starting:    Yubico.Core.UnitTests
2025-10-22T21:58:09.8695580Z info: Yubico.Core.Devices.Hid.MacOSHidDeviceListener[0]
2025-10-22T21:58:09.8740090Z       [TELEMETRY][L001] MacOSHidDeviceListener constructor called on thread 13
2025-10-22T21:58:09.8786220Z info: Yubico.Core.Devices.Hid.MacOSHidDeviceListener[0]
2025-10-22T21:58:09.8830130Z       [TELEMETRY][L001] StartListening() called, creating background thread
2025-10-22T21:58:09.8838280Z info: Yubico.Core.Devices.Hid.MacOSHidDeviceListener[0]
2025-10-22T21:58:09.8896140Z       => MacOSHidDeviceListener.StartListening()
2025-10-22T21:58:09.8980450Z       HID listener thread started. ThreadID is 18.
2025-10-22T21:58:09.9032950Z info: Yubico.Core.Devices.Hid.MacOSHidDeviceListener[0]
2025-10-22T21:58:09.9065410Z       [TELEMETRY][L001] Background thread started
2025-10-22T21:58:09.9086550Z info: Yubico.Core.Devices.Hid.MacOSHidDeviceListener[0]
2025-10-22T21:58:09.9112320Z       [TELEMETRY][L001] MacOSHidDeviceListener constructor complete
2025-10-22T21:58:09.9122970Z info: Yubico.Core.Devices.Hid.MacOSHidDeviceListener[0]
2025-10-22T21:58:09.9175000Z       => MacOSHidDeviceListener.StartListening()
2025-10-22T21:58:09.9224080Z       IOHIDManager 5500920448 is scheduled with run loop 4964156064 with mode kCFRunLoopDefaultMode
2025-10-22T21:58:09.9284880Z info: Yubico.Core.Devices.Hid.MacOSHidDeviceListener[0]
2025-10-22T21:58:09.9318780Z       => MacOSHidDeviceListener.StartListening()
2025-10-22T21:58:09.9351210Z       Flushed existing devices.
2025-10-22T21:58:09.9382630Z info: Yubico.Core.Devices.Hid.MacOSHidDeviceListener[0]
2025-10-22T21:58:09.9383230Z       => MacOSHidDeviceListener.StartListening()
2025-10-22T21:58:09.9429380Z       [TELEMETRY][L001] Entering run loop. _shouldStop=False
2025-10-22T21:58:09.9476910Z info: Yubico.Core.Devices.Hid.MacOSHidDeviceListener[0]
2025-10-22T21:58:09.9519460Z       => MacOSHidDeviceListener.StartListening()
2025-10-22T21:58:09.9535280Z       [TELEMETRY][L001] Loop iter 1: _shouldStop=False, prevResult=4, calling CFRunLoopRunInMode...
2025-10-22T21:58:09.9551410Z info: Yubico.Core.Devices.Hid.MacOSHidDeviceListener[0]
2025-10-22T21:58:09.9568090Z       [TELEMETRY][L001] >>> DISPOSE-ENTRY: disposing=True, thread=13, _isDisposed=False, _shouldStop=False
2025-10-22T21:58:09.9591250Z         CallStack:
2025-10-22T21:58:09.9617570Z          at Yubico.Core.Devices.Hid.MacOSHidDeviceListener.Dispose(Boolean disposing) in /_/Yubico.Core/src/Yubico/Core/Devices/Hid/MacOSHidDeviceListener.cs:line 154
2025-10-22T21:58:09.9623400Z          at Yubico.Core.Devices.Hid.HidDeviceListener.Dispose() in /_/Yubico.Core/src/Yubico/Core/Devices/Hid/HidDeviceListener.cs:line 153
2025-10-22T21:58:09.9651330Z          at Yubico.Core.Devices.Hid.UnitTests.MacOSHidDeviceListenerDisposalTests.<>c__DisplayClass5_1.<ConcurrentDispose_IsThreadSafe>b__0() in /Users/runner/work/Yubico.NET.SDK/Yubico.NET.SDK/Yubico.Core/tests/Yubico/Core/Devices/Hid/MacOSHidDeviceListenerDisposalTests.cs:line 168
2025-10-22T21:58:09.9668220Z          at System.Threading.ExecutionContext.RunFromThreadPoolDispatchLoop(Thread threadPoolThread, ExecutionContext executionContext, ContextCallback callback, Object state)
2025-10-22T21:58:09.9686710Z          at System.Threading.Tasks.Task.ExecuteWithThreadLocal(Task& currentTaskSlot, Thread threadPoolThread)
2025-10-22T21:58:09.9705070Z          at System.Threading.ThreadPoolWorkQueue.Dispatch()
2025-10-22T21:58:09.9728810Z          at System.Threading.PortableThreadPool.WorkerThread.WorkerThreadStart()
2025-10-22T21:58:09.9737440Z          at System.Threading.Thread.StartCallback()
2025-10-22T21:58:09.9763130Z info: Yubico.Core.Devices.Hid.MacOSHidDeviceListener[0]
2025-10-22T21:58:09.9778070Z       [TELEMETRY][L001] Setting _isDisposed = true
2025-10-22T21:58:09.9808060Z info: Yubico.Core.Devices.Hid.MacOSHidDeviceListener[0]
2025-10-22T21:58:09.9810090Z       [TELEMETRY][L001] Calling StopListening(fromFinalizer=False)...
2025-10-22T21:58:09.9842700Z info: Yubico.Core.Devices.Hid.MacOSHidDeviceListener[0]
2025-10-22T21:58:09.9843330Z       [TELEMETRY][L001] >>> DISPOSE-ENTRY: disposing=True, thread=12, _isDisposed=True, _shouldStop=False
2025-10-22T21:58:09.9868230Z         CallStack:
2025-10-22T21:58:09.9875850Z          at Yubico.Core.Devices.Hid.MacOSHidDeviceListener.Dispose(Boolean disposing) in /_/Yubico.Core/src/Yubico/Core/Devices/Hid/MacOSHidDeviceListener.cs:line 154
2025-10-22T21:58:09.9892530Z          at Yubico.Core.Devices.Hid.HidDeviceListener.Dispose() in /_/Yubico.Core/src/Yubico/Core/Devices/Hid/HidDeviceListener.cs:line 153
2025-10-22T21:58:09.9927650Z          at Yubico.Core.Devices.Hid.UnitTests.MacOSHidDeviceListenerDisposalTests.<>c__DisplayClass5_1.<ConcurrentDispose_IsThreadSafe>b__0() in /Users/runner/work/Yubico.NET.SDK/Yubico.NET.SDK/Yubico.Core/tests/Yubico/Core/Devices/Hid/MacOSHidDeviceListenerDisposalTests.cs:line 168
2025-10-22T21:58:10.0005820Z          at System.Threading.ExecutionContext.RunFromThreadPoolDispatchLoop(Thread threadPoolThread, ExecutionContext executionContext, ContextCallback callback, Object state)
2025-10-22T21:58:10.0109710Z          at System.Threading.Tasks.Task.ExecuteWithThreadLocal(Task& currentTaskSlot, Thread threadPoolThread)
2025-10-22T21:58:10.0151630Z          at System.Threading.ThreadPoolWorkQueue.Dispatch()
2025-10-22T21:58:10.0205410Z          at System.Threading.PortableThreadPool.WorkerThread.WorkerThreadStart()
2025-10-22T21:58:10.0240910Z          at System.Threading.Thread.StartCallback()
2025-10-22T21:58:10.0274370Z info: Yubico.Core.Devices.Hid.MacOSHidDeviceListener[0]
2025-10-22T21:58:10.0313040Z       [TELEMETRY][L001] StopListening(fromFinalizer=False) called
2025-10-22T21:58:10.0331190Z info: Yubico.Core.Devices.Hid.MacOSHidDeviceListener[0]
2025-10-22T21:58:10.0332600Z       [TELEMETRY][L001] Setting _shouldStop flag to true
2025-10-22T21:58:10.0333260Z info: Yubico.Core.Devices.Hid.MacOSHidDeviceListener[0]
2025-10-22T21:58:10.0336120Z       [TELEMETRY][L001] _shouldStop flag set. RunLoop pointer: 4964156064
2025-10-22T21:58:10.0336830Z info: Yubico.Core.Devices.Hid.MacOSHidDeviceListener[0]
2025-10-22T21:58:10.0337860Z       [TELEMETRY][L001] Calling CFRunLoopStop(4964156064)
2025-10-22T21:58:10.0338360Z info: Yubico.Core.Devices.Hid.MacOSHidDeviceListener[0]
2025-10-22T21:58:10.0338900Z       [TELEMETRY][L001] CFRunLoopStop() returned
2025-10-22T21:58:10.0339370Z info: Yubico.Core.Devices.Hid.MacOSHidDeviceListener[0]
2025-10-22T21:58:10.0340050Z       [TELEMETRY][L001] Waiting for thread to exit (1 second timeout)...
2025-10-22T21:58:10.0340660Z info: Yubico.Core.Devices.Hid.MacOSHidDeviceListener[0]
2025-10-22T21:58:10.0341100Z       => MacOSHidDeviceListener.StartListening()
2025-10-22T21:58:10.0342640Z       [TELEMETRY][L001] Loop iter 1: CFRunLoopRunInMode returned 2 after 2ms
2025-10-22T21:58:10.0344740Z info: Yubico.Core.Devices.Hid.MacOSHidDeviceListener[0]
2025-10-22T21:58:10.0345780Z       => MacOSHidDeviceListener.StartListening()
2025-10-22T21:58:10.0347020Z       [TELEMETRY][L001] Run loop exited after 1 iterations. _shouldStop=True, finalResult=2
2025-10-22T21:58:10.0348530Z info: Yubico.Core.Devices.Hid.MacOSHidDeviceListener[0]
2025-10-22T21:58:10.0349420Z       => MacOSHidDeviceListener.StartListening()
2025-10-22T21:58:10.0351120Z       [TELEMETRY][L001] Listener thread finally block - cleaning up native resources
2025-10-22T21:58:10.0352490Z info: Yubico.Core.Devices.Hid.MacOSHidDeviceListener[0]
2025-10-22T21:58:10.0353720Z       => MacOSHidDeviceListener.StartListening()
2025-10-22T21:58:10.0354790Z       [TELEMETRY][L001] Unscheduling IOHIDManager from run loop
2025-10-22T21:58:10.0355960Z info: Yubico.Core.Devices.Hid.MacOSHidDeviceListener[0]
2025-10-22T21:58:10.0357160Z       => MacOSHidDeviceListener.StartListening()
2025-10-22T21:58:10.0358290Z       [TELEMETRY][L001] IOHIDManager unscheduled from run loop
2025-10-22T21:58:10.0359650Z info: Yubico.Core.Devices.Hid.MacOSHidDeviceListener[0]
2025-10-22T21:58:10.0360820Z       => MacOSHidDeviceListener.StartListening()
2025-10-22T21:58:10.0369020Z       [TELEMETRY][L001] Releasing IOHIDManager
2025-10-22T21:58:10.0371040Z info: Yubico.Core.Devices.Hid.MacOSHidDeviceListener[0]
2025-10-22T21:58:10.0372550Z       => MacOSHidDeviceListener.StartListening()
2025-10-22T21:58:10.0373680Z       [TELEMETRY][L001] IOHIDManager released
2025-10-22T21:58:10.0375020Z info: Yubico.Core.Devices.Hid.MacOSHidDeviceListener[0]
2025-10-22T21:58:10.0378630Z       => MacOSHidDeviceListener.StartListening()
2025-10-22T21:58:10.0380120Z       [TELEMETRY][L001] Releasing run loop mode CFString
2025-10-22T21:58:10.0381470Z info: Yubico.Core.Devices.Hid.MacOSHidDeviceListener[0]
2025-10-22T21:58:10.0382640Z       => MacOSHidDeviceListener.StartListening()
2025-10-22T21:58:10.0383880Z       [TELEMETRY][L001] Run loop mode CFString released
2025-10-22T21:58:10.0385060Z info: Yubico.Core.Devices.Hid.MacOSHidDeviceListener[0]
2025-10-22T21:58:10.0386140Z       => MacOSHidDeviceListener.StartListening()
2025-10-22T21:58:10.0387460Z       [TELEMETRY][L001] Listener thread cleanup complete - thread exiting
2025-10-22T21:58:10.0388740Z info: Yubico.Core.Devices.Hid.MacOSHidDeviceListener[0]
2025-10-22T21:58:10.0389880Z       [TELEMETRY][L001] Thread exited successfully after 0ms
2025-10-22T21:58:10.0391230Z info: Yubico.Core.Devices.Hid.MacOSHidDeviceListener[0]
2025-10-22T21:58:10.0392690Z       [TELEMETRY][L001] StopListening() complete
2025-10-22T21:58:10.0393860Z info: Yubico.Core.Devices.Hid.MacOSHidDeviceListener[0]
2025-10-22T21:58:10.0401950Z       [TELEMETRY][L001] StopListening() returned successfully
2025-10-22T21:58:10.0402750Z info: Yubico.Core.Devices.Hid.MacOSHidDeviceListener[0]
2025-10-22T21:58:10.0404070Z       [TELEMETRY][L001] Calling base.Dispose(True)
2025-10-22T21:58:10.0406730Z info: Yubico.Core.Devices.Hid.MacOSHidDeviceListener[0]
2025-10-22T21:58:10.0408050Z       [TELEMETRY][L001] <<< DISPOSE-EXIT: Complete
2025-10-22T21:58:10.0410610Z info: Yubico.Core.Devices.Hid.MacOSHidDeviceListener[0]
2025-10-22T21:58:10.0412570Z       [TELEMETRY][L001] Already disposed, returning early
2025-10-22T21:58:10.0414110Z info: Yubico.Core.Devices.Hid.MacOSHidDeviceListener[0]
2025-10-22T21:58:10.0415950Z       [TELEMETRY][L001] >>> DISPOSE-ENTRY: disposing=True, thread=12, _isDisposed=True, _shouldStop=True
2025-10-22T21:58:10.0417100Z         CallStack:
2025-10-22T21:58:10.0418840Z          at Yubico.Core.Devices.Hid.MacOSHidDeviceListener.Dispose(Boolean disposing) in /_/Yubico.Core/src/Yubico/Core/Devices/Hid/MacOSHidDeviceListener.cs:line 154
2025-10-22T21:58:10.0421430Z          at Yubico.Core.Devices.Hid.HidDeviceListener.Dispose() in /_/Yubico.Core/src/Yubico/Core/Devices/Hid/HidDeviceListener.cs:line 153
2025-10-22T21:58:10.0425020Z          at Yubico.Core.Devices.Hid.UnitTests.MacOSHidDeviceListenerDisposalTests.<>c__DisplayClass5_1.<ConcurrentDispose_IsThreadSafe>b__0() in /Users/runner/work/Yubico.NET.SDK/Yubico.NET.SDK/Yubico.Core/tests/Yubico/Core/Devices/Hid/MacOSHidDeviceListenerDisposalTests.cs:line 168
2025-10-22T21:58:10.0429540Z          at System.Threading.ExecutionContext.RunFromThreadPoolDispatchLoop(Thread threadPoolThread, ExecutionContext executionContext, ContextCallback callback, Object state)
2025-10-22T21:58:10.0431730Z          at System.Threading.Tasks.Task.ExecuteWithThreadLocal(Task& currentTaskSlot, Thread threadPoolThread)
2025-10-22T21:58:10.0432980Z          at System.Threading.ThreadPoolWorkQueue.Dispatch()
2025-10-22T21:58:10.0434160Z          at System.Threading.PortableThreadPool.WorkerThread.WorkerThreadStart()
2025-10-22T21:58:10.0435200Z          at System.Threading.Thread.StartCallback()
2025-10-22T21:58:10.0436210Z info: Yubico.Core.Devices.Hid.MacOSHidDeviceListener[0]
2025-10-22T21:58:10.0437500Z       [TELEMETRY][L001] >>> DISPOSE-ENTRY: disposing=True, thread=13, _isDisposed=True, _shouldStop=True
2025-10-22T21:58:10.0438480Z         CallStack:
2025-10-22T21:58:10.0439930Z          at Yubico.Core.Devices.Hid.MacOSHidDeviceListener.Dispose(Boolean disposing) in /_/Yubico.Core/src/Yubico/Core/Devices/Hid/MacOSHidDeviceListener.cs:line 154
2025-10-22T21:58:10.0442160Z          at Yubico.Core.Devices.Hid.HidDeviceListener.Dispose() in /_/Yubico.Core/src/Yubico/Core/Devices/Hid/HidDeviceListener.cs:line 153
2025-10-22T21:58:10.0445760Z          at Yubico.Core.Devices.Hid.UnitTests.MacOSHidDeviceListenerDisposalTests.<>c__DisplayClass5_1.<ConcurrentDispose_IsThreadSafe>b__0() in /Users/runner/work/Yubico.NET.SDK/Yubico.NET.SDK/Yubico.Core/tests/Yubico/Core/Devices/Hid/MacOSHidDeviceListenerDisposalTests.cs:line 168
2025-10-22T21:58:10.0447270Z          at System.Threading.ExecutionContext.RunFromThreadPoolDispatchLoop(Thread threadPoolThread, ExecutionContext executionContext, ContextCallback callback, Object state)
2025-10-22T21:58:10.0448170Z          at System.Threading.Tasks.Task.ExecuteWithThreadLocal(Task& currentTaskSlot, Thread threadPoolThread)
2025-10-22T21:58:10.0448800Z          at System.Threading.ThreadPoolWorkQueue.Dispatch()
2025-10-22T21:58:10.0449270Z          at System.Threading.PortableThreadPool.WorkerThread.WorkerThreadStart()
2025-10-22T21:58:10.0449680Z          at System.Threading.Thread.StartCallback()
2025-10-22T21:58:10.0450410Z info: Yubico.Core.Devices.Hid.MacOSHidDeviceListener[0]
2025-10-22T21:58:10.0450770Z       [TELEMETRY][L001] Already disposed, returning early
2025-10-22T21:58:10.0451990Z info: Yubico.Core.Devices.Hid.MacOSHidDeviceListener[0]
2025-10-22T21:58:10.0453050Z       [TELEMETRY][L001] Already disposed, returning early
2025-10-22T21:58:10.0454430Z info: Yubico.Core.Devices.Hid.MacOSHidDeviceListener[0]
2025-10-22T21:58:10.0455740Z       [TELEMETRY][L001] >>> DISPOSE-ENTRY: disposing=True, thread=12, _isDisposed=True, _shouldStop=True
2025-10-22T21:58:10.0456740Z         CallStack:
2025-10-22T21:58:10.0459140Z          at Yubico.Core.Devices.Hid.MacOSHidDeviceListener.Dispose(Boolean disposing) in /_/Yubico.Core/src/Yubico/Core/Devices/Hid/MacOSHidDeviceListener.cs:line 154
2025-10-22T21:58:10.0461650Z          at Yubico.Core.Devices.Hid.HidDeviceListener.Dispose() in /_/Yubico.Core/src/Yubico/Core/Devices/Hid/HidDeviceListener.cs:line 153
2025-10-22T21:58:10.0465030Z          at Yubico.Core.Devices.Hid.UnitTests.MacOSHidDeviceListenerDisposalTests.<>c__DisplayClass5_1.<ConcurrentDispose_IsThreadSafe>b__0() in /Users/runner/work/Yubico.NET.SDK/Yubico.NET.SDK/Yubico.Core/tests/Yubico/Core/Devices/Hid/MacOSHidDeviceListenerDisposalTests.cs:line 168
2025-10-22T21:58:10.0470010Z          at System.Threading.ExecutionContext.RunFromThreadPoolDispatchLoop(Thread threadPoolThread, ExecutionContext executionContext, ContextCallback callback, Object state)
2025-10-22T21:58:10.0472070Z          at System.Threading.Tasks.Task.ExecuteWithThreadLocal(Task& currentTaskSlot, Thread threadPoolThread)
2025-10-22T21:58:10.0474000Z          at System.Threading.ThreadPoolWorkQueue.Dispatch()
2025-10-22T21:58:10.0475510Z          at System.Threading.PortableThreadPool.WorkerThread.WorkerThreadStart()
2025-10-22T21:58:10.0476770Z          at System.Threading.Thread.StartCallback()
2025-10-22T21:58:10.0477870Z info: Yubico.Core.Devices.Hid.MacOSHidDeviceListener[0]
2025-10-22T21:58:10.0478740Z       [TELEMETRY][L001] Already disposed, returning early
2025-10-22T21:58:10.0480180Z info: Yubico.Core.Devices.Hid.MacOSHidDeviceListener[0]
2025-10-22T21:58:10.0481690Z       [TELEMETRY][L001] >>> DISPOSE-ENTRY: disposing=True, thread=13, _isDisposed=True, _shouldStop=True
2025-10-22T21:58:10.0482880Z         CallStack:
2025-10-22T21:58:10.0485000Z          at Yubico.Core.Devices.Hid.MacOSHidDeviceListener.Dispose(Boolean disposing) in /_/Yubico.Core/src/Yubico/Core/Devices/Hid/MacOSHidDeviceListener.cs:line 154
2025-10-22T21:58:10.0487270Z          at Yubico.Core.Devices.Hid.HidDeviceListener.Dispose() in /_/Yubico.Core/src/Yubico/Core/Devices/Hid/HidDeviceListener.cs:line 153
2025-10-22T21:58:10.0490380Z          at Yubico.Core.Devices.Hid.UnitTests.MacOSHidDeviceListenerDisposalTests.<>c__DisplayClass5_1.<ConcurrentDispose_IsThreadSafe>b__0() in /Users/runner/work/Yubico.NET.SDK/Yubico.NET.SDK/Yubico.Core/tests/Yubico/Core/Devices/Hid/MacOSHidDeviceListenerDisposalTests.cs:line 168
2025-10-22T21:58:10.0494040Z          at System.Threading.ExecutionContext.RunFromThreadPoolDispatchLoop(Thread threadPoolThread, ExecutionContext executionContext, ContextCallback callback, Object state)
2025-10-22T21:58:10.0496320Z          at System.Threading.Tasks.Task.ExecuteWithThreadLocal(Task& currentTaskSlot, Thread threadPoolThread)
2025-10-22T21:58:10.0497690Z          at System.Threading.ThreadPoolWorkQueue.Dispatch()
2025-10-22T21:58:10.0498940Z          at System.Threading.PortableThreadPool.WorkerThread.WorkerThreadStart()
2025-10-22T21:58:10.0500010Z          at System.Threading.Thread.StartCallback()
2025-10-22T21:58:10.0501050Z info: Yubico.Core.Devices.Hid.MacOSHidDeviceListener[0]
2025-10-22T21:58:10.0501810Z       [TELEMETRY][L001] Already disposed, returning early
2025-10-22T21:58:10.0502830Z info: Yubico.Core.Devices.Hid.MacOSHidDeviceListener[0]
2025-10-22T21:58:10.0503980Z       [TELEMETRY][L001] >>> DISPOSE-ENTRY: disposing=True, thread=12, _isDisposed=True, _shouldStop=True
2025-10-22T21:58:10.0504890Z         CallStack:
2025-10-22T21:58:10.0620540Z          at Yubico.Core.Devices.Hid.MacOSHidDeviceListener.Dispose(Boolean disposing) in /_/Yubico.Core/src/Yubico/Core/Devices/Hid/MacOSHidDeviceListener.cs:line 154
2025-10-22T21:58:10.0623170Z          at Yubico.Core.Devices.Hid.HidDeviceListener.Dispose() in /_/Yubico.Core/src/Yubico/Core/Devices/Hid/HidDeviceListener.cs:line 153
2025-10-22T21:58:10.0624930Z          at Yubico.Core.Devices.Hid.UnitTests.MacOSHidDeviceListenerDisposalTests.<>c__DisplayClass5_1.<ConcurrentDispose_IsThreadSafe>b__0() in /Users/runner/work/Yubico.NET.SDK/Yubico.NET.SDK/Yubico.Core/tests/Yubico/Core/Devices/Hid/MacOSHidDeviceListenerDisposalTests.cs:line 168
2025-10-22T21:58:10.0626970Z          at System.Threading.ExecutionContext.RunFromThreadPoolDispatchLoop(Thread threadPoolThread, ExecutionContext executionContext, ContextCallback callback, Object state)
2025-10-22T21:58:10.0627850Z          at System.Threading.Tasks.Task.ExecuteWithThreadLocal(Task& currentTaskSlot, Thread threadPoolThread)
2025-10-22T21:58:10.0628570Z          at System.Threading.ThreadPoolWorkQueue.Dispatch()
2025-10-22T21:58:10.0629390Z          at System.Threading.PortableThreadPool.WorkerThread.WorkerThreadStart()
2025-10-22T21:58:10.0630440Z          at System.Threading.Thread.StartCallback()
2025-10-22T21:58:10.0631680Z info: Yubico.Core.Devices.Hid.MacOSHidDeviceListener[0]
2025-10-22T21:58:10.0632960Z       [TELEMETRY][L001] Already disposed, returning early
2025-10-22T21:58:10.0633950Z info: Yubico.Core.Devices.Hid.MacOSHidDeviceListener[0]
2025-10-22T21:58:10.0635300Z       [TELEMETRY][L001] >>> DISPOSE-ENTRY: disposing=True, thread=13, _isDisposed=True, _shouldStop=True
2025-10-22T21:58:10.0636250Z         CallStack:
2025-10-22T21:58:10.0637880Z          at Yubico.Core.Devices.Hid.MacOSHidDeviceListener.Dispose(Boolean disposing) in /_/Yubico.Core/src/Yubico/Core/Devices/Hid/MacOSHidDeviceListener.cs:line 154
2025-10-22T21:58:10.0640480Z          at Yubico.Core.Devices.Hid.HidDeviceListener.Dispose() in /_/Yubico.Core/src/Yubico/Core/Devices/Hid/HidDeviceListener.cs:line 153
2025-10-22T21:58:10.0643600Z          at Yubico.Core.Devices.Hid.UnitTests.MacOSHidDeviceListenerDisposalTests.<>c__DisplayClass5_1.<ConcurrentDispose_IsThreadSafe>b__0() in /Users/runner/work/Yubico.NET.SDK/Yubico.NET.SDK/Yubico.Core/tests/Yubico/Core/Devices/Hid/MacOSHidDeviceListenerDisposalTests.cs:line 168
2025-10-22T21:58:10.0647050Z          at System.Threading.ExecutionContext.RunFromThreadPoolDispatchLoop(Thread threadPoolThread, ExecutionContext executionContext, ContextCallback callback, Object state)
2025-10-22T21:58:10.0649440Z          at System.Threading.Tasks.Task.ExecuteWithThreadLocal(Task& currentTaskSlot, Thread threadPoolThread)
2025-10-22T21:58:10.0650580Z          at System.Threading.ThreadPoolWorkQueue.Dispatch()
2025-10-22T21:58:10.0651780Z          at System.Threading.PortableThreadPool.WorkerThread.WorkerThreadStart()
2025-10-22T21:58:10.0652740Z          at System.Threading.Thread.StartCallback()
2025-10-22T21:58:10.0653600Z info: Yubico.Core.Devices.Hid.MacOSHidDeviceListener[0]
2025-10-22T21:58:10.0654340Z       [TELEMETRY][L001] Already disposed, returning early
2025-10-22T21:58:10.0655170Z info: Yubico.Core.Devices.Hid.MacOSHidDeviceListener[0]
2025-10-22T21:58:10.0656360Z       [TELEMETRY][L001] >>> DISPOSE-ENTRY: disposing=True, thread=12, _isDisposed=True, _shouldStop=True
2025-10-22T21:58:10.0657280Z         CallStack:
2025-10-22T21:58:10.0660060Z          at Yubico.Core.Devices.Hid.MacOSHidDeviceListener.Dispose(Boolean disposing) in /_/Yubico.Core/src/Yubico/Core/Devices/Hid/MacOSHidDeviceListener.cs:line 154
2025-10-22T21:58:10.0660880Z          at Yubico.Core.Devices.Hid.HidDeviceListener.Dispose() in /_/Yubico.Core/src/Yubico/Core/Devices/Hid/HidDeviceListener.cs:line 153
2025-10-22T21:58:10.0662260Z          at Yubico.Core.Devices.Hid.UnitTests.MacOSHidDeviceListenerDisposalTests.<>c__DisplayClass5_1.<ConcurrentDispose_IsThreadSafe>b__0() in /Users/runner/work/Yubico.NET.SDK/Yubico.NET.SDK/Yubico.Core/tests/Yubico/Core/Devices/Hid/MacOSHidDeviceListenerDisposalTests.cs:line 168
2025-10-22T21:58:10.0663670Z          at System.Threading.ExecutionContext.RunFromThreadPoolDispatchLoop(Thread threadPoolThread, ExecutionContext executionContext, ContextCallback callback, Object state)
2025-10-22T21:58:10.0664540Z          at System.Threading.Tasks.Task.ExecuteWithThreadLocal(Task& currentTaskSlot, Thread threadPoolThread)
2025-10-22T21:58:10.0665070Z          at System.Threading.ThreadPoolWorkQueue.Dispatch()
2025-10-22T21:58:10.0665530Z          at System.Threading.PortableThreadPool.WorkerThread.WorkerThreadStart()
2025-10-22T21:58:10.0666700Z          at System.Threading.Thread.StartCallback()
2025-10-22T21:58:10.0667060Z info: Yubico.Core.Devices.Hid.MacOSHidDeviceListener[0]
2025-10-22T21:58:10.0667480Z       [TELEMETRY][L001] Already disposed, returning early
2025-10-22T21:58:10.0667870Z info: Yubico.Core.Devices.Hid.MacOSHidDeviceListener[0]
2025-10-22T21:58:10.0668360Z       [TELEMETRY][L001] >>> DISPOSE-ENTRY: disposing=True, thread=13, _isDisposed=True, _shouldStop=True
2025-10-22T21:58:10.0669130Z         CallStack:
2025-10-22T21:58:10.0669740Z          at Yubico.Core.Devices.Hid.MacOSHidDeviceListener.Dispose(Boolean disposing) in /_/Yubico.Core/src/Yubico/Core/Devices/Hid/MacOSHidDeviceListener.cs:line 154
2025-10-22T21:58:10.0670540Z          at Yubico.Core.Devices.Hid.HidDeviceListener.Dispose() in /_/Yubico.Core/src/Yubico/Core/Devices/Hid/HidDeviceListener.cs:line 153
2025-10-22T21:58:10.0671690Z          at Yubico.Core.Devices.Hid.UnitTests.MacOSHidDeviceListenerDisposalTests.<>c__DisplayClass5_1.<ConcurrentDispose_IsThreadSafe>b__0() in /Users/runner/work/Yubico.NET.SDK/Yubico.NET.SDK/Yubico.Core/tests/Yubico/Core/Devices/Hid/MacOSHidDeviceListenerDisposalTests.cs:line 168
2025-10-22T21:58:10.0674070Z          at System.Threading.ExecutionContext.RunFromThreadPoolDispatchLoop(Thread threadPoolThread, ExecutionContext executionContext, ContextCallback callback, Object state)
2025-10-22T21:58:10.0676710Z          at System.Threading.Tasks.Task.ExecuteWithThreadLocal(Task& currentTaskSlot, Thread threadPoolThread)
2025-10-22T21:58:10.0677870Z          at System.Threading.ThreadPoolWorkQueue.Dispatch()
2025-10-22T21:58:10.0679010Z          at System.Threading.PortableThreadPool.WorkerThread.WorkerThreadStart()
2025-10-22T21:58:10.0679920Z          at System.Threading.Thread.StartCallback()
2025-10-22T21:58:10.0680770Z info: Yubico.Core.Devices.Hid.MacOSHidDeviceListener[0]
2025-10-22T21:58:10.0681650Z       [TELEMETRY][L001] Already disposed, returning early
2025-10-22T21:58:10.0682510Z [xUnit.net 00:00:00.49]   Finished:    Yubico.Core.UnitTests
2025-10-22T21:58:10.0683920Z   Passed Yubico.Core.Devices.Hid.UnitTests.MacOSHidDeviceListenerDisposalTests.ConcurrentDispose_IsThreadSafe [140 ms]
2025-10-22T21:58:10.0685120Z   Standard Output Messages:
2025-10-22T21:58:10.0686300Z  === TEST START: ConcurrentDispose_IsThreadSafe ===
2025-10-22T21:58:10.0686810Z  [USING-ENTRY] Test=ConcurrentDispose_IsThreadSafe, Thread=13
2025-10-22T21:58:10.0687180Z  [USING-BODY] Test=ConcurrentDispose_IsThreadSafe, Listener=L001, Thread=13
2025-10-22T21:58:10.0687480Z  [TEST] Task 0 calling Dispose() on L001
2025-10-22T21:58:10.0687710Z  [TEST] Task 9 calling Dispose() on L001
2025-10-22T21:58:10.0688000Z  [TEST] Task 9 Dispose() completed on L001
2025-10-22T21:58:10.0688310Z  [TEST] Task 0 Dispose() completed on L001
2025-10-22T21:58:10.0688590Z  [TEST] Task 8 calling Dispose() on L001
2025-10-22T21:58:10.0688820Z  [TEST] Task 1 calling Dispose() on L001
2025-10-22T21:58:10.0689100Z  [TEST] Task 1 Dispose() completed on L001
2025-10-22T21:58:10.0689390Z  [TEST] Task 8 Dispose() completed on L001
2025-10-22T21:58:10.0689740Z  [TEST] Task 2 calling Dispose() on L001
2025-10-22T21:58:10.0690020Z  [TEST] Task 7 calling Dispose() on L001
2025-10-22T21:58:10.0690300Z  [TEST] Task 2 Dispose() completed on L001
2025-10-22T21:58:10.0690590Z  [TEST] Task 3 calling Dispose() on L001
2025-10-22T21:58:10.0690880Z  [TEST] Task 7 Dispose() completed on L001
2025-10-22T21:58:10.0691100Z  [TEST] Task 6 calling Dispose() on L001
2025-10-22T21:58:10.0691320Z  [TEST] Task 3 Dispose() completed on L001
2025-10-22T21:58:10.0691540Z  [TEST] Task 4 calling Dispose() on L001
2025-10-22T21:58:10.0691740Z  [TEST] Task 6 Dispose() completed on L001
2025-10-22T21:58:10.0691950Z  [TEST] Task 5 calling Dispose() on L001
2025-10-22T21:58:10.0692150Z  [TEST] Task 4 Dispose() completed on L001
2025-10-22T21:58:10.0692410Z  [TEST] Task 5 Dispose() completed on L001
2025-10-22T21:58:10.0692790Z  [USING-EXIT] Test=ConcurrentDispose_IsThreadSafe, Listener=L001, Thread=21
2025-10-22T21:58:10.0693760Z 
2025-10-22T21:58:10.0693770Z 
2025-10-22T21:58:10.0693770Z 
2025-10-22T21:58:10.0693880Z Test Run Successful.
2025-10-22T21:58:10.0694150Z Total tests: 1
2025-10-22T21:58:10.0694290Z      Passed: 1
2025-10-22T21:58:10.0694530Z  Total time: 1.3935 Seconds
2025-10-22T21:58:10.0787880Z ##[group]Run actions/upload-artifact@v4
2025-10-22T21:58:10.0788120Z with:
2025-10-22T21:58:10.0788570Z   name: Logs-Test04-ConcurrentDispose_IsThreadSafe
2025-10-22T21:58:10.0788790Z   path: **/TestResults/*
2025-10-22T21:58:10.0788950Z   if-no-files-found: warn
2025-10-22T21:58:10.0789110Z   compression-level: 6
2025-10-22T21:58:10.0789270Z   overwrite: false
2025-10-22T21:58:10.0789420Z   include-hidden-files: false
2025-10-22T21:58:10.0789580Z env:
2025-10-22T21:58:10.0789710Z   DOTNET_ROOT: /Users/runner/.dotnet
2025-10-22T21:58:10.0789890Z ##[endgroup]
2025-10-22T21:58:10.6591710Z ##[warning]No files were found with the provided path: **/TestResults/*. No artifacts will be uploaded.
2025-10-22T21:58:10.6683270Z Post job cleanup.
2025-10-22T21:58:10.8580240Z Post job cleanup.
2025-10-22T21:58:10.9976630Z [command]/opt/homebrew/bin/git version
2025-10-22T21:58:11.0230690Z git version 2.50.1
2025-10-22T21:58:11.0271980Z Copying '/Users/runner/.gitconfig' to '/Users/runner/work/_temp/3b4b7df4-71ab-417e-a15c-60a2da6fcf7c/.gitconfig'
2025-10-22T21:58:11.0285390Z Temporarily overriding HOME='/Users/runner/work/_temp/3b4b7df4-71ab-417e-a15c-60a2da6fcf7c' before making global git config changes
2025-10-22T21:58:11.0286360Z Adding repository directory to the temporary git global config as a safe directory
2025-10-22T21:58:11.0289400Z [command]/opt/homebrew/bin/git config --global --add safe.directory /Users/runner/work/Yubico.NET.SDK/Yubico.NET.SDK
2025-10-22T21:58:11.0426100Z [command]/opt/homebrew/bin/git config --local --name-only --get-regexp core\.sshCommand
2025-10-22T21:58:11.0537100Z [command]/opt/homebrew/bin/git submodule foreach --recursive sh -c "git config --local --name-only --get-regexp 'core\.sshCommand' && git config --local --unset-all 'core.sshCommand' || :"
2025-10-22T21:58:11.1819890Z [command]/opt/homebrew/bin/git config --local --name-only --get-regexp http\.https\:\/\/github\.com\/\.extraheader
2025-10-22T21:58:11.1905870Z http.https://github.com/.extraheader
2025-10-22T21:58:11.1953890Z [command]/opt/homebrew/bin/git config --local --unset-all http.https://github.com/.extraheader
2025-10-22T21:58:11.2037930Z [command]/opt/homebrew/bin/git submodule foreach --recursive sh -c "git config --local --name-only --get-regexp 'http\.https\:\/\/github\.com\/\.extraheader' && git config --local --unset-all 'http.https://github.com/.extraheader' || :"
2025-10-22T21:58:11.3677900Z Cleaning up orphan processes
2025-10-22T21:58:11.7877110Z Terminate orphan process: pid (13232) (dotnet)
