2025-10-22T21:41:46.6359350Z Current runner version: '2.329.0'
2025-10-22T21:41:46.6372620Z ##[group]Runner Image Provisioner
2025-10-22T21:41:46.6373080Z Hosted Compute Agent
2025-10-22T21:41:46.6373400Z Version: 20251016.436
2025-10-22T21:41:46.6373770Z Commit: 8ab8ac8bfd662a3739dab9fe09456aba92132568
2025-10-22T21:41:46.6374190Z Build Date: 2025-10-15T20:44:12Z
2025-10-22T21:41:46.6374550Z ##[endgroup]
2025-10-22T21:41:46.6374870Z ##[group]Operating System
2025-10-22T21:41:46.6375210Z macOS
2025-10-22T21:41:46.6375500Z 15.6.1
2025-10-22T21:41:46.6375780Z 24G90
2025-10-22T21:41:46.6376050Z ##[endgroup]
2025-10-22T21:41:46.6376340Z ##[group]Runner Image
2025-10-22T21:41:46.6376640Z Image: macos-15-arm64
2025-10-22T21:41:46.6376950Z Version: 20251015.0042
2025-10-22T21:41:46.6377610Z Included Software: https://github.com/actions/runner-images/blob/macos-15-arm64/20251015.0042/images/macos/macos-15-arm64-Readme.md
2025-10-22T21:41:46.6378600Z Image Release: https://github.com/actions/runner-images/releases/tag/macos-15-arm64%2F20251015.0042
2025-10-22T21:41:46.6379220Z ##[endgroup]
2025-10-22T21:41:46.6379890Z ##[group]GITHUB_TOKEN Permissions
2025-10-22T21:41:46.6380800Z Contents: read
2025-10-22T21:41:46.6381100Z Metadata: read
2025-10-22T21:41:46.6381400Z Packages: read
2025-10-22T21:41:46.6381700Z ##[endgroup]
2025-10-22T21:41:46.6382930Z Secret source: Actions
2025-10-22T21:41:46.6383310Z Prepare workflow directory
2025-10-22T21:41:46.6593960Z Prepare all required actions
2025-10-22T21:41:46.6620680Z Getting action download info
2025-10-22T21:41:47.1951230Z Download action repository 'actions/checkout@v4' (SHA:08eba0b27e820071cde6df949e0beb9ba4906955)
2025-10-22T21:41:47.3590070Z Download action repository 'actions/setup-dotnet@v4' (SHA:67a3573c9a986a3f9c594539f4ab511d57bb3ce9)
2025-10-22T21:41:48.0496220Z Download action repository 'actions/upload-artifact@v4' (SHA:ea165f8d65b6e75b540449e92b4886f43607fa02)
2025-10-22T21:41:48.2024670Z Complete job name: Test 2 - Dispose_CalledMultipleTimes_IsIdempotent
2025-10-22T21:41:48.2481030Z ##[group]Run actions/checkout@v4
2025-10-22T21:41:48.2481840Z with:
2025-10-22T21:41:48.2482310Z   repository: Yubico/Yubico.NET.SDK
2025-10-22T21:41:48.2483190Z   token: ***
2025-10-22T21:41:48.2483640Z   ssh-strict: true
2025-10-22T21:41:48.2484110Z   ssh-user: git
2025-10-22T21:41:48.2484580Z   persist-credentials: true
2025-10-22T21:41:48.2485110Z   clean: true
2025-10-22T21:41:48.2485600Z   sparse-checkout-cone-mode: true
2025-10-22T21:41:48.2486190Z   fetch-depth: 1
2025-10-22T21:41:48.2486660Z   fetch-tags: false
2025-10-22T21:41:48.2487160Z   show-progress: true
2025-10-22T21:41:48.2487660Z   lfs: false
2025-10-22T21:41:48.2488120Z   submodules: false
2025-10-22T21:41:48.2488630Z   set-safe-directory: true
2025-10-22T21:41:48.2489290Z ##[endgroup]
2025-10-22T21:41:48.5596180Z Syncing repository: Yubico/Yubico.NET.SDK
2025-10-22T21:41:48.5598010Z ##[group]Getting Git version info
2025-10-22T21:41:48.5598950Z Working directory is '/Users/runner/work/Yubico.NET.SDK/Yubico.NET.SDK'
2025-10-22T21:41:48.5600230Z [command]/opt/homebrew/bin/git version
2025-10-22T21:41:48.6197300Z git version 2.50.1
2025-10-22T21:41:48.6229070Z ##[endgroup]
2025-10-22T21:41:48.6236010Z Copying '/Users/runner/.gitconfig' to '/Users/runner/work/_temp/fba204c4-fb5c-4ac0-b269-0fda964009d2/.gitconfig'
2025-10-22T21:41:48.6246000Z Temporarily overriding HOME='/Users/runner/work/_temp/fba204c4-fb5c-4ac0-b269-0fda964009d2' before making global git config changes
2025-10-22T21:41:48.6247840Z Adding repository directory to the temporary git global config as a safe directory
2025-10-22T21:41:48.6250340Z [command]/opt/homebrew/bin/git config --global --add safe.directory /Users/runner/work/Yubico.NET.SDK/Yubico.NET.SDK
2025-10-22T21:41:48.6351830Z Deleting the contents of '/Users/runner/work/Yubico.NET.SDK/Yubico.NET.SDK'
2025-10-22T21:41:48.6354700Z ##[group]Initializing the repository
2025-10-22T21:41:48.6359100Z [command]/opt/homebrew/bin/git init /Users/runner/work/Yubico.NET.SDK/Yubico.NET.SDK
2025-10-22T21:41:48.6557160Z hint: Using 'master' as the name for the initial branch. This default branch name
2025-10-22T21:41:48.6559990Z hint: is subject to change. To configure the initial branch name to use in all
2025-10-22T21:41:48.6561360Z hint: of your new repositories, which will suppress this warning, call:
2025-10-22T21:41:48.6562310Z hint:
2025-10-22T21:41:48.6563020Z hint: 	git config --global init.defaultBranch <name>
2025-10-22T21:41:48.6563830Z hint:
2025-10-22T21:41:48.6564580Z hint: Names commonly chosen instead of 'master' are 'main', 'trunk' and
2025-10-22T21:41:48.6565770Z hint: 'development'. The just-created branch can be renamed via this command:
2025-10-22T21:41:48.6566730Z hint:
2025-10-22T21:41:48.6567300Z hint: 	git branch -m <name>
2025-10-22T21:41:48.6567920Z hint:
2025-10-22T21:41:48.6568740Z hint: Disable this message with "git config set advice.defaultBranchName false"
2025-10-22T21:41:48.6570140Z Initialized empty Git repository in /Users/runner/work/Yubico.NET.SDK/Yubico.NET.SDK/.git/
2025-10-22T21:41:48.6572730Z [command]/opt/homebrew/bin/git remote add origin https://github.com/Yubico/Yubico.NET.SDK
2025-10-22T21:41:48.6640350Z ##[endgroup]
2025-10-22T21:41:48.6641390Z ##[group]Disabling automatic garbage collection
2025-10-22T21:41:48.6642790Z [command]/opt/homebrew/bin/git config --local gc.auto 0
2025-10-22T21:41:48.6696300Z ##[endgroup]
2025-10-22T21:41:48.6697240Z ##[group]Setting up auth
2025-10-22T21:41:48.6700450Z [command]/opt/homebrew/bin/git config --local --name-only --get-regexp core\.sshCommand
2025-10-22T21:41:48.6753770Z [command]/opt/homebrew/bin/git submodule foreach --recursive sh -c "git config --local --name-only --get-regexp 'core\.sshCommand' && git config --local --unset-all 'core.sshCommand' || :"
2025-10-22T21:41:48.7549710Z [command]/opt/homebrew/bin/git config --local --name-only --get-regexp http\.https\:\/\/github\.com\/\.extraheader
2025-10-22T21:41:48.7611660Z [command]/opt/homebrew/bin/git submodule foreach --recursive sh -c "git config --local --name-only --get-regexp 'http\.https\:\/\/github\.com\/\.extraheader' && git config --local --unset-all 'http.https://github.com/.extraheader' || :"
2025-10-22T21:41:48.8356970Z [command]/opt/homebrew/bin/git config --local http.https://github.com/.extraheader AUTHORIZATION: basic ***
2025-10-22T21:41:48.8422480Z ##[endgroup]
2025-10-22T21:41:48.8423530Z ##[group]Fetching the repository
2025-10-22T21:41:48.8428390Z [command]/opt/homebrew/bin/git -c protocol.version=2 fetch --no-tags --prune --no-recurse-submodules --depth=1 origin +61edcc0f6126c293f1d4612607aa535e18b7d3f1:refs/remotes/origin/experiment/isolate-disposal-hang
2025-10-22T21:41:49.9017980Z From https://github.com/Yubico/Yubico.NET.SDK
2025-10-22T21:41:49.9018970Z  * [new ref]         61edcc0f6126c293f1d4612607aa535e18b7d3f1 -> origin/experiment/isolate-disposal-hang
2025-10-22T21:41:49.9075830Z ##[endgroup]
2025-10-22T21:41:49.9076380Z ##[group]Determining the checkout info
2025-10-22T21:41:49.9076880Z ##[endgroup]
2025-10-22T21:41:49.9080890Z [command]/opt/homebrew/bin/git sparse-checkout disable
2025-10-22T21:41:49.9144880Z [command]/opt/homebrew/bin/git config --local --unset-all extensions.worktreeConfig
2025-10-22T21:41:49.9200230Z ##[group]Checking out the ref
2025-10-22T21:41:49.9202720Z [command]/opt/homebrew/bin/git checkout --progress --force -B experiment/isolate-disposal-hang refs/remotes/origin/experiment/isolate-disposal-hang
2025-10-22T21:41:50.1177600Z Switched to a new branch 'experiment/isolate-disposal-hang'
2025-10-22T21:41:50.1278670Z branch 'experiment/isolate-disposal-hang' set up to track 'origin/experiment/isolate-disposal-hang'.
2025-10-22T21:41:50.1582230Z ##[endgroup]
2025-10-22T21:41:50.1884500Z [command]/opt/homebrew/bin/git log -1 --format=%H
2025-10-22T21:41:50.1984970Z 61edcc0f6126c293f1d4612607aa535e18b7d3f1
2025-10-22T21:41:50.2574450Z ##[group]Run actions/setup-dotnet@v4
2025-10-22T21:41:50.2574760Z with:
2025-10-22T21:41:50.2575010Z   global-json-file: ./global.json
2025-10-22T21:41:50.2575270Z   cache: false
2025-10-22T21:41:50.2575470Z ##[endgroup]
2025-10-22T21:41:50.4745110Z [command]/Users/runner/work/_actions/actions/setup-dotnet/v4/externals/install-dotnet.sh --skip-non-versioned-files --runtime dotnet --channel LTS
2025-10-22T21:41:50.9377940Z dotnet-install: .NET Core Runtime with version '8.0.21' is already installed.
2025-10-22T21:41:50.9397710Z [command]/Users/runner/work/_actions/actions/setup-dotnet/v4/externals/install-dotnet.sh --skip-non-versioned-files --channel 9.0
2025-10-22T21:41:51.1995680Z dotnet-install: .NET Core SDK with version '9.0.306' is already installed.
2025-10-22T21:41:51.2086460Z ##[group]Run dotnet nuget add source --username DennisDyallo --password *** --store-password-in-clear-text --name github "https://nuget.pkg.github.com/Yubico/index.json"
2025-10-22T21:41:51.2087490Z [36;1mdotnet nuget add source --username DennisDyallo --password *** --store-password-in-clear-text --name github "https://nuget.pkg.github.com/Yubico/index.json"[0m
2025-10-22T21:41:51.2126190Z shell: /bin/bash -e {0}
2025-10-22T21:41:51.2126390Z env:
2025-10-22T21:41:51.2126570Z   DOTNET_ROOT: /Users/runner/.dotnet
2025-10-22T21:41:51.2126760Z ##[endgroup]
2025-10-22T21:41:51.7495840Z 
2025-10-22T21:41:51.7532730Z Welcome to .NET 9.0!
2025-10-22T21:41:51.7532980Z ---------------------
2025-10-22T21:41:51.7533190Z SDK Version: 9.0.306
2025-10-22T21:41:51.7533450Z 
2025-10-22T21:41:51.7533520Z Telemetry
2025-10-22T21:41:51.7533690Z ---------
2025-10-22T21:41:51.7534670Z The .NET tools collect usage data in order to help us improve your experience. It is collected by Microsoft and shared with the community. You can opt-out of telemetry by setting the DOTNET_CLI_TELEMETRY_OPTOUT environment variable to '1' or 'true' using your favorite shell.
2025-10-22T21:41:51.7535390Z 
2025-10-22T21:41:51.7535670Z Read more about .NET CLI Tools telemetry: https://aka.ms/dotnet-cli-telemetry
2025-10-22T21:41:52.2107640Z 
2025-10-22T21:41:52.2107990Z ----------------
2025-10-22T21:41:52.2108380Z Installed an ASP.NET Core HTTPS development certificate.
2025-10-22T21:41:52.2108840Z To trust the certificate, run 'dotnet dev-certs https --trust'
2025-10-22T21:41:52.2109220Z Learn about HTTPS: https://aka.ms/dotnet-https
2025-10-22T21:41:52.2109410Z 
2025-10-22T21:41:52.2109470Z ----------------
2025-10-22T21:41:52.2109710Z Write your first app: https://aka.ms/dotnet-hello-world
2025-10-22T21:41:52.2110050Z Find out what's new: https://aka.ms/dotnet-whats-new
2025-10-22T21:41:52.2110360Z Explore documentation: https://aka.ms/dotnet-docs
2025-10-22T21:41:52.2110780Z Report issues and find source on GitHub: https://github.com/dotnet/core
2025-10-22T21:41:52.2111250Z Use 'dotnet --help' to see available commands or visit: https://aka.ms/dotnet-cli
2025-10-22T21:41:52.2111730Z --------------------------------------------------------------------------------------
2025-10-22T21:41:52.4604120Z Package source with Name: github added successfully.
2025-10-22T21:41:52.6173900Z ##[group]Run brew install openssl
2025-10-22T21:41:52.6174300Z [36;1mbrew install openssl[0m
2025-10-22T21:41:52.6174530Z [36;1msudo mkdir -p /usr/local/lib[0m
2025-10-22T21:41:52.6174910Z [36;1msudo ln -s $(brew --prefix)/opt/openssl@3/lib/libcrypto.3.dylib /usr/local/lib/libcrypto.3.dylib[0m
2025-10-22T21:41:52.6175450Z [36;1msudo ln -s $(brew --prefix)/opt/openssl@3/lib/libssl.3.dylib /usr/local/lib/libssl.3.dylib[0m
2025-10-22T21:41:52.6217520Z shell: /bin/bash -e {0}
2025-10-22T21:41:52.6217720Z env:
2025-10-22T21:41:52.6217920Z   DOTNET_ROOT: /Users/runner/.dotnet
2025-10-22T21:41:52.6218120Z ##[endgroup]
2025-10-22T21:41:56.2639490Z ##[warning]openssl@3 3.6.0 is already installed and up-to-date.
To reinstall 3.6.0, run:
  brew reinstall openssl@3

2025-10-22T21:41:56.3984610Z ##[group]Run dotnet test Yubico.Core/tests/Yubico.Core.UnitTests.csproj --filter "FullyQualifiedName~MacOSHidDeviceListenerDisposalTests.Dispose_CalledMultipleTimes_IsIdempotent" --logger "console;verbosity=detailed"
2025-10-22T21:41:56.3986730Z [36;1mdotnet test Yubico.Core/tests/Yubico.Core.UnitTests.csproj --filter "FullyQualifiedName~MacOSHidDeviceListenerDisposalTests.Dispose_CalledMultipleTimes_IsIdempotent" --logger "console;verbosity=detailed"[0m
2025-10-22T21:41:56.4028640Z shell: /bin/bash -e {0}
2025-10-22T21:41:56.4028810Z env:
2025-10-22T21:41:56.4028960Z   DOTNET_ROOT: /Users/runner/.dotnet
2025-10-22T21:41:56.4029230Z   Logging__LogLevel__Default: Information
2025-10-22T21:41:56.4029440Z   Logging__LogLevel__Yubico: Information
2025-10-22T21:41:56.4029630Z ##[endgroup]
2025-10-22T21:41:57.2409500Z   Determining projects to restore...
2025-10-22T21:42:00.0529210Z   Restored /Users/runner/work/Yubico.NET.SDK/Yubico.NET.SDK/Yubico.Core/tests/Yubico.Core.UnitTests.csproj (in 2.37 sec).
2025-10-22T21:42:00.7015690Z   Restored /Users/runner/work/Yubico.NET.SDK/Yubico.NET.SDK/Yubico.Core/src/Yubico.Core.csproj (in 3 sec).
2025-10-22T21:42:05.6877020Z   Yubico.Core -> /Users/runner/work/Yubico.NET.SDK/Yubico.NET.SDK/Yubico.Core/src/bin/Debug/netstandard2.1/Yubico.Core.dll
2025-10-22T21:42:08.1758530Z   Yubico.Core.UnitTests -> /Users/runner/work/Yubico.NET.SDK/Yubico.NET.SDK/Yubico.Core/tests/bin/Debug/net8.0/Yubico.Core.UnitTests.dll
2025-10-22T21:42:08.2200870Z Test run for /Users/runner/work/Yubico.NET.SDK/Yubico.NET.SDK/Yubico.Core/tests/bin/Debug/net8.0/Yubico.Core.UnitTests.dll (.NETCoreApp,Version=v8.0)
2025-10-22T21:42:08.5425310Z VSTest version 17.14.1 (arm64)
2025-10-22T21:42:08.5458920Z 
2025-10-22T21:42:08.6577760Z Starting test execution, please wait...
2025-10-22T21:42:08.6929740Z A total of 1 test files matched the specified pattern.
2025-10-22T21:42:08.6976630Z /Users/runner/work/Yubico.NET.SDK/Yubico.NET.SDK/Yubico.Core/tests/bin/Debug/net8.0/Yubico.Core.UnitTests.dll
2025-10-22T21:42:09.4684610Z [xUnit.net 00:00:00.00] xUnit.net VSTest Adapter v3.1.5+1b188a7b0a (64-bit .NET 8.0.21)
2025-10-22T21:42:09.5377090Z [xUnit.net 00:00:00.08]   Discovering: Yubico.Core.UnitTests
2025-10-22T21:42:09.6629860Z [xUnit.net 00:00:00.21]   Discovered:  Yubico.Core.UnitTests
2025-10-22T21:42:09.6918850Z [xUnit.net 00:00:00.23]   Starting:    Yubico.Core.UnitTests
2025-10-22T21:42:09.8160780Z info: Yubico.Core.Devices.Hid.MacOSHidDeviceListener[0]
2025-10-22T21:42:09.8264460Z       [TELEMETRY][L001] MacOSHidDeviceListener constructor called on thread 12
2025-10-22T21:42:09.8340710Z info: Yubico.Core.Devices.Hid.MacOSHidDeviceListener[0]
2025-10-22T21:42:09.8379300Z       [TELEMETRY][L001] StartListening() called, creating background thread
2025-10-22T21:42:09.8461990Z info: Yubico.Core.Devices.Hid.MacOSHidDeviceListener[0]
2025-10-22T21:42:09.8563770Z       => MacOSHidDeviceListener.StartListening()
2025-10-22T21:42:09.8666150Z       HID listener thread started. ThreadID is 18.
2025-10-22T21:42:09.8768380Z info: Yubico.Core.Devices.Hid.MacOSHidDeviceListener[0]
2025-10-22T21:42:09.8870280Z       [TELEMETRY][L001] Background thread started
2025-10-22T21:42:09.8959680Z info: Yubico.Core.Devices.Hid.MacOSHidDeviceListener[0]
2025-10-22T21:42:09.9016640Z       [TELEMETRY][L001] MacOSHidDeviceListener constructor complete
2025-10-22T21:42:09.9049040Z info: Yubico.Core.Devices.Hid.MacOSHidDeviceListener[0]
2025-10-22T21:42:09.9086340Z       => MacOSHidDeviceListener.StartListening()
2025-10-22T21:42:09.9134030Z       IOHIDManager 5794570928 is scheduled with run loop 5526180320 with mode kCFRunLoopDefaultMode
2025-10-22T21:42:09.9221530Z info: Yubico.Core.Devices.Hid.MacOSHidDeviceListener[0]
2025-10-22T21:42:09.9299650Z       => MacOSHidDeviceListener.StartListening()
2025-10-22T21:42:09.9365960Z       Flushed existing devices.
2025-10-22T21:42:09.9465980Z info: Yubico.Core.Devices.Hid.MacOSHidDeviceListener[0]
2025-10-22T21:42:09.9546120Z       => MacOSHidDeviceListener.StartListening()
2025-10-22T21:42:09.9571750Z       [TELEMETRY][L001] Entering run loop. _shouldStop=False
2025-10-22T21:42:09.9579150Z info: Yubico.Core.Devices.Hid.MacOSHidDeviceListener[0]
2025-10-22T21:42:09.9612520Z       => MacOSHidDeviceListener.StartListening()
2025-10-22T21:42:09.9665500Z       [TELEMETRY][L001] Loop iter 1: _shouldStop=False, prevResult=4, calling CFRunLoopRunInMode...
2025-10-22T21:42:09.9775160Z info: Yubico.Core.Devices.Hid.MacOSHidDeviceListener[0]
2025-10-22T21:42:09.9876900Z       [TELEMETRY][L001] >>> DISPOSE-ENTRY: disposing=True, thread=12, _isDisposed=False, _shouldStop=False
2025-10-22T21:42:09.9978160Z         CallStack:
2025-10-22T21:42:10.0080770Z          at Yubico.Core.Devices.Hid.MacOSHidDeviceListener.Dispose(Boolean disposing) in /_/Yubico.Core/src/Yubico/Core/Devices/Hid/MacOSHidDeviceListener.cs:line 154
2025-10-22T21:42:10.0121710Z          at Yubico.Core.Devices.Hid.HidDeviceListener.Dispose() in /_/Yubico.Core/src/Yubico/Core/Devices/Hid/HidDeviceListener.cs:line 153
2025-10-22T21:42:10.0189330Z          at Yubico.Core.Devices.Hid.UnitTests.MacOSHidDeviceListenerDisposalTests.Dispose_CalledMultipleTimes_IsIdempotent() in /Users/runner/work/Yubico.NET.SDK/Yubico.NET.SDK/Yubico.Core/tests/Yubico/Core/Devices/Hid/MacOSHidDeviceListenerDisposalTests.cs:line 83
2025-10-22T21:42:10.0227390Z          at System.RuntimeMethodHandle.InvokeMethod(Object target, Void** arguments, Signature sig, Boolean isConstructor)
2025-10-22T21:42:10.0256000Z          at System.Reflection.MethodBaseInvoker.InvokeWithNoArgs(Object obj, BindingFlags invokeAttr)
2025-10-22T21:42:10.0273070Z          at Xunit.Sdk.TestInvoker`1.CallTestMethod(Object testClassInstance) in /_/src/xunit.execution/Sdk/Frameworks/Runners/TestInvoker.cs:line 149
2025-10-22T21:42:10.0274600Z          at Xunit.Sdk.TestInvoker`1.<>c__DisplayClass47_0.<<InvokeTestMethodAsync>b__1>d.MoveNext() in /_/src/xunit.execution/Sdk/Frameworks/Runners/TestInvoker.cs:line 256
2025-10-22T21:42:10.0276020Z          at System.Runtime.CompilerServices.AsyncMethodBuilderCore.Start[TStateMachine](TStateMachine& stateMachine)
2025-10-22T21:42:10.0277400Z          at Xunit.Sdk.TestInvoker`1.<>c__DisplayClass47_0.<InvokeTestMethodAsync>b__1()
2025-10-22T21:42:10.0279640Z          at Xunit.Sdk.ExecutionTimer.AggregateAsync(Func`1 asyncAction) in /_/src/xunit.execution/Sdk/Frameworks/ExecutionTimer.cs:line 48
2025-10-22T21:42:10.0284750Z          at System.Runtime.CompilerServices.AsyncMethodBuilderCore.Start[TStateMachine](TStateMachine& stateMachine)
2025-10-22T21:42:10.0287080Z          at Xunit.Sdk.ExecutionTimer.AggregateAsync(Func`1 asyncAction)
2025-10-22T21:42:10.0289570Z          at Xunit.Sdk.TestInvoker`1.<>c__DisplayClass47_0.<InvokeTestMethodAsync>b__0() in /_/src/xunit.execution/Sdk/Frameworks/Runners/TestInvoker.cs:line 215
2025-10-22T21:42:10.0292490Z          at Xunit.Sdk.ExceptionAggregator.RunAsync(Func`1 code) in /_/src/xunit.core/Sdk/ExceptionAggregator.cs:line 90
2025-10-22T21:42:10.0293580Z          at System.Runtime.CompilerServices.AsyncMethodBuilderCore.Start[TStateMachine](TStateMachine& stateMachine)
2025-10-22T21:42:10.0294590Z          at Xunit.Sdk.ExceptionAggregator.RunAsync(Func`1 code)
2025-10-22T21:42:10.0295920Z          at Xunit.Sdk.TestInvoker`1.InvokeTestMethodAsync(Object testClassInstance) in /_/src/xunit.execution/Sdk/Frameworks/Runners/TestInvoker.cs:line 214
2025-10-22T21:42:10.0298700Z          at System.Runtime.CompilerServices.AsyncMethodBuilderCore.Start[TStateMachine](TStateMachine& stateMachine)
2025-10-22T21:42:10.0300860Z          at Xunit.Sdk.TestInvoker`1.InvokeTestMethodAsync(Object testClassInstance)
2025-10-22T21:42:10.0301880Z          at Xunit.Sdk.XunitTestInvoker.InvokeTestMethodAsync(Object testClassInstance) in /_/src/xunit.execution/Sdk/Frameworks/Runners/XunitTestInvoker.cs:line 112
2025-10-22T21:42:10.0305960Z          at Xunit.Sdk.TestInvoker`1.<RunAsync>b__46_0() in /_/src/xunit.execution/Sdk/Frameworks/Runners/TestInvoker.cs:line 180
2025-10-22T21:42:10.0307770Z          at System.Runtime.CompilerServices.AsyncMethodBuilderCore.Start[TStateMachine](TStateMachine& stateMachine)
2025-10-22T21:42:10.0308760Z          at Xunit.Sdk.TestInvoker`1.<RunAsync>b__46_0()
2025-10-22T21:42:10.0309650Z          at Xunit.Sdk.ExceptionAggregator.RunAsync[T](Func`1 code) in /_/src/xunit.core/Sdk/ExceptionAggregator.cs:line 107
2025-10-22T21:42:10.0310930Z          at System.Runtime.CompilerServices.AsyncMethodBuilderCore.Start[TStateMachine](TStateMachine& stateMachine)
2025-10-22T21:42:10.0317500Z          at Xunit.Sdk.ExceptionAggregator.RunAsync[T](Func`1 code)
2025-10-22T21:42:10.0350240Z          at Xunit.Sdk.TestInvoker`1.RunAsync() in /_/src/xunit.execution/Sdk/Frameworks/Runners/TestInvoker.cs:line 163
2025-10-22T21:42:10.0374630Z          at Xunit.Sdk.XunitTestRunner.InvokeTestMethodAsync(ExceptionAggregator aggregator) in /_/src/xunit.execution/Sdk/Frameworks/Runners/XunitTestRunner.cs:line 88
2025-10-22T21:42:10.0396040Z          at Xunit.Sdk.XunitTestRunner.InvokeTestAsync(ExceptionAggregator aggregator) in /_/src/xunit.execution/Sdk/Frameworks/Runners/XunitTestRunner.cs:line 70
2025-10-22T21:42:10.0397450Z          at System.Runtime.CompilerServices.AsyncMethodBuilderCore.Start[TStateMachine](TStateMachine& stateMachine)
2025-10-22T21:42:10.0398480Z          at Xunit.Sdk.XunitTestRunner.InvokeTestAsync(ExceptionAggregator aggregator)
2025-10-22T21:42:10.0402310Z          at Xunit.Sdk.TestRunner`1.<>c__DisplayClass43_0.<RunAsync>b__0() in /_/src/xunit.execution/Sdk/Frameworks/Runners/TestRunner.cs:line 149
2025-10-22T21:42:10.0408520Z          at Xunit.Sdk.ExceptionAggregator.RunAsync[T](Func`1 code) in /_/src/xunit.core/Sdk/ExceptionAggregator.cs:line 107
2025-10-22T21:42:10.0431780Z          at System.Runtime.CompilerServices.AsyncMethodBuilderCore.Start[TStateMachine](TStateMachine& stateMachine)
2025-10-22T21:42:10.0432440Z          at Xunit.Sdk.ExceptionAggregator.RunAsync[T](Func`1 code)
2025-10-22T21:42:10.0433370Z          at Xunit.Sdk.TestRunner`1.RunAsync() in /_/src/xunit.execution/Sdk/Frameworks/Runners/TestRunner.cs:line 149
2025-10-22T21:42:10.0434530Z          at System.Runtime.CompilerServices.AsyncMethodBuilderCore.Start[TStateMachine](TStateMachine& stateMachine)
2025-10-22T21:42:10.0435310Z          at Xunit.Sdk.TestRunner`1.RunAsync()
2025-10-22T21:42:10.0436240Z          at Xunit.Sdk.XunitTestCaseRunner.RunTestAsync() in /_/src/xunit.execution/Sdk/Frameworks/Runners/XunitTestCaseRunner.cs:line 140
2025-10-22T21:42:10.0437170Z          at Xunit.Sdk.TestCaseRunner`1.RunAsync() in /_/src/xunit.execution/Sdk/Frameworks/Runners/TestCaseRunner.cs:line 82
2025-10-22T21:42:10.0437990Z          at System.Runtime.CompilerServices.AsyncMethodBuilderCore.Start[TStateMachine](TStateMachine& stateMachine)
2025-10-22T21:42:10.0438680Z          at Xunit.Sdk.TestCaseRunner`1.RunAsync()
2025-10-22T21:42:10.0440870Z          at Xunit.Sdk.XunitTestCase.RunAsync(IMessageSink diagnosticMessageSink, IMessageBus messageBus, Object[] constructorArguments, ExceptionAggregator aggregator, CancellationTokenSource cancellationTokenSource) in /_/src/xunit.execution/Sdk/Frameworks/XunitTestCase.cs:line 170
2025-10-22T21:42:10.0442610Z          at Xunit.Sdk.SkippableFactTestCase.<>n__0(IMessageSink diagnosticMessageSink, IMessageBus messageBus, Object[] constructorArguments, ExceptionAggregator aggregator, CancellationTokenSource cancellationTokenSource)
2025-10-22T21:42:10.0444210Z          at Xunit.Sdk.SkippableFactTestCase.RunAsync(IMessageSink diagnosticMessageSink, IMessageBus messageBus, Object[] constructorArguments, ExceptionAggregator aggregator, CancellationTokenSource cancellationTokenSource)
2025-10-22T21:42:10.0445690Z          at System.Runtime.CompilerServices.AsyncMethodBuilderCore.Start[TStateMachine](TStateMachine& stateMachine)
2025-10-22T21:42:10.0447050Z          at Xunit.Sdk.SkippableFactTestCase.RunAsync(IMessageSink diagnosticMessageSink, IMessageBus messageBus, Object[] constructorArguments, ExceptionAggregator aggregator, CancellationTokenSource cancellationTokenSource)
2025-10-22T21:42:10.0449150Z          at Xunit.Sdk.XunitTestMethodRunner.RunTestCaseAsync(IXunitTestCase testCase) in /_/src/xunit.execution/Sdk/Frameworks/Runners/XunitTestMethodRunner.cs:line 45
2025-10-22T21:42:10.0464710Z          at Xunit.Sdk.TestMethodRunner`1.RunTestCasesAsync() in /_/src/xunit.execution/Sdk/Frameworks/Runners/TestMethodRunner.cs:line 136
2025-10-22T21:42:10.0506030Z          at System.Runtime.CompilerServices.AsyncMethodBuilderCore.Start[TStateMachine](TStateMachine& stateMachine)
2025-10-22T21:42:10.0513980Z          at Xunit.Sdk.TestMethodRunner`1.RunTestCasesAsync()
2025-10-22T21:42:10.0514750Z          at Xunit.Sdk.TestMethodRunner`1.RunAsync() in /_/src/xunit.execution/Sdk/Frameworks/Runners/TestMethodRunner.cs:line 106
2025-10-22T21:42:10.0515610Z          at System.Runtime.CompilerServices.AsyncMethodBuilderCore.Start[TStateMachine](TStateMachine& stateMachine)
2025-10-22T21:42:10.0516230Z          at Xunit.Sdk.TestMethodRunner`1.RunAsync()
2025-10-22T21:42:10.0517250Z          at Xunit.Sdk.XunitTestClassRunner.RunTestMethodAsync(ITestMethod testMethod, IReflectionMethodInfo method, IEnumerable`1 testCases, Object[] constructorArguments) in /_/src/xunit.execution/Sdk/Frameworks/Runners/XunitTestClassRunner.cs:line 206
2025-10-22T21:42:10.0518180Z          at Xunit.Sdk.TestClassRunner`1.RunTestMethodsAsync()
2025-10-22T21:42:10.0522790Z          at System.Runtime.CompilerServices.AsyncMethodBuilderCore.Start[TStateMachine](TStateMachine& stateMachine)
2025-10-22T21:42:10.0523580Z          at Xunit.Sdk.TestClassRunner`1.RunTestMethodsAsync()
2025-10-22T21:42:10.0524290Z          at Xunit.Sdk.TestClassRunner`1.RunAsync() in /_/src/xunit.execution/Sdk/Frameworks/Runners/TestClassRunner.cs:line 175
2025-10-22T21:42:10.0525170Z          at System.Runtime.CompilerServices.AsyncMethodBuilderCore.Start[TStateMachine](TStateMachine& stateMachine)
2025-10-22T21:42:10.0525830Z          at Xunit.Sdk.TestClassRunner`1.RunAsync()
2025-10-22T21:42:10.0526720Z          at Xunit.Sdk.XunitTestCollectionRunner.RunTestClassAsync(ITestClass testClass, IReflectionTypeInfo class, IEnumerable`1 testCases) in /_/src/xunit.execution/Sdk/Frameworks/Runners/XunitTestCollectionRunner.cs:line 185
2025-10-22T21:42:10.0527780Z          at Xunit.Sdk.TestCollectionRunner`1.RunTestClassesAsync()
2025-10-22T21:42:10.0528540Z          at System.Runtime.CompilerServices.AsyncMethodBuilderCore.Start[TStateMachine](TStateMachine& stateMachine)
2025-10-22T21:42:10.0529430Z          at Xunit.Sdk.TestCollectionRunner`1.RunTestClassesAsync()
2025-10-22T21:42:10.0530130Z          at Xunit.Sdk.TestCollectionRunner`1.RunAsync() in /_/src/xunit.execution/Sdk/Frameworks/Runners/TestCollectionRunner.cs:line 101
2025-10-22T21:42:10.0531380Z          at System.Runtime.CompilerServices.AsyncMethodBuilderCore.Start[TStateMachine](TStateMachine& stateMachine)
2025-10-22T21:42:10.0532100Z          at Xunit.Sdk.TestCollectionRunner`1.RunAsync()
2025-10-22T21:42:10.0533200Z          at Xunit.Sdk.XunitTestAssemblyRunner.RunTestCollectionAsync(IMessageBus messageBus, ITestCollection testCollection, IEnumerable`1 testCases, CancellationTokenSource cancellationTokenSource) in /_/src/xunit.execution/Sdk/Frameworks/Runners/XunitTestAssemblyRunner.cs:line 346
2025-10-22T21:42:10.0534690Z          at System.Runtime.CompilerServices.AsyncMethodBuilderCore.Start[TStateMachine](TStateMachine& stateMachine)
2025-10-22T21:42:10.0536070Z          at Xunit.Sdk.XunitTestAssemblyRunner.RunTestCollectionAsync(IMessageBus messageBus, ITestCollection testCollection, IEnumerable`1 testCases, CancellationTokenSource cancellationTokenSource)
2025-10-22T21:42:10.0537380Z          at Xunit.Sdk.XunitTestAssemblyRunner.<>c__DisplayClass16_2.<RunTestCollectionsAsync>b__2() in /_/src/xunit.execution/Sdk/Frameworks/Runners/XunitTestAssemblyRunner.cs:line 250
2025-10-22T21:42:10.0538160Z          at System.Threading.Tasks.Task`1.InnerInvoke()
2025-10-22T21:42:10.0539410Z          at System.Threading.ExecutionContext.RunFromThreadPoolDispatchLoop(Thread threadPoolThread, ExecutionContext executionContext, ContextCallback callback, Object state)
2025-10-22T21:42:10.0540610Z          at System.Threading.Tasks.Task.ExecuteWithThreadLocal(Task& currentTaskSlot, Thread threadPoolThread)
2025-10-22T21:42:10.0541370Z          at System.Threading.ThreadPoolWorkQueue.Dispatch()
2025-10-22T21:42:10.0541970Z          at System.Threading.PortableThreadPool.WorkerThread.WorkerThreadStart()
2025-10-22T21:42:10.0542930Z          at System.Threading.Thread.StartCallback()
2025-10-22T21:42:10.0543440Z info: Yubico.Core.Devices.Hid.MacOSHidDeviceListener[0]
2025-10-22T21:42:10.0544200Z       [TELEMETRY][L001] Setting _isDisposed = true
2025-10-22T21:42:10.0544740Z info: Yubico.Core.Devices.Hid.MacOSHidDeviceListener[0]
2025-10-22T21:42:10.0547050Z       [TELEMETRY][L001] Calling StopListening(fromFinalizer=False)...
2025-10-22T21:42:10.0548340Z info: Yubico.Core.Devices.Hid.MacOSHidDeviceListener[0]
2025-10-22T21:42:10.0549090Z       [TELEMETRY][L001] StopListening(fromFinalizer=False) called
2025-10-22T21:42:10.0550680Z info: Yubico.Core.Devices.Hid.MacOSHidDeviceListener[0]
2025-10-22T21:42:10.0551050Z       [TELEMETRY][L001] Setting _shouldStop flag to true
2025-10-22T21:42:10.0551450Z info: Yubico.Core.Devices.Hid.MacOSHidDeviceListener[0]
2025-10-22T21:42:10.0551820Z       [TELEMETRY][L001] _shouldStop flag set. RunLoop pointer: 5526180320
2025-10-22T21:42:10.0552350Z info: Yubico.Core.Devices.Hid.MacOSHidDeviceListener[0]
2025-10-22T21:42:10.0552760Z       [TELEMETRY][L001] Calling CFRunLoopStop(5526180320)
2025-10-22T21:42:10.0553160Z info: Yubico.Core.Devices.Hid.MacOSHidDeviceListener[0]
2025-10-22T21:42:10.0553540Z       [TELEMETRY][L001] CFRunLoopStop() returned
2025-10-22T21:42:10.0553890Z info: Yubico.Core.Devices.Hid.MacOSHidDeviceListener[0]
2025-10-22T21:42:10.0554310Z       [TELEMETRY][L001] Waiting for thread to exit (1 second timeout)...
2025-10-22T21:42:10.0554850Z info: Yubico.Core.Devices.Hid.MacOSHidDeviceListener[0]
2025-10-22T21:42:10.0555910Z       => MacOSHidDeviceListener.StartListening()
2025-10-22T21:42:10.0557950Z       [TELEMETRY][L001] Loop iter 1: CFRunLoopRunInMode returned 2 after 17ms
2025-10-22T21:42:10.0559200Z info: Yubico.Core.Devices.Hid.MacOSHidDeviceListener[0]
2025-10-22T21:42:10.0559770Z       => MacOSHidDeviceListener.StartListening()
2025-10-22T21:42:10.0560450Z       [TELEMETRY][L001] Run loop exited after 1 iterations. _shouldStop=True, finalResult=2
2025-10-22T21:42:10.0561020Z info: Yubico.Core.Devices.Hid.MacOSHidDeviceListener[0]
2025-10-22T21:42:10.0561490Z       => MacOSHidDeviceListener.StartListening()
2025-10-22T21:42:10.0563510Z       [TELEMETRY][L001] Listener thread finally block - cleaning up native resources
2025-10-22T21:42:10.0565870Z info: Yubico.Core.Devices.Hid.MacOSHidDeviceListener[0]
2025-10-22T21:42:10.0566370Z       => MacOSHidDeviceListener.StartListening()
2025-10-22T21:42:10.0567020Z       [TELEMETRY][L001] Unscheduling IOHIDManager from run loop
2025-10-22T21:42:10.0568280Z info: Yubico.Core.Devices.Hid.MacOSHidDeviceListener[0]
2025-10-22T21:42:10.0568800Z       => MacOSHidDeviceListener.StartListening()
2025-10-22T21:42:10.0569250Z       [TELEMETRY][L001] IOHIDManager unscheduled from run loop
2025-10-22T21:42:10.0570030Z info: Yubico.Core.Devices.Hid.MacOSHidDeviceListener[0]
2025-10-22T21:42:10.0570580Z       => MacOSHidDeviceListener.StartListening()
2025-10-22T21:42:10.0571360Z       [TELEMETRY][L001] Releasing IOHIDManager
2025-10-22T21:42:10.0571940Z info: Yubico.Core.Devices.Hid.MacOSHidDeviceListener[0]
2025-10-22T21:42:10.0572420Z       => MacOSHidDeviceListener.StartListening()
2025-10-22T21:42:10.0572860Z       [TELEMETRY][L001] IOHIDManager released
2025-10-22T21:42:10.0573320Z info: Yubico.Core.Devices.Hid.MacOSHidDeviceListener[0]
2025-10-22T21:42:10.0573750Z       => MacOSHidDeviceListener.StartListening()
2025-10-22T21:42:10.0574140Z       [TELEMETRY][L001] Releasing run loop mode CFString
2025-10-22T21:42:10.0574640Z info: Yubico.Core.Devices.Hid.MacOSHidDeviceListener[0]
2025-10-22T21:42:10.0575050Z       => MacOSHidDeviceListener.StartListening()
2025-10-22T21:42:10.0578560Z       [TELEMETRY][L001] Run loop mode CFString released
2025-10-22T21:42:10.0579100Z info: Yubico.Core.Devices.Hid.MacOSHidDeviceListener[0]
2025-10-22T21:42:10.0580650Z       => MacOSHidDeviceListener.StartListening()
2025-10-22T21:42:10.0581660Z       [TELEMETRY][L001] Listener thread cleanup complete - thread exiting
2025-10-22T21:42:10.0583990Z info: Yubico.Core.Devices.Hid.MacOSHidDeviceListener[0]
2025-10-22T21:42:10.0584510Z       [TELEMETRY][L001] Thread exited successfully after 0ms
2025-10-22T21:42:10.0585080Z info: Yubico.Core.Devices.Hid.MacOSHidDeviceListener[0]
2025-10-22T21:42:10.0585760Z       [TELEMETRY][L001] StopListening() complete
2025-10-22T21:42:10.0662160Z info: Yubico.Core.Devices.Hid.MacOSHidDeviceListener[0]
2025-10-22T21:42:10.0662530Z       [TELEMETRY][L001] StopListening() returned successfully
2025-10-22T21:42:10.0662890Z info: Yubico.Core.Devices.Hid.MacOSHidDeviceListener[0]
2025-10-22T21:42:10.0663200Z       [TELEMETRY][L001] Calling base.Dispose(True)
2025-10-22T21:42:10.0665060Z info: Yubico.Core.Devices.Hid.MacOSHidDeviceListener[0]
2025-10-22T21:42:10.0665950Z       [TELEMETRY][L001] <<< DISPOSE-EXIT: Complete
2025-10-22T21:42:10.0666470Z info: Yubico.Core.Devices.Hid.MacOSHidDeviceListener[0]
2025-10-22T21:42:10.0666980Z       [TELEMETRY][L001] >>> DISPOSE-ENTRY: disposing=True, thread=12, _isDisposed=True, _shouldStop=True
2025-10-22T21:42:10.0667410Z         CallStack:
2025-10-22T21:42:10.0668400Z          at Yubico.Core.Devices.Hid.MacOSHidDeviceListener.Dispose(Boolean disposing) in /_/Yubico.Core/src/Yubico/Core/Devices/Hid/MacOSHidDeviceListener.cs:line 154
2025-10-22T21:42:10.0669860Z          at Yubico.Core.Devices.Hid.HidDeviceListener.Dispose() in /_/Yubico.Core/src/Yubico/Core/Devices/Hid/HidDeviceListener.cs:line 153
2025-10-22T21:42:10.0674560Z          at Yubico.Core.Devices.Hid.UnitTests.MacOSHidDeviceListenerDisposalTests.<>c__DisplayClass3_0.<Dispose_CalledMultipleTimes_IsIdempotent>b__0() in /Users/runner/work/Yubico.NET.SDK/Yubico.NET.SDK/Yubico.Core/tests/Yubico/Core/Devices/Hid/MacOSHidDeviceListenerDisposalTests.cs:line 88
2025-10-22T21:42:10.0676730Z          at Xunit.Record.Exception(Action testCode) in /_/src/xunit.core/Record.cs:line 25
2025-10-22T21:42:10.0677880Z          at Yubico.Core.Devices.Hid.UnitTests.MacOSHidDeviceListenerDisposalTests.Dispose_CalledMultipleTimes_IsIdempotent() in /Users/runner/work/Yubico.NET.SDK/Yubico.NET.SDK/Yubico.Core/tests/Yubico/Core/Devices/Hid/MacOSHidDeviceListenerDisposalTests.cs:line 88
2025-10-22T21:42:10.0679070Z          at System.RuntimeMethodHandle.InvokeMethod(Object target, Void** arguments, Signature sig, Boolean isConstructor)
2025-10-22T21:42:10.0679770Z          at System.Reflection.MethodBaseInvoker.InvokeWithNoArgs(Object obj, BindingFlags invokeAttr)
2025-10-22T21:42:10.0681080Z          at Xunit.Sdk.TestInvoker`1.CallTestMethod(Object testClassInstance) in /_/src/xunit.execution/Sdk/Frameworks/Runners/TestInvoker.cs:line 149
2025-10-22T21:42:10.0682140Z          at Xunit.Sdk.TestInvoker`1.<>c__DisplayClass47_0.<<InvokeTestMethodAsync>b__1>d.MoveNext() in /_/src/xunit.execution/Sdk/Frameworks/Runners/TestInvoker.cs:line 256
2025-10-22T21:42:10.0683050Z          at System.Runtime.CompilerServices.AsyncMethodBuilderCore.Start[TStateMachine](TStateMachine& stateMachine)
2025-10-22T21:42:10.0684000Z          at Xunit.Sdk.TestInvoker`1.<>c__DisplayClass47_0.<InvokeTestMethodAsync>b__1()
2025-10-22T21:42:10.0684720Z          at Xunit.Sdk.ExecutionTimer.AggregateAsync(Func`1 asyncAction) in /_/src/xunit.execution/Sdk/Frameworks/ExecutionTimer.cs:line 48
2025-10-22T21:42:10.0685570Z          at System.Runtime.CompilerServices.AsyncMethodBuilderCore.Start[TStateMachine](TStateMachine& stateMachine)
2025-10-22T21:42:10.0686320Z          at Xunit.Sdk.ExecutionTimer.AggregateAsync(Func`1 asyncAction)
2025-10-22T21:42:10.0687100Z          at Xunit.Sdk.TestInvoker`1.<>c__DisplayClass47_0.<InvokeTestMethodAsync>b__0() in /_/src/xunit.execution/Sdk/Frameworks/Runners/TestInvoker.cs:line 215
2025-10-22T21:42:10.0689670Z          at Xunit.Sdk.ExceptionAggregator.RunAsync(Func`1 code) in /_/src/xunit.core/Sdk/ExceptionAggregator.cs:line 90
2025-10-22T21:42:10.0691050Z          at System.Runtime.CompilerServices.AsyncMethodBuilderCore.Start[TStateMachine](TStateMachine& stateMachine)
2025-10-22T21:42:10.0691690Z          at Xunit.Sdk.ExceptionAggregator.RunAsync(Func`1 code)
2025-10-22T21:42:10.0692850Z          at Xunit.Sdk.TestInvoker`1.InvokeTestMethodAsync(Object testClassInstance) in /_/src/xunit.execution/Sdk/Frameworks/Runners/TestInvoker.cs:line 214
2025-10-22T21:42:10.0693770Z          at System.Runtime.CompilerServices.AsyncMethodBuilderCore.Start[TStateMachine](TStateMachine& stateMachine)
2025-10-22T21:42:10.0694560Z          at Xunit.Sdk.TestInvoker`1.InvokeTestMethodAsync(Object testClassInstance)
2025-10-22T21:42:10.0695370Z          at Xunit.Sdk.XunitTestInvoker.InvokeTestMethodAsync(Object testClassInstance) in /_/src/xunit.execution/Sdk/Frameworks/Runners/XunitTestInvoker.cs:line 112
2025-10-22T21:42:10.0696320Z          at Xunit.Sdk.TestInvoker`1.<RunAsync>b__46_0() in /_/src/xunit.execution/Sdk/Frameworks/Runners/TestInvoker.cs:line 180
2025-10-22T21:42:10.0697140Z          at System.Runtime.CompilerServices.AsyncMethodBuilderCore.Start[TStateMachine](TStateMachine& stateMachine)
2025-10-22T21:42:10.0697830Z          at Xunit.Sdk.TestInvoker`1.<RunAsync>b__46_0()
2025-10-22T21:42:10.0699530Z          at Xunit.Sdk.ExceptionAggregator.RunAsync[T](Func`1 code) in /_/src/xunit.core/Sdk/ExceptionAggregator.cs:line 107
2025-10-22T21:42:10.0700420Z          at System.Runtime.CompilerServices.AsyncMethodBuilderCore.Start[TStateMachine](TStateMachine& stateMachine)
2025-10-22T21:42:10.0700960Z          at Xunit.Sdk.ExceptionAggregator.RunAsync[T](Func`1 code)
2025-10-22T21:42:10.0701420Z          at Xunit.Sdk.TestInvoker`1.RunAsync() in /_/src/xunit.execution/Sdk/Frameworks/Runners/TestInvoker.cs:line 163
2025-10-22T21:42:10.0702140Z          at Xunit.Sdk.XunitTestRunner.InvokeTestMethodAsync(ExceptionAggregator aggregator) in /_/src/xunit.execution/Sdk/Frameworks/Runners/XunitTestRunner.cs:line 88
2025-10-22T21:42:10.0703080Z          at Xunit.Sdk.XunitTestRunner.InvokeTestAsync(ExceptionAggregator aggregator) in /_/src/xunit.execution/Sdk/Frameworks/Runners/XunitTestRunner.cs:line 70
2025-10-22T21:42:10.0703850Z          at System.Runtime.CompilerServices.AsyncMethodBuilderCore.Start[TStateMachine](TStateMachine& stateMachine)
2025-10-22T21:42:10.0704740Z          at Xunit.Sdk.XunitTestRunner.InvokeTestAsync(ExceptionAggregator aggregator)
2025-10-22T21:42:10.0705280Z          at Xunit.Sdk.TestRunner`1.<>c__DisplayClass43_0.<RunAsync>b__0() in /_/src/xunit.execution/Sdk/Frameworks/Runners/TestRunner.cs:line 149
2025-10-22T21:42:10.0705990Z          at Xunit.Sdk.ExceptionAggregator.RunAsync[T](Func`1 code) in /_/src/xunit.core/Sdk/ExceptionAggregator.cs:line 107
2025-10-22T21:42:10.0706600Z          at System.Runtime.CompilerServices.AsyncMethodBuilderCore.Start[TStateMachine](TStateMachine& stateMachine)
2025-10-22T21:42:10.0707080Z          at Xunit.Sdk.ExceptionAggregator.RunAsync[T](Func`1 code)
2025-10-22T21:42:10.0707580Z          at Xunit.Sdk.TestRunner`1.RunAsync() in /_/src/xunit.execution/Sdk/Frameworks/Runners/TestRunner.cs:line 149
2025-10-22T21:42:10.0708230Z          at System.Runtime.CompilerServices.AsyncMethodBuilderCore.Start[TStateMachine](TStateMachine& stateMachine)
2025-10-22T21:42:10.0708650Z          at Xunit.Sdk.TestRunner`1.RunAsync()
2025-10-22T21:42:10.0709110Z          at Xunit.Sdk.XunitTestCaseRunner.RunTestAsync() in /_/src/xunit.execution/Sdk/Frameworks/Runners/XunitTestCaseRunner.cs:line 140
2025-10-22T21:42:10.0709840Z          at Xunit.Sdk.TestCaseRunner`1.RunAsync() in /_/src/xunit.execution/Sdk/Frameworks/Runners/TestCaseRunner.cs:line 82
2025-10-22T21:42:10.0710540Z          at System.Runtime.CompilerServices.AsyncMethodBuilderCore.Start[TStateMachine](TStateMachine& stateMachine)
2025-10-22T21:42:10.0711040Z          at Xunit.Sdk.TestCaseRunner`1.RunAsync()
2025-10-22T21:42:10.0712300Z          at Xunit.Sdk.XunitTestCase.RunAsync(IMessageSink diagnosticMessageSink, IMessageBus messageBus, Object[] constructorArguments, ExceptionAggregator aggregator, CancellationTokenSource cancellationTokenSource) in /_/src/xunit.execution/Sdk/Frameworks/XunitTestCase.cs:line 170
2025-10-22T21:42:10.0713750Z          at Xunit.Sdk.SkippableFactTestCase.<>n__0(IMessageSink diagnosticMessageSink, IMessageBus messageBus, Object[] constructorArguments, ExceptionAggregator aggregator, CancellationTokenSource cancellationTokenSource)
2025-10-22T21:42:10.0715240Z          at Xunit.Sdk.SkippableFactTestCase.RunAsync(IMessageSink diagnosticMessageSink, IMessageBus messageBus, Object[] constructorArguments, ExceptionAggregator aggregator, CancellationTokenSource cancellationTokenSource)
2025-10-22T21:42:10.0716430Z          at System.Runtime.CompilerServices.AsyncMethodBuilderCore.Start[TStateMachine](TStateMachine& stateMachine)
2025-10-22T21:42:10.0718350Z          at Xunit.Sdk.SkippableFactTestCase.RunAsync(IMessageSink diagnosticMessageSink, IMessageBus messageBus, Object[] constructorArguments, ExceptionAggregator aggregator, CancellationTokenSource cancellationTokenSource)
2025-10-22T21:42:10.0719950Z          at Xunit.Sdk.XunitTestMethodRunner.RunTestCaseAsync(IXunitTestCase testCase) in /_/src/xunit.execution/Sdk/Frameworks/Runners/XunitTestMethodRunner.cs:line 45
2025-10-22T21:42:10.0720970Z          at Xunit.Sdk.TestMethodRunner`1.RunTestCasesAsync() in /_/src/xunit.execution/Sdk/Frameworks/Runners/TestMethodRunner.cs:line 136
2025-10-22T21:42:10.0721740Z          at System.Runtime.CompilerServices.AsyncMethodBuilderCore.Start[TStateMachine](TStateMachine& stateMachine)
2025-10-22T21:42:10.0722300Z          at Xunit.Sdk.TestMethodRunner`1.RunTestCasesAsync()
2025-10-22T21:42:10.0722760Z          at Xunit.Sdk.TestMethodRunner`1.RunAsync() in /_/src/xunit.execution/Sdk/Frameworks/Runners/TestMethodRunner.cs:line 106
2025-10-22T21:42:10.0723520Z          at System.Runtime.CompilerServices.AsyncMethodBuilderCore.Start[TStateMachine](TStateMachine& stateMachine)
2025-10-22T21:42:10.0724000Z          at Xunit.Sdk.TestMethodRunner`1.RunAsync()
2025-10-22T21:42:10.0724950Z          at Xunit.Sdk.XunitTestClassRunner.RunTestMethodAsync(ITestMethod testMethod, IReflectionMethodInfo method, IEnumerable`1 testCases, Object[] constructorArguments) in /_/src/xunit.execution/Sdk/Frameworks/Runners/XunitTestClassRunner.cs:line 206
2025-10-22T21:42:10.0725930Z          at Xunit.Sdk.TestClassRunner`1.RunTestMethodsAsync()
2025-10-22T21:42:10.0726400Z          at System.Runtime.CompilerServices.AsyncMethodBuilderCore.Start[TStateMachine](TStateMachine& stateMachine)
2025-10-22T21:42:10.0726840Z          at Xunit.Sdk.TestClassRunner`1.RunTestMethodsAsync()
2025-10-22T21:42:10.0727400Z          at Xunit.Sdk.TestClassRunner`1.RunAsync() in /_/src/xunit.execution/Sdk/Frameworks/Runners/TestClassRunner.cs:line 175
2025-10-22T21:42:10.0728150Z          at System.Runtime.CompilerServices.AsyncMethodBuilderCore.Start[TStateMachine](TStateMachine& stateMachine)
2025-10-22T21:42:10.0728720Z          at Xunit.Sdk.TestClassRunner`1.RunAsync()
2025-10-22T21:42:10.0729660Z          at Xunit.Sdk.XunitTestCollectionRunner.RunTestClassAsync(ITestClass testClass, IReflectionTypeInfo class, IEnumerable`1 testCases) in /_/src/xunit.execution/Sdk/Frameworks/Runners/XunitTestCollectionRunner.cs:line 185
2025-10-22T21:42:10.0730510Z          at Xunit.Sdk.TestCollectionRunner`1.RunTestClassesAsync()
2025-10-22T21:42:10.0730990Z          at System.Runtime.CompilerServices.AsyncMethodBuilderCore.Start[TStateMachine](TStateMachine& stateMachine)
2025-10-22T21:42:10.0731600Z          at Xunit.Sdk.TestCollectionRunner`1.RunTestClassesAsync()
2025-10-22T21:42:10.0732160Z          at Xunit.Sdk.TestCollectionRunner`1.RunAsync() in /_/src/xunit.execution/Sdk/Frameworks/Runners/TestCollectionRunner.cs:line 101
2025-10-22T21:42:10.0733100Z          at System.Runtime.CompilerServices.AsyncMethodBuilderCore.Start[TStateMachine](TStateMachine& stateMachine)
2025-10-22T21:42:10.0733660Z          at Xunit.Sdk.TestCollectionRunner`1.RunAsync()
2025-10-22T21:42:10.0734660Z          at Xunit.Sdk.XunitTestAssemblyRunner.RunTestCollectionAsync(IMessageBus messageBus, ITestCollection testCollection, IEnumerable`1 testCases, CancellationTokenSource cancellationTokenSource) in /_/src/xunit.execution/Sdk/Frameworks/Runners/XunitTestAssemblyRunner.cs:line 346
2025-10-22T21:42:10.0736040Z          at System.Runtime.CompilerServices.AsyncMethodBuilderCore.Start[TStateMachine](TStateMachine& stateMachine)
2025-10-22T21:42:10.0736950Z          at Xunit.Sdk.XunitTestAssemblyRunner.RunTestCollectionAsync(IMessageBus messageBus, ITestCollection testCollection, IEnumerable`1 testCases, CancellationTokenSource cancellationTokenSource)
2025-10-22T21:42:10.0737990Z          at Xunit.Sdk.XunitTestAssemblyRunner.<>c__DisplayClass16_2.<RunTestCollectionsAsync>b__2() in /_/src/xunit.execution/Sdk/Frameworks/Runners/XunitTestAssemblyRunner.cs:line 250
2025-10-22T21:42:10.0738630Z          at System.Threading.Tasks.Task`1.InnerInvoke()
2025-10-22T21:42:10.0739360Z          at System.Threading.ExecutionContext.RunFromThreadPoolDispatchLoop(Thread threadPoolThread, ExecutionContext executionContext, ContextCallback callback, Object state)
2025-10-22T21:42:10.0740190Z          at System.Threading.Tasks.Task.ExecuteWithThreadLocal(Task& currentTaskSlot, Thread threadPoolThread)
2025-10-22T21:42:10.0740690Z          at System.Threading.ThreadPoolWorkQueue.Dispatch()
2025-10-22T21:42:10.0741120Z          at System.Threading.PortableThreadPool.WorkerThread.WorkerThreadStart()
2025-10-22T21:42:10.0741590Z          at System.Threading.Thread.StartCallback()
2025-10-22T21:42:10.0741990Z info: Yubico.Core.Devices.Hid.MacOSHidDeviceListener[0]
2025-10-22T21:42:10.0742350Z       [TELEMETRY][L001] Already disposed, returning early
2025-10-22T21:42:10.0742660Z info: Yubico.Core.Devices.Hid.MacOSHidDeviceListener[0]
2025-10-22T21:42:10.0743030Z       [TELEMETRY][L001] >>> DISPOSE-ENTRY: disposing=True, thread=12, _isDisposed=True, _shouldStop=True
2025-10-22T21:42:10.0743350Z         CallStack:
2025-10-22T21:42:10.0743810Z          at Yubico.Core.Devices.Hid.MacOSHidDeviceListener.Dispose(Boolean disposing) in /_/Yubico.Core/src/Yubico/Core/Devices/Hid/MacOSHidDeviceListener.cs:line 154
2025-10-22T21:42:10.0744610Z          at Yubico.Core.Devices.Hid.HidDeviceListener.Dispose() in /_/Yubico.Core/src/Yubico/Core/Devices/Hid/HidDeviceListener.cs:line 153
2025-10-22T21:42:10.0745780Z          at Yubico.Core.Devices.Hid.UnitTests.MacOSHidDeviceListenerDisposalTests.<>c__DisplayClass3_0.<Dispose_CalledMultipleTimes_IsIdempotent>b__1() in /Users/runner/work/Yubico.NET.SDK/Yubico.NET.SDK/Yubico.Core/tests/Yubico/Core/Devices/Hid/MacOSHidDeviceListenerDisposalTests.cs:line 90
2025-10-22T21:42:10.0746840Z          at Xunit.Record.Exception(Action testCode) in /_/src/xunit.core/Record.cs:line 25
2025-10-22T21:42:10.0747930Z          at Yubico.Core.Devices.Hid.UnitTests.MacOSHidDeviceListenerDisposalTests.Dispose_CalledMultipleTimes_IsIdempotent() in /Users/runner/work/Yubico.NET.SDK/Yubico.NET.SDK/Yubico.Core/tests/Yubico/Core/Devices/Hid/MacOSHidDeviceListenerDisposalTests.cs:line 90
2025-10-22T21:42:10.0749050Z          at System.RuntimeMethodHandle.InvokeMethod(Object target, Void** arguments, Signature sig, Boolean isConstructor)
2025-10-22T21:42:10.0749720Z          at System.Reflection.MethodBaseInvoker.InvokeWithNoArgs(Object obj, BindingFlags invokeAttr)
2025-10-22T21:42:10.0751070Z          at Xunit.Sdk.TestInvoker`1.CallTestMethod(Object testClassInstance) in /_/src/xunit.execution/Sdk/Frameworks/Runners/TestInvoker.cs:line 149
2025-10-22T21:42:10.0751850Z          at Xunit.Sdk.TestInvoker`1.<>c__DisplayClass47_0.<<InvokeTestMethodAsync>b__1>d.MoveNext() in /_/src/xunit.execution/Sdk/Frameworks/Runners/TestInvoker.cs:line 256
2025-10-22T21:42:10.0752550Z          at System.Runtime.CompilerServices.AsyncMethodBuilderCore.Start[TStateMachine](TStateMachine& stateMachine)
2025-10-22T21:42:10.0753420Z          at Xunit.Sdk.TestInvoker`1.<>c__DisplayClass47_0.<InvokeTestMethodAsync>b__1()
2025-10-22T21:42:10.0753960Z          at Xunit.Sdk.ExecutionTimer.AggregateAsync(Func`1 asyncAction) in /_/src/xunit.execution/Sdk/Frameworks/ExecutionTimer.cs:line 48
2025-10-22T21:42:10.0754630Z          at System.Runtime.CompilerServices.AsyncMethodBuilderCore.Start[TStateMachine](TStateMachine& stateMachine)
2025-10-22T21:42:10.0755360Z          at Xunit.Sdk.ExecutionTimer.AggregateAsync(Func`1 asyncAction)
2025-10-22T21:42:10.0755940Z          at Xunit.Sdk.TestInvoker`1.<>c__DisplayClass47_0.<InvokeTestMethodAsync>b__0() in /_/src/xunit.execution/Sdk/Frameworks/Runners/TestInvoker.cs:line 215
2025-10-22T21:42:10.0756630Z          at Xunit.Sdk.ExceptionAggregator.RunAsync(Func`1 code) in /_/src/xunit.core/Sdk/ExceptionAggregator.cs:line 90
2025-10-22T21:42:10.0757210Z          at System.Runtime.CompilerServices.AsyncMethodBuilderCore.Start[TStateMachine](TStateMachine& stateMachine)
2025-10-22T21:42:10.0757700Z          at Xunit.Sdk.ExceptionAggregator.RunAsync(Func`1 code)
2025-10-22T21:42:10.0758250Z          at Xunit.Sdk.TestInvoker`1.InvokeTestMethodAsync(Object testClassInstance) in /_/src/xunit.execution/Sdk/Frameworks/Runners/TestInvoker.cs:line 214
2025-10-22T21:42:10.0759800Z          at System.Runtime.CompilerServices.AsyncMethodBuilderCore.Start[TStateMachine](TStateMachine& stateMachine)
2025-10-22T21:42:10.0760370Z          at Xunit.Sdk.TestInvoker`1.InvokeTestMethodAsync(Object testClassInstance)
2025-10-22T21:42:10.0761190Z          at Xunit.Sdk.XunitTestInvoker.InvokeTestMethodAsync(Object testClassInstance) in /_/src/xunit.execution/Sdk/Frameworks/Runners/XunitTestInvoker.cs:line 112
2025-10-22T21:42:10.0761890Z          at Xunit.Sdk.TestInvoker`1.<RunAsync>b__46_0() in /_/src/xunit.execution/Sdk/Frameworks/Runners/TestInvoker.cs:line 180
2025-10-22T21:42:10.0762500Z          at System.Runtime.CompilerServices.AsyncMethodBuilderCore.Start[TStateMachine](TStateMachine& stateMachine)
2025-10-22T21:42:10.0762930Z          at Xunit.Sdk.TestInvoker`1.<RunAsync>b__46_0()
2025-10-22T21:42:10.0763390Z          at Xunit.Sdk.ExceptionAggregator.RunAsync[T](Func`1 code) in /_/src/xunit.core/Sdk/ExceptionAggregator.cs:line 107
2025-10-22T21:42:10.0764010Z          at System.Runtime.CompilerServices.AsyncMethodBuilderCore.Start[TStateMachine](TStateMachine& stateMachine)
2025-10-22T21:42:10.0764570Z          at Xunit.Sdk.ExceptionAggregator.RunAsync[T](Func`1 code)
2025-10-22T21:42:10.0765010Z          at Xunit.Sdk.TestInvoker`1.RunAsync() in /_/src/xunit.execution/Sdk/Frameworks/Runners/TestInvoker.cs:line 163
2025-10-22T21:42:10.0765700Z          at Xunit.Sdk.XunitTestRunner.InvokeTestMethodAsync(ExceptionAggregator aggregator) in /_/src/xunit.execution/Sdk/Frameworks/Runners/XunitTestRunner.cs:line 88
2025-10-22T21:42:10.0766540Z          at Xunit.Sdk.XunitTestRunner.InvokeTestAsync(ExceptionAggregator aggregator) in /_/src/xunit.execution/Sdk/Frameworks/Runners/XunitTestRunner.cs:line 70
2025-10-22T21:42:10.0767240Z          at System.Runtime.CompilerServices.AsyncMethodBuilderCore.Start[TStateMachine](TStateMachine& stateMachine)
2025-10-22T21:42:10.0767800Z          at Xunit.Sdk.XunitTestRunner.InvokeTestAsync(ExceptionAggregator aggregator)
2025-10-22T21:42:10.0768320Z          at Xunit.Sdk.TestRunner`1.<>c__DisplayClass43_0.<RunAsync>b__0() in /_/src/xunit.execution/Sdk/Frameworks/Runners/TestRunner.cs:line 149
2025-10-22T21:42:10.0768930Z          at Xunit.Sdk.ExceptionAggregator.RunAsync[T](Func`1 code) in /_/src/xunit.core/Sdk/ExceptionAggregator.cs:line 107
2025-10-22T21:42:10.0769520Z          at System.Runtime.CompilerServices.AsyncMethodBuilderCore.Start[TStateMachine](TStateMachine& stateMachine)
2025-10-22T21:42:10.0769970Z          at Xunit.Sdk.ExceptionAggregator.RunAsync[T](Func`1 code)
2025-10-22T21:42:10.0770380Z          at Xunit.Sdk.TestRunner`1.RunAsync() in /_/src/xunit.execution/Sdk/Frameworks/Runners/TestRunner.cs:line 149
2025-10-22T21:42:10.0771160Z          at System.Runtime.CompilerServices.AsyncMethodBuilderCore.Start[TStateMachine](TStateMachine& stateMachine)
2025-10-22T21:42:10.0771570Z          at Xunit.Sdk.TestRunner`1.RunAsync()
2025-10-22T21:42:10.0772010Z          at Xunit.Sdk.XunitTestCaseRunner.RunTestAsync() in /_/src/xunit.execution/Sdk/Frameworks/Runners/XunitTestCaseRunner.cs:line 140
2025-10-22T21:42:10.0772620Z          at Xunit.Sdk.TestCaseRunner`1.RunAsync() in /_/src/xunit.execution/Sdk/Frameworks/Runners/TestCaseRunner.cs:line 82
2025-10-22T21:42:10.0773340Z          at System.Runtime.CompilerServices.AsyncMethodBuilderCore.Start[TStateMachine](TStateMachine& stateMachine)
2025-10-22T21:42:10.0773750Z          at Xunit.Sdk.TestCaseRunner`1.RunAsync()
2025-10-22T21:42:10.0774600Z          at Xunit.Sdk.XunitTestCase.RunAsync(IMessageSink diagnosticMessageSink, IMessageBus messageBus, Object[] constructorArguments, ExceptionAggregator aggregator, CancellationTokenSource cancellationTokenSource) in /_/src/xunit.execution/Sdk/Frameworks/XunitTestCase.cs:line 170
2025-10-22T21:42:10.0775910Z          at Xunit.Sdk.SkippableFactTestCase.<>n__0(IMessageSink diagnosticMessageSink, IMessageBus messageBus, Object[] constructorArguments, ExceptionAggregator aggregator, CancellationTokenSource cancellationTokenSource)
2025-10-22T21:42:10.0777050Z          at Xunit.Sdk.SkippableFactTestCase.RunAsync(IMessageSink diagnosticMessageSink, IMessageBus messageBus, Object[] constructorArguments, ExceptionAggregator aggregator, CancellationTokenSource cancellationTokenSource)
2025-10-22T21:42:10.0777930Z          at System.Runtime.CompilerServices.AsyncMethodBuilderCore.Start[TStateMachine](TStateMachine& stateMachine)
2025-10-22T21:42:10.0778830Z          at Xunit.Sdk.SkippableFactTestCase.RunAsync(IMessageSink diagnosticMessageSink, IMessageBus messageBus, Object[] constructorArguments, ExceptionAggregator aggregator, CancellationTokenSource cancellationTokenSource)
2025-10-22T21:42:10.0779830Z          at Xunit.Sdk.XunitTestMethodRunner.RunTestCaseAsync(IXunitTestCase testCase) in /_/src/xunit.execution/Sdk/Frameworks/Runners/XunitTestMethodRunner.cs:line 45
2025-10-22T21:42:10.0780570Z          at Xunit.Sdk.TestMethodRunner`1.RunTestCasesAsync() in /_/src/xunit.execution/Sdk/Frameworks/Runners/TestMethodRunner.cs:line 136
2025-10-22T21:42:10.0781230Z          at System.Runtime.CompilerServices.AsyncMethodBuilderCore.Start[TStateMachine](TStateMachine& stateMachine)
2025-10-22T21:42:10.0781670Z          at Xunit.Sdk.TestMethodRunner`1.RunTestCasesAsync()
2025-10-22T21:42:10.0782110Z          at Xunit.Sdk.TestMethodRunner`1.RunAsync() in /_/src/xunit.execution/Sdk/Frameworks/Runners/TestMethodRunner.cs:line 106
2025-10-22T21:42:10.0782710Z          at System.Runtime.CompilerServices.AsyncMethodBuilderCore.Start[TStateMachine](TStateMachine& stateMachine)
2025-10-22T21:42:10.0783120Z          at Xunit.Sdk.TestMethodRunner`1.RunAsync()
2025-10-22T21:42:10.0783890Z          at Xunit.Sdk.XunitTestClassRunner.RunTestMethodAsync(ITestMethod testMethod, IReflectionMethodInfo method, IEnumerable`1 testCases, Object[] constructorArguments) in /_/src/xunit.execution/Sdk/Frameworks/Runners/XunitTestClassRunner.cs:line 206
2025-10-22T21:42:10.0784690Z          at Xunit.Sdk.TestClassRunner`1.RunTestMethodsAsync()
2025-10-22T21:42:10.0785120Z          at System.Runtime.CompilerServices.AsyncMethodBuilderCore.Start[TStateMachine](TStateMachine& stateMachine)
2025-10-22T21:42:10.0785560Z          at Xunit.Sdk.TestClassRunner`1.RunTestMethodsAsync()
2025-10-22T21:42:10.0786000Z          at Xunit.Sdk.TestClassRunner`1.RunAsync() in /_/src/xunit.execution/Sdk/Frameworks/Runners/TestClassRunner.cs:line 175
2025-10-22T21:42:10.0786590Z          at System.Runtime.CompilerServices.AsyncMethodBuilderCore.Start[TStateMachine](TStateMachine& stateMachine)
2025-10-22T21:42:10.0787000Z          at Xunit.Sdk.TestClassRunner`1.RunAsync()
2025-10-22T21:42:10.0787840Z          at Xunit.Sdk.XunitTestCollectionRunner.RunTestClassAsync(ITestClass testClass, IReflectionTypeInfo class, IEnumerable`1 testCases) in /_/src/xunit.execution/Sdk/Frameworks/Runners/XunitTestCollectionRunner.cs:line 185
2025-10-22T21:42:10.0788580Z          at Xunit.Sdk.TestCollectionRunner`1.RunTestClassesAsync()
2025-10-22T21:42:10.0789040Z          at System.Runtime.CompilerServices.AsyncMethodBuilderCore.Start[TStateMachine](TStateMachine& stateMachine)
2025-10-22T21:42:10.0789490Z          at Xunit.Sdk.TestCollectionRunner`1.RunTestClassesAsync()
2025-10-22T21:42:10.0790080Z          at Xunit.Sdk.TestCollectionRunner`1.RunAsync() in /_/src/xunit.execution/Sdk/Frameworks/Runners/TestCollectionRunner.cs:line 101
2025-10-22T21:42:10.0790710Z          at System.Runtime.CompilerServices.AsyncMethodBuilderCore.Start[TStateMachine](TStateMachine& stateMachine)
2025-10-22T21:42:10.0791210Z          at Xunit.Sdk.TestCollectionRunner`1.RunAsync()
2025-10-22T21:42:10.0792090Z          at Xunit.Sdk.XunitTestAssemblyRunner.RunTestCollectionAsync(IMessageBus messageBus, ITestCollection testCollection, IEnumerable`1 testCases, CancellationTokenSource cancellationTokenSource) in /_/src/xunit.execution/Sdk/Frameworks/Runners/XunitTestAssemblyRunner.cs:line 346
2025-10-22T21:42:10.0793150Z          at System.Runtime.CompilerServices.AsyncMethodBuilderCore.Start[TStateMachine](TStateMachine& stateMachine)
2025-10-22T21:42:10.0793960Z          at Xunit.Sdk.XunitTestAssemblyRunner.RunTestCollectionAsync(IMessageBus messageBus, ITestCollection testCollection, IEnumerable`1 testCases, CancellationTokenSource cancellationTokenSource)
2025-10-22T21:42:10.0794970Z          at Xunit.Sdk.XunitTestAssemblyRunner.<>c__DisplayClass16_2.<RunTestCollectionsAsync>b__2() in /_/src/xunit.execution/Sdk/Frameworks/Runners/XunitTestAssemblyRunner.cs:line 250
2025-10-22T21:42:10.0795540Z          at System.Threading.Tasks.Task`1.InnerInvoke()
2025-10-22T21:42:10.0796140Z          at System.Threading.ExecutionContext.RunFromThreadPoolDispatchLoop(Thread threadPoolThread, ExecutionContext executionContext, ContextCallback callback, Object state)
2025-10-22T21:42:10.0796880Z          at System.Threading.Tasks.Task.ExecuteWithThreadLocal(Task& currentTaskSlot, Thread threadPoolThread)
2025-10-22T21:42:10.0797290Z          at System.Threading.ThreadPoolWorkQueue.Dispatch()
2025-10-22T21:42:10.0797660Z          at System.Threading.PortableThreadPool.WorkerThread.WorkerThreadStart()
2025-10-22T21:42:10.0797990Z          at System.Threading.Thread.StartCallback()
2025-10-22T21:42:10.0798300Z info: Yubico.Core.Devices.Hid.MacOSHidDeviceListener[0]
2025-10-22T21:42:10.0798580Z       [TELEMETRY][L001] Already disposed, returning early
2025-10-22T21:42:10.0798890Z info: Yubico.Core.Devices.Hid.MacOSHidDeviceListener[0]
2025-10-22T21:42:10.0799290Z       [TELEMETRY][L001] >>> DISPOSE-ENTRY: disposing=True, thread=12, _isDisposed=True, _shouldStop=True
2025-10-22T21:42:10.0799600Z         CallStack:
2025-10-22T21:42:10.0800070Z          at Yubico.Core.Devices.Hid.MacOSHidDeviceListener.Dispose(Boolean disposing) in /_/Yubico.Core/src/Yubico/Core/Devices/Hid/MacOSHidDeviceListener.cs:line 154
2025-10-22T21:42:10.0800840Z          at Yubico.Core.Devices.Hid.HidDeviceListener.Dispose() in /_/Yubico.Core/src/Yubico/Core/Devices/Hid/HidDeviceListener.cs:line 153
2025-10-22T21:42:10.0801950Z          at Yubico.Core.Devices.Hid.UnitTests.MacOSHidDeviceListenerDisposalTests.<>c__DisplayClass3_0.<Dispose_CalledMultipleTimes_IsIdempotent>b__2() in /Users/runner/work/Yubico.NET.SDK/Yubico.NET.SDK/Yubico.Core/tests/Yubico/Core/Devices/Hid/MacOSHidDeviceListenerDisposalTests.cs:line 92
2025-10-22T21:42:10.0802920Z          at Xunit.Record.Exception(Action testCode) in /_/src/xunit.core/Record.cs:line 25
2025-10-22T21:42:10.0803870Z          at Yubico.Core.Devices.Hid.UnitTests.MacOSHidDeviceListenerDisposalTests.Dispose_CalledMultipleTimes_IsIdempotent() in /Users/runner/work/Yubico.NET.SDK/Yubico.NET.SDK/Yubico.Core/tests/Yubico/Core/Devices/Hid/MacOSHidDeviceListenerDisposalTests.cs:line 92
2025-10-22T21:42:10.0804900Z          at System.RuntimeMethodHandle.InvokeMethod(Object target, Void** arguments, Signature sig, Boolean isConstructor)
2025-10-22T21:42:10.0805590Z          at System.Reflection.MethodBaseInvoker.InvokeWithNoArgs(Object obj, BindingFlags invokeAttr)
2025-10-22T21:42:10.0806210Z          at Xunit.Sdk.TestInvoker`1.CallTestMethod(Object testClassInstance) in /_/src/xunit.execution/Sdk/Frameworks/Runners/TestInvoker.cs:line 149
2025-10-22T21:42:10.0806970Z          at Xunit.Sdk.TestInvoker`1.<>c__DisplayClass47_0.<<InvokeTestMethodAsync>b__1>d.MoveNext() in /_/src/xunit.execution/Sdk/Frameworks/Runners/TestInvoker.cs:line 256
2025-10-22T21:42:10.0807800Z          at System.Runtime.CompilerServices.AsyncMethodBuilderCore.Start[TStateMachine](TStateMachine& stateMachine)
2025-10-22T21:42:10.0808300Z          at Xunit.Sdk.TestInvoker`1.<>c__DisplayClass47_0.<InvokeTestMethodAsync>b__1()
2025-10-22T21:42:10.0808830Z          at Xunit.Sdk.ExecutionTimer.AggregateAsync(Func`1 asyncAction) in /_/src/xunit.execution/Sdk/Frameworks/ExecutionTimer.cs:line 48
2025-10-22T21:42:10.0809450Z          at System.Runtime.CompilerServices.AsyncMethodBuilderCore.Start[TStateMachine](TStateMachine& stateMachine)
2025-10-22T21:42:10.0809920Z          at Xunit.Sdk.ExecutionTimer.AggregateAsync(Func`1 asyncAction)
2025-10-22T21:42:10.0810450Z          at Xunit.Sdk.TestInvoker`1.<>c__DisplayClass47_0.<InvokeTestMethodAsync>b__0() in /_/src/xunit.execution/Sdk/Frameworks/Runners/TestInvoker.cs:line 215
2025-10-22T21:42:10.0811100Z          at Xunit.Sdk.ExceptionAggregator.RunAsync(Func`1 code) in /_/src/xunit.core/Sdk/ExceptionAggregator.cs:line 90
2025-10-22T21:42:10.0811690Z          at System.Runtime.CompilerServices.AsyncMethodBuilderCore.Start[TStateMachine](TStateMachine& stateMachine)
2025-10-22T21:42:10.0812130Z          at Xunit.Sdk.ExceptionAggregator.RunAsync(Func`1 code)
2025-10-22T21:42:10.0812650Z          at Xunit.Sdk.TestInvoker`1.InvokeTestMethodAsync(Object testClassInstance) in /_/src/xunit.execution/Sdk/Frameworks/Runners/TestInvoker.cs:line 214
2025-10-22T21:42:10.0813320Z          at System.Runtime.CompilerServices.AsyncMethodBuilderCore.Start[TStateMachine](TStateMachine& stateMachine)
2025-10-22T21:42:10.0813810Z          at Xunit.Sdk.TestInvoker`1.InvokeTestMethodAsync(Object testClassInstance)
2025-10-22T21:42:10.0814430Z          at Xunit.Sdk.XunitTestInvoker.InvokeTestMethodAsync(Object testClassInstance) in /_/src/xunit.execution/Sdk/Frameworks/Runners/XunitTestInvoker.cs:line 112
2025-10-22T21:42:10.0815130Z          at Xunit.Sdk.TestInvoker`1.<RunAsync>b__46_0() in /_/src/xunit.execution/Sdk/Frameworks/Runners/TestInvoker.cs:line 180
2025-10-22T21:42:10.0815720Z          at System.Runtime.CompilerServices.AsyncMethodBuilderCore.Start[TStateMachine](TStateMachine& stateMachine)
2025-10-22T21:42:10.0816140Z          at Xunit.Sdk.TestInvoker`1.<RunAsync>b__46_0()
2025-10-22T21:42:10.0816550Z          at Xunit.Sdk.ExceptionAggregator.RunAsync[T](Func`1 code) in /_/src/xunit.core/Sdk/ExceptionAggregator.cs:line 107
2025-10-22T21:42:10.0817150Z          at System.Runtime.CompilerServices.AsyncMethodBuilderCore.Start[TStateMachine](TStateMachine& stateMachine)
2025-10-22T21:42:10.0817600Z          at Xunit.Sdk.ExceptionAggregator.RunAsync[T](Func`1 code)
2025-10-22T21:42:10.0818030Z          at Xunit.Sdk.TestInvoker`1.RunAsync() in /_/src/xunit.execution/Sdk/Frameworks/Runners/TestInvoker.cs:line 163
2025-10-22T21:42:10.0818710Z          at Xunit.Sdk.XunitTestRunner.InvokeTestMethodAsync(ExceptionAggregator aggregator) in /_/src/xunit.execution/Sdk/Frameworks/Runners/XunitTestRunner.cs:line 88
2025-10-22T21:42:10.0819540Z          at Xunit.Sdk.XunitTestRunner.InvokeTestAsync(ExceptionAggregator aggregator) in /_/src/xunit.execution/Sdk/Frameworks/Runners/XunitTestRunner.cs:line 70
2025-10-22T21:42:10.0820250Z          at System.Runtime.CompilerServices.AsyncMethodBuilderCore.Start[TStateMachine](TStateMachine& stateMachine)
2025-10-22T21:42:10.0820760Z          at Xunit.Sdk.XunitTestRunner.InvokeTestAsync(ExceptionAggregator aggregator)
2025-10-22T21:42:10.0821460Z          at Xunit.Sdk.TestRunner`1.<>c__DisplayClass43_0.<RunAsync>b__0() in /_/src/xunit.execution/Sdk/Frameworks/Runners/TestRunner.cs:line 149
2025-10-22T21:42:10.0822080Z          at Xunit.Sdk.ExceptionAggregator.RunAsync[T](Func`1 code) in /_/src/xunit.core/Sdk/ExceptionAggregator.cs:line 107
2025-10-22T21:42:10.0822660Z          at System.Runtime.CompilerServices.AsyncMethodBuilderCore.Start[TStateMachine](TStateMachine& stateMachine)
2025-10-22T21:42:10.0823240Z          at Xunit.Sdk.ExceptionAggregator.RunAsync[T](Func`1 code)
2025-10-22T21:42:10.0823650Z          at Xunit.Sdk.TestRunner`1.RunAsync() in /_/src/xunit.execution/Sdk/Frameworks/Runners/TestRunner.cs:line 149
2025-10-22T21:42:10.0824210Z          at System.Runtime.CompilerServices.AsyncMethodBuilderCore.Start[TStateMachine](TStateMachine& stateMachine)
2025-10-22T21:42:10.0824630Z          at Xunit.Sdk.TestRunner`1.RunAsync()
2025-10-22T21:42:10.0825080Z          at Xunit.Sdk.XunitTestCaseRunner.RunTestAsync() in /_/src/xunit.execution/Sdk/Frameworks/Runners/XunitTestCaseRunner.cs:line 140
2025-10-22T21:42:10.0825720Z          at Xunit.Sdk.TestCaseRunner`1.RunAsync() in /_/src/xunit.execution/Sdk/Frameworks/Runners/TestCaseRunner.cs:line 82
2025-10-22T21:42:10.0826300Z          at System.Runtime.CompilerServices.AsyncMethodBuilderCore.Start[TStateMachine](TStateMachine& stateMachine)
2025-10-22T21:42:10.0826710Z          at Xunit.Sdk.TestCaseRunner`1.RunAsync()
2025-10-22T21:42:10.0827580Z          at Xunit.Sdk.XunitTestCase.RunAsync(IMessageSink diagnosticMessageSink, IMessageBus messageBus, Object[] constructorArguments, ExceptionAggregator aggregator, CancellationTokenSource cancellationTokenSource) in /_/src/xunit.execution/Sdk/Frameworks/XunitTestCase.cs:line 170
2025-10-22T21:42:10.0828900Z          at Xunit.Sdk.SkippableFactTestCase.<>n__0(IMessageSink diagnosticMessageSink, IMessageBus messageBus, Object[] constructorArguments, ExceptionAggregator aggregator, CancellationTokenSource cancellationTokenSource)
2025-10-22T21:42:10.0830060Z          at Xunit.Sdk.SkippableFactTestCase.RunAsync(IMessageSink diagnosticMessageSink, IMessageBus messageBus, Object[] constructorArguments, ExceptionAggregator aggregator, CancellationTokenSource cancellationTokenSource)
2025-10-22T21:42:10.0830950Z          at System.Runtime.CompilerServices.AsyncMethodBuilderCore.Start[TStateMachine](TStateMachine& stateMachine)
2025-10-22T21:42:10.0831890Z          at Xunit.Sdk.SkippableFactTestCase.RunAsync(IMessageSink diagnosticMessageSink, IMessageBus messageBus, Object[] constructorArguments, ExceptionAggregator aggregator, CancellationTokenSource cancellationTokenSource)
2025-10-22T21:42:10.0832910Z          at Xunit.Sdk.XunitTestMethodRunner.RunTestCaseAsync(IXunitTestCase testCase) in /_/src/xunit.execution/Sdk/Frameworks/Runners/XunitTestMethodRunner.cs:line 45
2025-10-22T21:42:10.0833680Z          at Xunit.Sdk.TestMethodRunner`1.RunTestCasesAsync() in /_/src/xunit.execution/Sdk/Frameworks/Runners/TestMethodRunner.cs:line 136
2025-10-22T21:42:10.0834320Z          at System.Runtime.CompilerServices.AsyncMethodBuilderCore.Start[TStateMachine](TStateMachine& stateMachine)
2025-10-22T21:42:10.0834780Z          at Xunit.Sdk.TestMethodRunner`1.RunTestCasesAsync()
2025-10-22T21:42:10.0835220Z          at Xunit.Sdk.TestMethodRunner`1.RunAsync() in /_/src/xunit.execution/Sdk/Frameworks/Runners/TestMethodRunner.cs:line 106
2025-10-22T21:42:10.0835840Z          at System.Runtime.CompilerServices.AsyncMethodBuilderCore.Start[TStateMachine](TStateMachine& stateMachine)
2025-10-22T21:42:10.0836250Z          at Xunit.Sdk.TestMethodRunner`1.RunAsync()
2025-10-22T21:42:10.0837020Z          at Xunit.Sdk.XunitTestClassRunner.RunTestMethodAsync(ITestMethod testMethod, IReflectionMethodInfo method, IEnumerable`1 testCases, Object[] constructorArguments) in /_/src/xunit.execution/Sdk/Frameworks/Runners/XunitTestClassRunner.cs:line 206
2025-10-22T21:42:10.0837800Z          at Xunit.Sdk.TestClassRunner`1.RunTestMethodsAsync()
2025-10-22T21:42:10.0838260Z          at System.Runtime.CompilerServices.AsyncMethodBuilderCore.Start[TStateMachine](TStateMachine& stateMachine)
2025-10-22T21:42:10.0838850Z          at Xunit.Sdk.TestClassRunner`1.RunTestMethodsAsync()
2025-10-22T21:42:10.0839300Z          at Xunit.Sdk.TestClassRunner`1.RunAsync() in /_/src/xunit.execution/Sdk/Frameworks/Runners/TestClassRunner.cs:line 175
2025-10-22T21:42:10.0839890Z          at System.Runtime.CompilerServices.AsyncMethodBuilderCore.Start[TStateMachine](TStateMachine& stateMachine)
2025-10-22T21:42:10.0840450Z          at Xunit.Sdk.TestClassRunner`1.RunAsync()
2025-10-22T21:42:10.0841410Z          at Xunit.Sdk.XunitTestCollectionRunner.RunTestClassAsync(ITestClass testClass, IReflectionTypeInfo class, IEnumerable`1 testCases) in /_/src/xunit.execution/Sdk/Frameworks/Runners/XunitTestCollectionRunner.cs:line 185
2025-10-22T21:42:10.0842290Z          at Xunit.Sdk.TestCollectionRunner`1.RunTestClassesAsync()
2025-10-22T21:42:10.0842760Z          at System.Runtime.CompilerServices.AsyncMethodBuilderCore.Start[TStateMachine](TStateMachine& stateMachine)
2025-10-22T21:42:10.0843220Z          at Xunit.Sdk.TestCollectionRunner`1.RunTestClassesAsync()
2025-10-22T21:42:10.0843700Z          at Xunit.Sdk.TestCollectionRunner`1.RunAsync() in /_/src/xunit.execution/Sdk/Frameworks/Runners/TestCollectionRunner.cs:line 101
2025-10-22T21:42:10.0844340Z          at System.Runtime.CompilerServices.AsyncMethodBuilderCore.Start[TStateMachine](TStateMachine& stateMachine)
2025-10-22T21:42:10.0844760Z          at Xunit.Sdk.TestCollectionRunner`1.RunAsync()
2025-10-22T21:42:10.0845640Z          at Xunit.Sdk.XunitTestAssemblyRunner.RunTestCollectionAsync(IMessageBus messageBus, ITestCollection testCollection, IEnumerable`1 testCases, CancellationTokenSource cancellationTokenSource) in /_/src/xunit.execution/Sdk/Frameworks/Runners/XunitTestAssemblyRunner.cs:line 346
2025-10-22T21:42:10.0846820Z          at System.Runtime.CompilerServices.AsyncMethodBuilderCore.Start[TStateMachine](TStateMachine& stateMachine)
2025-10-22T21:42:10.0847690Z          at Xunit.Sdk.XunitTestAssemblyRunner.RunTestCollectionAsync(IMessageBus messageBus, ITestCollection testCollection, IEnumerable`1 testCases, CancellationTokenSource cancellationTokenSource)
2025-10-22T21:42:10.0848670Z          at Xunit.Sdk.XunitTestAssemblyRunner.<>c__DisplayClass16_2.<RunTestCollectionsAsync>b__2() in /_/src/xunit.execution/Sdk/Frameworks/Runners/XunitTestAssemblyRunner.cs:line 250
2025-10-22T21:42:10.0849240Z          at System.Threading.Tasks.Task`1.InnerInvoke()
2025-10-22T21:42:10.0849850Z          at System.Threading.ExecutionContext.RunFromThreadPoolDispatchLoop(Thread threadPoolThread, ExecutionContext executionContext, ContextCallback callback, Object state)
2025-10-22T21:42:10.0850580Z          at System.Threading.Tasks.Task.ExecuteWithThreadLocal(Task& currentTaskSlot, Thread threadPoolThread)
2025-10-22T21:42:10.0851000Z          at System.Threading.ThreadPoolWorkQueue.Dispatch()
2025-10-22T21:42:10.0851350Z          at System.Threading.PortableThreadPool.WorkerThread.WorkerThreadStart()
2025-10-22T21:42:10.0851680Z          at System.Threading.Thread.StartCallback()
2025-10-22T21:42:10.0852000Z info: Yubico.Core.Devices.Hid.MacOSHidDeviceListener[0]
2025-10-22T21:42:10.0852280Z       [TELEMETRY][L001] Already disposed, returning early
2025-10-22T21:42:10.0852580Z [xUnit.net 00:00:00.41]   Finished:    Yubico.Core.UnitTests
2025-10-22T21:42:10.0853090Z   Passed Yubico.Core.Devices.Hid.UnitTests.MacOSHidDeviceListenerDisposalTests.Dispose_CalledMultipleTimes_IsIdempotent [132 ms]
2025-10-22T21:42:10.0853560Z   Standard Output Messages:
2025-10-22T21:42:10.0853780Z  === TEST START: Dispose_CalledMultipleTimes_IsIdempotent ===
2025-10-22T21:42:10.0854100Z  [USING-ENTRY] Test=Dispose_CalledMultipleTimes_IsIdempotent, Thread=12
2025-10-22T21:42:10.0854480Z  [USING-BODY] Test=Dispose_CalledMultipleTimes_IsIdempotent, Listener=L001, Thread=12
2025-10-22T21:42:10.0854790Z  [TEST] First Dispose() call for L001
2025-10-22T21:42:10.0855010Z  [TEST] First Dispose() completed for L001
2025-10-22T21:42:10.0855210Z  [TEST] Second Dispose() call for L001
2025-10-22T21:42:10.0855680Z  [TEST] Third Dispose() call for L001
2025-10-22T21:42:10.0855890Z  [TEST] Fourth Dispose() call for L001
2025-10-22T21:42:10.0856190Z  [USING-EXIT] Test=Dispose_CalledMultipleTimes_IsIdempotent, Listener=L001, Thread=12
2025-10-22T21:42:10.0856430Z 
2025-10-22T21:42:10.0856440Z 
2025-10-22T21:42:10.0856440Z 
2025-10-22T21:42:10.0856510Z Test Run Successful.
2025-10-22T21:42:10.0856710Z Total tests: 1
2025-10-22T21:42:10.0856830Z      Passed: 1
2025-10-22T21:42:10.0856960Z  Total time: 1.2515 Seconds
2025-10-22T21:42:10.0939260Z ##[group]Run actions/upload-artifact@v4
2025-10-22T21:42:10.0939490Z with:
2025-10-22T21:42:10.0939680Z   name: Logs-Test02-Dispose_CalledMultipleTimes_IsIdempotent
2025-10-22T21:42:10.0939930Z   path: **/TestResults/*
2025-10-22T21:42:10.0940080Z   if-no-files-found: warn
2025-10-22T21:42:10.0940230Z   compression-level: 6
2025-10-22T21:42:10.0940390Z   overwrite: false
2025-10-22T21:42:10.0940530Z   include-hidden-files: false
2025-10-22T21:42:10.0940690Z env:
2025-10-22T21:42:10.0940810Z   DOTNET_ROOT: /Users/runner/.dotnet
2025-10-22T21:42:10.0940970Z ##[endgroup]
2025-10-22T21:42:10.6455910Z ##[warning]No files were found with the provided path: **/TestResults/*. No artifacts will be uploaded.
2025-10-22T21:42:10.6548550Z Post job cleanup.
2025-10-22T21:42:10.8650470Z Post job cleanup.
2025-10-22T21:42:10.9915360Z [command]/opt/homebrew/bin/git version
2025-10-22T21:42:11.0101110Z git version 2.50.1
2025-10-22T21:42:11.0136300Z Copying '/Users/runner/.gitconfig' to '/Users/runner/work/_temp/6a653c26-d5d3-43d6-b370-5c1e4fa8d15e/.gitconfig'
2025-10-22T21:42:11.0145200Z Temporarily overriding HOME='/Users/runner/work/_temp/6a653c26-d5d3-43d6-b370-5c1e4fa8d15e' before making global git config changes
2025-10-22T21:42:11.0146200Z Adding repository directory to the temporary git global config as a safe directory
2025-10-22T21:42:11.0154950Z [command]/opt/homebrew/bin/git config --global --add safe.directory /Users/runner/work/Yubico.NET.SDK/Yubico.NET.SDK
2025-10-22T21:42:11.0256980Z [command]/opt/homebrew/bin/git config --local --name-only --get-regexp core\.sshCommand
2025-10-22T21:42:11.0351110Z [command]/opt/homebrew/bin/git submodule foreach --recursive sh -c "git config --local --name-only --get-regexp 'core\.sshCommand' && git config --local --unset-all 'core.sshCommand' || :"
2025-10-22T21:42:11.1547050Z [command]/opt/homebrew/bin/git config --local --name-only --get-regexp http\.https\:\/\/github\.com\/\.extraheader
2025-10-22T21:42:11.1616360Z http.https://github.com/.extraheader
2025-10-22T21:42:11.1675630Z [command]/opt/homebrew/bin/git config --local --unset-all http.https://github.com/.extraheader
2025-10-22T21:42:11.1751780Z [command]/opt/homebrew/bin/git submodule foreach --recursive sh -c "git config --local --name-only --get-regexp 'http\.https\:\/\/github\.com\/\.extraheader' && git config --local --unset-all 'http.https://github.com/.extraheader' || :"
2025-10-22T21:42:11.2714900Z Cleaning up orphan processes
2025-10-22T21:42:11.8373990Z Terminate orphan process: pid (1950) (dotnet)
