2025-10-22T21:41:46.7295940Z Current runner version: '2.329.0'
2025-10-22T21:41:46.7308070Z ##[group]Runner Image Provisioner
2025-10-22T21:41:46.7308490Z Hosted Compute Agent
2025-10-22T21:41:46.7308790Z Version: 20251016.436
2025-10-22T21:41:46.7309130Z Commit: 8ab8ac8bfd662a3739dab9fe09456aba92132568
2025-10-22T21:41:46.7309520Z Build Date: 2025-10-15T20:44:12Z
2025-10-22T21:41:46.7309850Z ##[endgroup]
2025-10-22T21:41:46.7310150Z ##[group]Operating System
2025-10-22T21:41:46.7310470Z macOS
2025-10-22T21:41:46.7310740Z 15.6.1
2025-10-22T21:41:46.7311000Z 24G90
2025-10-22T21:41:46.7311250Z ##[endgroup]
2025-10-22T21:41:46.7311520Z ##[group]Runner Image
2025-10-22T21:41:46.7311810Z Image: macos-15-arm64
2025-10-22T21:41:46.7312090Z Version: 20251015.0042
2025-10-22T21:41:46.7312710Z Included Software: https://github.com/actions/runner-images/blob/macos-15-arm64/20251015.0042/images/macos/macos-15-arm64-Readme.md
2025-10-22T21:41:46.7313640Z Image Release: https://github.com/actions/runner-images/releases/tag/macos-15-arm64%2F20251015.0042
2025-10-22T21:41:46.7314180Z ##[endgroup]
2025-10-22T21:41:46.7314780Z ##[group]GITHUB_TOKEN Permissions
2025-10-22T21:41:46.7315580Z Contents: read
2025-10-22T21:41:46.7315860Z Metadata: read
2025-10-22T21:41:46.7316130Z Packages: read
2025-10-22T21:41:46.7316390Z ##[endgroup]
2025-10-22T21:41:46.7317470Z Secret source: Actions
2025-10-22T21:41:46.7317820Z Prepare workflow directory
2025-10-22T21:41:46.7519900Z Prepare all required actions
2025-10-22T21:41:46.7545740Z Getting action download info
2025-10-22T21:41:47.1121460Z Download action repository 'actions/checkout@v4' (SHA:08eba0b27e820071cde6df949e0beb9ba4906955)
2025-10-22T21:41:47.3909330Z Download action repository 'actions/setup-dotnet@v4' (SHA:67a3573c9a986a3f9c594539f4ab511d57bb3ce9)
2025-10-22T21:41:48.6422010Z Download action repository 'actions/upload-artifact@v4' (SHA:ea165f8d65b6e75b540449e92b4886f43607fa02)
2025-10-22T21:41:48.8602320Z Complete job name: Test 9 - Dispose_UnusedListener_Succeeds
2025-10-22T21:41:48.9093730Z ##[group]Run actions/checkout@v4
2025-10-22T21:41:48.9094380Z with:
2025-10-22T21:41:48.9094700Z   repository: Yubico/Yubico.NET.SDK
2025-10-22T21:41:48.9095250Z   token: ***
2025-10-22T21:41:48.9095550Z   ssh-strict: true
2025-10-22T21:41:48.9095850Z   ssh-user: git
2025-10-22T21:41:48.9096160Z   persist-credentials: true
2025-10-22T21:41:48.9096500Z   clean: true
2025-10-22T21:41:48.9096810Z   sparse-checkout-cone-mode: true
2025-10-22T21:41:48.9097170Z   fetch-depth: 1
2025-10-22T21:41:48.9097470Z   fetch-tags: false
2025-10-22T21:41:48.9097780Z   show-progress: true
2025-10-22T21:41:48.9098110Z   lfs: false
2025-10-22T21:41:48.9098410Z   submodules: false
2025-10-22T21:41:48.9098720Z   set-safe-directory: true
2025-10-22T21:41:48.9099250Z ##[endgroup]
2025-10-22T21:41:49.2792340Z Syncing repository: Yubico/Yubico.NET.SDK
2025-10-22T21:41:49.2795240Z ##[group]Getting Git version info
2025-10-22T21:41:49.2795970Z Working directory is '/Users/runner/work/Yubico.NET.SDK/Yubico.NET.SDK'
2025-10-22T21:41:49.2796810Z [command]/opt/homebrew/bin/git version
2025-10-22T21:41:49.3376200Z git version 2.50.1
2025-10-22T21:41:49.3428990Z ##[endgroup]
2025-10-22T21:41:49.3451090Z Copying '/Users/runner/.gitconfig' to '/Users/runner/work/_temp/9ee99af7-64bc-4899-ab49-71744b11d2ca/.gitconfig'
2025-10-22T21:41:49.3452800Z Temporarily overriding HOME='/Users/runner/work/_temp/9ee99af7-64bc-4899-ab49-71744b11d2ca' before making global git config changes
2025-10-22T21:41:49.3454020Z Adding repository directory to the temporary git global config as a safe directory
2025-10-22T21:41:49.3455090Z [command]/opt/homebrew/bin/git config --global --add safe.directory /Users/runner/work/Yubico.NET.SDK/Yubico.NET.SDK
2025-10-22T21:41:49.3572240Z Deleting the contents of '/Users/runner/work/Yubico.NET.SDK/Yubico.NET.SDK'
2025-10-22T21:41:49.3619100Z ##[group]Initializing the repository
2025-10-22T21:41:49.3620240Z [command]/opt/homebrew/bin/git init /Users/runner/work/Yubico.NET.SDK/Yubico.NET.SDK
2025-10-22T21:41:49.4216980Z hint: Using 'master' as the name for the initial branch. This default branch name
2025-10-22T21:41:49.4300100Z hint: is subject to change. To configure the initial branch name to use in all
2025-10-22T21:41:49.4302820Z hint: of your new repositories, which will suppress this warning, call:
2025-10-22T21:41:49.4338340Z hint:
2025-10-22T21:41:49.4355330Z hint: 	git config --global init.defaultBranch <name>
2025-10-22T21:41:49.4356180Z hint:
2025-10-22T21:41:49.4357120Z hint: Names commonly chosen instead of 'master' are 'main', 'trunk' and
2025-10-22T21:41:49.4358070Z hint: 'development'. The just-created branch can be renamed via this command:
2025-10-22T21:41:49.4364990Z hint:
2025-10-22T21:41:49.4366060Z hint: 	git branch -m <name>
2025-10-22T21:41:49.4366660Z hint:
2025-10-22T21:41:49.4367360Z hint: Disable this message with "git config set advice.defaultBranchName false"
2025-10-22T21:41:49.4368710Z Initialized empty Git repository in /Users/runner/work/Yubico.NET.SDK/Yubico.NET.SDK/.git/
2025-10-22T21:41:49.4370940Z [command]/opt/homebrew/bin/git remote add origin https://github.com/Yubico/Yubico.NET.SDK
2025-10-22T21:41:49.4372820Z ##[endgroup]
2025-10-22T21:41:49.4374040Z ##[group]Disabling automatic garbage collection
2025-10-22T21:41:49.4374740Z [command]/opt/homebrew/bin/git config --local gc.auto 0
2025-10-22T21:41:49.4376490Z ##[endgroup]
2025-10-22T21:41:49.4377180Z ##[group]Setting up auth
2025-10-22T21:41:49.4377860Z [command]/opt/homebrew/bin/git config --local --name-only --get-regexp core\.sshCommand
2025-10-22T21:41:49.4399120Z [command]/opt/homebrew/bin/git submodule foreach --recursive sh -c "git config --local --name-only --get-regexp 'core\.sshCommand' && git config --local --unset-all 'core.sshCommand' || :"
2025-10-22T21:41:49.5466060Z [command]/opt/homebrew/bin/git config --local --name-only --get-regexp http\.https\:\/\/github\.com\/\.extraheader
2025-10-22T21:41:49.5534020Z [command]/opt/homebrew/bin/git submodule foreach --recursive sh -c "git config --local --name-only --get-regexp 'http\.https\:\/\/github\.com\/\.extraheader' && git config --local --unset-all 'http.https://github.com/.extraheader' || :"
2025-10-22T21:41:49.6917300Z [command]/opt/homebrew/bin/git config --local http.https://github.com/.extraheader AUTHORIZATION: basic ***
2025-10-22T21:41:49.7166630Z ##[endgroup]
2025-10-22T21:41:49.7234360Z ##[group]Fetching the repository
2025-10-22T21:41:49.7332060Z [command]/opt/homebrew/bin/git -c protocol.version=2 fetch --no-tags --prune --no-recurse-submodules --depth=1 origin +61edcc0f6126c293f1d4612607aa535e18b7d3f1:refs/remotes/origin/experiment/isolate-disposal-hang
2025-10-22T21:41:51.4120060Z From https://github.com/Yubico/Yubico.NET.SDK
2025-10-22T21:41:51.4121170Z  * [new ref]         61edcc0f6126c293f1d4612607aa535e18b7d3f1 -> origin/experiment/isolate-disposal-hang
2025-10-22T21:41:51.4177110Z ##[endgroup]
2025-10-22T21:41:51.4177830Z ##[group]Determining the checkout info
2025-10-22T21:41:51.4178570Z ##[endgroup]
2025-10-22T21:41:51.4180450Z [command]/opt/homebrew/bin/git sparse-checkout disable
2025-10-22T21:41:51.4242030Z [command]/opt/homebrew/bin/git config --local --unset-all extensions.worktreeConfig
2025-10-22T21:41:51.4294360Z ##[group]Checking out the ref
2025-10-22T21:41:51.4296110Z [command]/opt/homebrew/bin/git checkout --progress --force -B experiment/isolate-disposal-hang refs/remotes/origin/experiment/isolate-disposal-hang
2025-10-22T21:41:51.5953110Z Switched to a new branch 'experiment/isolate-disposal-hang'
2025-10-22T21:41:51.6055270Z branch 'experiment/isolate-disposal-hang' set up to track 'origin/experiment/isolate-disposal-hang'.
2025-10-22T21:41:51.6317610Z ##[endgroup]
2025-10-22T21:41:51.6622820Z [command]/opt/homebrew/bin/git log -1 --format=%H
2025-10-22T21:41:51.6724500Z 61edcc0f6126c293f1d4612607aa535e18b7d3f1
2025-10-22T21:41:51.7301870Z ##[group]Run actions/setup-dotnet@v4
2025-10-22T21:41:51.7302480Z with:
2025-10-22T21:41:51.7302970Z   global-json-file: ./global.json
2025-10-22T21:41:51.7303490Z   cache: false
2025-10-22T21:41:51.7303980Z ##[endgroup]
2025-10-22T21:41:51.8972490Z [command]/Users/runner/work/_actions/actions/setup-dotnet/v4/externals/install-dotnet.sh --skip-non-versioned-files --runtime dotnet --channel LTS
2025-10-22T21:41:52.6897770Z dotnet-install: .NET Core Runtime with version '8.0.21' is already installed.
2025-10-22T21:41:52.6915790Z [command]/Users/runner/work/_actions/actions/setup-dotnet/v4/externals/install-dotnet.sh --skip-non-versioned-files --channel 9.0
2025-10-22T21:41:53.4120020Z dotnet-install: .NET Core SDK with version '9.0.306' is already installed.
2025-10-22T21:41:53.4334430Z ##[group]Run dotnet nuget add source --username DennisDyallo --password *** --store-password-in-clear-text --name github "https://nuget.pkg.github.com/Yubico/index.json"
2025-10-22T21:41:53.4335530Z [36;1mdotnet nuget add source --username DennisDyallo --password *** --store-password-in-clear-text --name github "https://nuget.pkg.github.com/Yubico/index.json"[0m
2025-10-22T21:41:53.4377530Z shell: /bin/bash -e {0}
2025-10-22T21:41:53.4377830Z env:
2025-10-22T21:41:53.4378020Z   DOTNET_ROOT: /Users/runner/.dotnet
2025-10-22T21:41:53.4378220Z ##[endgroup]
2025-10-22T21:41:53.9815280Z 
2025-10-22T21:41:53.9916470Z Welcome to .NET 9.0!
2025-10-22T21:41:54.0017630Z ---------------------
2025-10-22T21:41:54.0118880Z SDK Version: 9.0.306
2025-10-22T21:41:54.0219630Z 
2025-10-22T21:41:54.0320440Z Telemetry
2025-10-22T21:41:54.0421310Z ---------
2025-10-22T21:41:54.0522990Z The .NET tools collect usage data in order to help us improve your experience. It is collected by Microsoft and shared with the community. You can opt-out of telemetry by setting the DOTNET_CLI_TELEMETRY_OPTOUT environment variable to '1' or 'true' using your favorite shell.
2025-10-22T21:41:54.0624360Z 
2025-10-22T21:41:54.0725500Z Read more about .NET CLI Tools telemetry: https://aka.ms/dotnet-cli-telemetry
2025-10-22T21:41:54.4644150Z 
2025-10-22T21:41:54.4745750Z ----------------
2025-10-22T21:41:54.4847510Z Installed an ASP.NET Core HTTPS development certificate.
2025-10-22T21:41:54.4949140Z To trust the certificate, run 'dotnet dev-certs https --trust'
2025-10-22T21:41:54.5050800Z Learn about HTTPS: https://aka.ms/dotnet-https
2025-10-22T21:41:54.5156220Z 
2025-10-22T21:41:54.5257040Z ----------------
2025-10-22T21:41:54.5358290Z Write your first app: https://aka.ms/dotnet-hello-world
2025-10-22T21:41:54.5482070Z Find out what's new: https://aka.ms/dotnet-whats-new
2025-10-22T21:41:54.5583430Z Explore documentation: https://aka.ms/dotnet-docs
2025-10-22T21:41:54.5684980Z Report issues and find source on GitHub: https://github.com/dotnet/core
2025-10-22T21:41:54.5787310Z Use 'dotnet --help' to see available commands or visit: https://aka.ms/dotnet-cli
2025-10-22T21:41:54.5888630Z --------------------------------------------------------------------------------------
2025-10-22T21:41:54.7323320Z Package source with Name: github added successfully.
2025-10-22T21:41:54.8545110Z ##[group]Run brew install openssl
2025-10-22T21:41:54.8545380Z [36;1mbrew install openssl[0m
2025-10-22T21:41:54.8545600Z [36;1msudo mkdir -p /usr/local/lib[0m
2025-10-22T21:41:54.8546000Z [36;1msudo ln -s $(brew --prefix)/opt/openssl@3/lib/libcrypto.3.dylib /usr/local/lib/libcrypto.3.dylib[0m
2025-10-22T21:41:54.8546520Z [36;1msudo ln -s $(brew --prefix)/opt/openssl@3/lib/libssl.3.dylib /usr/local/lib/libssl.3.dylib[0m
2025-10-22T21:41:54.8578780Z shell: /bin/bash -e {0}
2025-10-22T21:41:54.8579190Z env:
2025-10-22T21:41:54.8579380Z   DOTNET_ROOT: /Users/runner/.dotnet
2025-10-22T21:41:54.8579690Z ##[endgroup]
2025-10-22T21:41:58.1786470Z ##[warning]openssl@3 3.6.0 is already installed and up-to-date.
To reinstall 3.6.0, run:
  brew reinstall openssl@3

2025-10-22T21:41:58.2613660Z ##[group]Run dotnet test Yubico.Core/tests/Yubico.Core.UnitTests.csproj --filter "FullyQualifiedName~MacOSHidDeviceListenerDisposalTests.Dispose_UnusedListener_Succeeds" --logger "console;verbosity=detailed"
2025-10-22T21:41:58.2614750Z [36;1mdotnet test Yubico.Core/tests/Yubico.Core.UnitTests.csproj --filter "FullyQualifiedName~MacOSHidDeviceListenerDisposalTests.Dispose_UnusedListener_Succeeds" --logger "console;verbosity=detailed"[0m
2025-10-22T21:41:58.2646450Z shell: /bin/bash -e {0}
2025-10-22T21:41:58.2646600Z env:
2025-10-22T21:41:58.2646740Z   DOTNET_ROOT: /Users/runner/.dotnet
2025-10-22T21:41:58.2646930Z   Logging__LogLevel__Default: Information
2025-10-22T21:41:58.2647180Z   Logging__LogLevel__Yubico: Information
2025-10-22T21:41:58.2647360Z ##[endgroup]
2025-10-22T21:41:58.8439830Z   Determining projects to restore...
2025-10-22T21:42:01.7632320Z   Restored /Users/runner/work/Yubico.NET.SDK/Yubico.NET.SDK/Yubico.Core/tests/Yubico.Core.UnitTests.csproj (in 2.62 sec).
2025-10-22T21:42:02.2840100Z   Restored /Users/runner/work/Yubico.NET.SDK/Yubico.NET.SDK/Yubico.Core/src/Yubico.Core.csproj (in 3.15 sec).
2025-10-22T21:42:07.0338020Z   Yubico.Core -> /Users/runner/work/Yubico.NET.SDK/Yubico.NET.SDK/Yubico.Core/src/bin/Debug/netstandard2.1/Yubico.Core.dll
2025-10-22T21:42:09.9224150Z   Yubico.Core.UnitTests -> /Users/runner/work/Yubico.NET.SDK/Yubico.NET.SDK/Yubico.Core/tests/bin/Debug/net8.0/Yubico.Core.UnitTests.dll
2025-10-22T21:42:09.9409230Z Test run for /Users/runner/work/Yubico.NET.SDK/Yubico.NET.SDK/Yubico.Core/tests/bin/Debug/net8.0/Yubico.Core.UnitTests.dll (.NETCoreApp,Version=v8.0)
2025-10-22T21:42:10.0822230Z VSTest version 17.14.1 (arm64)
2025-10-22T21:42:10.0852220Z 
2025-10-22T21:42:10.1888000Z Starting test execution, please wait...
2025-10-22T21:42:10.2286870Z A total of 1 test files matched the specified pattern.
2025-10-22T21:42:10.2311890Z /Users/runner/work/Yubico.NET.SDK/Yubico.NET.SDK/Yubico.Core/tests/bin/Debug/net8.0/Yubico.Core.UnitTests.dll
2025-10-22T21:42:11.0134580Z [xUnit.net 00:00:00.00] xUnit.net VSTest Adapter v3.1.5+1b188a7b0a (64-bit .NET 8.0.21)
2025-10-22T21:42:11.0681750Z [xUnit.net 00:00:00.06]   Discovering: Yubico.Core.UnitTests
2025-10-22T21:42:11.1955960Z [xUnit.net 00:00:00.19]   Discovered:  Yubico.Core.UnitTests
2025-10-22T21:42:11.2266510Z [xUnit.net 00:00:00.22]   Starting:    Yubico.Core.UnitTests
2025-10-22T21:42:11.3228160Z info: Yubico.Core.Devices.Hid.MacOSHidDeviceListener[0]
2025-10-22T21:42:11.3255150Z       [TELEMETRY][L001] MacOSHidDeviceListener constructor called on thread 13
2025-10-22T21:42:11.3311950Z info: Yubico.Core.Devices.Hid.MacOSHidDeviceListener[0]
2025-10-22T21:42:11.3344460Z       [TELEMETRY][L001] StartListening() called, creating background thread
2025-10-22T21:42:11.3401430Z info: Yubico.Core.Devices.Hid.MacOSHidDeviceListener[0]
2025-10-22T21:42:11.3494500Z       => MacOSHidDeviceListener.StartListening()
2025-10-22T21:42:11.3574630Z       HID listener thread started. ThreadID is 18.
2025-10-22T21:42:11.3676490Z info: Yubico.Core.Devices.Hid.MacOSHidDeviceListener[0]
2025-10-22T21:42:11.3776340Z       [TELEMETRY][L001] Background thread started
2025-10-22T21:42:11.3872380Z info: Yubico.Core.Devices.Hid.MacOSHidDeviceListener[0]
2025-10-22T21:42:11.3933200Z       [TELEMETRY][L001] MacOSHidDeviceListener constructor complete
2025-10-22T21:42:11.3973030Z info: Yubico.Core.Devices.Hid.MacOSHidDeviceListener[0]
2025-10-22T21:42:11.4074750Z       => MacOSHidDeviceListener.StartListening()
2025-10-22T21:42:11.4176210Z       IOHIDManager 5198982624 is scheduled with run loop 5467413664 with mode kCFRunLoopDefaultMode
2025-10-22T21:42:11.4251910Z info: Yubico.Core.Devices.Hid.MacOSHidDeviceListener[0]
2025-10-22T21:42:11.4354580Z       => MacOSHidDeviceListener.StartListening()
2025-10-22T21:42:11.4394430Z       Flushed existing devices.
2025-10-22T21:42:11.4432850Z info: Yubico.Core.Devices.Hid.MacOSHidDeviceListener[0]
2025-10-22T21:42:11.4488200Z       => MacOSHidDeviceListener.StartListening()
2025-10-22T21:42:11.4536240Z       [TELEMETRY][L001] Entering run loop. _shouldStop=False
2025-10-22T21:42:11.4662410Z info: Yubico.Core.Devices.Hid.MacOSHidDeviceListener[0]
2025-10-22T21:42:11.4756820Z       => MacOSHidDeviceListener.StartListening()
2025-10-22T21:42:11.4793540Z       [TELEMETRY][L001] Loop iter 1: _shouldStop=False, prevResult=4, calling CFRunLoopRunInMode...
2025-10-22T21:42:11.4806100Z info: Yubico.Core.Devices.Hid.MacOSHidDeviceListener[0]
2025-10-22T21:42:11.4826630Z       [TELEMETRY][L001] >>> DISPOSE-ENTRY: disposing=True, thread=13, _isDisposed=False, _shouldStop=False
2025-10-22T21:42:11.4835630Z         CallStack:
2025-10-22T21:42:11.4863760Z          at Yubico.Core.Devices.Hid.MacOSHidDeviceListener.Dispose(Boolean disposing) in /_/Yubico.Core/src/Yubico/Core/Devices/Hid/MacOSHidDeviceListener.cs:line 154
2025-10-22T21:42:11.4909610Z          at Yubico.Core.Devices.Hid.HidDeviceListener.Dispose() in /_/Yubico.Core/src/Yubico/Core/Devices/Hid/HidDeviceListener.cs:line 153
2025-10-22T21:42:11.4911390Z          at Yubico.Core.Devices.Hid.UnitTests.MacOSHidDeviceListenerDisposalTests.<>c__DisplayClass10_0.<Dispose_UnusedListener_Succeeds>b__0() in /Users/runner/work/Yubico.NET.SDK/Yubico.NET.SDK/Yubico.Core/tests/Yubico/Core/Devices/Hid/MacOSHidDeviceListenerDisposalTests.cs:line 351
2025-10-22T21:42:11.4913080Z          at Xunit.Record.Exception(Action testCode) in /_/src/xunit.core/Record.cs:line 25
2025-10-22T21:42:11.4914250Z          at Yubico.Core.Devices.Hid.UnitTests.MacOSHidDeviceListenerDisposalTests.Dispose_UnusedListener_Succeeds() in /Users/runner/work/Yubico.NET.SDK/Yubico.NET.SDK/Yubico.Core/tests/Yubico/Core/Devices/Hid/MacOSHidDeviceListenerDisposalTests.cs:line 351
2025-10-22T21:42:11.4915690Z          at System.RuntimeMethodHandle.InvokeMethod(Object target, Void** arguments, Signature sig, Boolean isConstructor)
2025-10-22T21:42:11.4916520Z          at System.Reflection.MethodBaseInvoker.InvokeWithNoArgs(Object obj, BindingFlags invokeAttr)
2025-10-22T21:42:11.4976910Z          at Xunit.Sdk.TestInvoker`1.CallTestMethod(Object testClassInstance) in /_/src/xunit.execution/Sdk/Frameworks/Runners/TestInvoker.cs:line 149
2025-10-22T21:42:11.4978250Z          at Xunit.Sdk.TestInvoker`1.<>c__DisplayClass47_0.<<InvokeTestMethodAsync>b__1>d.MoveNext() in /_/src/xunit.execution/Sdk/Frameworks/Runners/TestInvoker.cs:line 256
2025-10-22T21:42:11.4979360Z          at System.Runtime.CompilerServices.AsyncMethodBuilderCore.Start[TStateMachine](TStateMachine& stateMachine)
2025-10-22T21:42:11.4980070Z          at Xunit.Sdk.TestInvoker`1.<>c__DisplayClass47_0.<InvokeTestMethodAsync>b__1()
2025-10-22T21:42:11.4981950Z          at Xunit.Sdk.ExecutionTimer.AggregateAsync(Func`1 asyncAction) in /_/src/xunit.execution/Sdk/Frameworks/ExecutionTimer.cs:line 48
2025-10-22T21:42:11.4983190Z          at System.Runtime.CompilerServices.AsyncMethodBuilderCore.Start[TStateMachine](TStateMachine& stateMachine)
2025-10-22T21:42:11.4983850Z          at Xunit.Sdk.ExecutionTimer.AggregateAsync(Func`1 asyncAction)
2025-10-22T21:42:11.4984580Z          at Xunit.Sdk.TestInvoker`1.<>c__DisplayClass47_0.<InvokeTestMethodAsync>b__0() in /_/src/xunit.execution/Sdk/Frameworks/Runners/TestInvoker.cs:line 215
2025-10-22T21:42:11.4985480Z          at Xunit.Sdk.ExceptionAggregator.RunAsync(Func`1 code) in /_/src/xunit.core/Sdk/ExceptionAggregator.cs:line 90
2025-10-22T21:42:11.4986300Z          at System.Runtime.CompilerServices.AsyncMethodBuilderCore.Start[TStateMachine](TStateMachine& stateMachine)
2025-10-22T21:42:11.4986990Z          at Xunit.Sdk.ExceptionAggregator.RunAsync(Func`1 code)
2025-10-22T21:42:11.4987770Z          at Xunit.Sdk.TestInvoker`1.InvokeTestMethodAsync(Object testClassInstance) in /_/src/xunit.execution/Sdk/Frameworks/Runners/TestInvoker.cs:line 214
2025-10-22T21:42:11.4988760Z          at System.Runtime.CompilerServices.AsyncMethodBuilderCore.Start[TStateMachine](TStateMachine& stateMachine)
2025-10-22T21:42:11.4989460Z          at Xunit.Sdk.TestInvoker`1.InvokeTestMethodAsync(Object testClassInstance)
2025-10-22T21:42:11.4990650Z          at Xunit.Sdk.XunitTestInvoker.InvokeTestMethodAsync(Object testClassInstance) in /_/src/xunit.execution/Sdk/Frameworks/Runners/XunitTestInvoker.cs:line 112
2025-10-22T21:42:11.4991670Z          at Xunit.Sdk.TestInvoker`1.<RunAsync>b__46_0() in /_/src/xunit.execution/Sdk/Frameworks/Runners/TestInvoker.cs:line 180
2025-10-22T21:42:11.4992600Z          at System.Runtime.CompilerServices.AsyncMethodBuilderCore.Start[TStateMachine](TStateMachine& stateMachine)
2025-10-22T21:42:11.4993480Z          at Xunit.Sdk.TestInvoker`1.<RunAsync>b__46_0()
2025-10-22T21:42:11.4994120Z          at Xunit.Sdk.ExceptionAggregator.RunAsync[T](Func`1 code) in /_/src/xunit.core/Sdk/ExceptionAggregator.cs:line 107
2025-10-22T21:42:11.4994970Z          at System.Runtime.CompilerServices.AsyncMethodBuilderCore.Start[TStateMachine](TStateMachine& stateMachine)
2025-10-22T21:42:11.4995660Z          at Xunit.Sdk.ExceptionAggregator.RunAsync[T](Func`1 code)
2025-10-22T21:42:11.4996340Z          at Xunit.Sdk.TestInvoker`1.RunAsync() in /_/src/xunit.execution/Sdk/Frameworks/Runners/TestInvoker.cs:line 163
2025-10-22T21:42:11.4997210Z          at Xunit.Sdk.XunitTestRunner.InvokeTestMethodAsync(ExceptionAggregator aggregator) in /_/src/xunit.execution/Sdk/Frameworks/Runners/XunitTestRunner.cs:line 88
2025-10-22T21:42:11.4998210Z          at Xunit.Sdk.XunitTestRunner.InvokeTestAsync(ExceptionAggregator aggregator) in /_/src/xunit.execution/Sdk/Frameworks/Runners/XunitTestRunner.cs:line 70
2025-10-22T21:42:11.4999150Z          at System.Runtime.CompilerServices.AsyncMethodBuilderCore.Start[TStateMachine](TStateMachine& stateMachine)
2025-10-22T21:42:11.4999830Z          at Xunit.Sdk.XunitTestRunner.InvokeTestAsync(ExceptionAggregator aggregator)
2025-10-22T21:42:11.5000510Z          at Xunit.Sdk.TestRunner`1.<>c__DisplayClass43_0.<RunAsync>b__0() in /_/src/xunit.execution/Sdk/Frameworks/Runners/TestRunner.cs:line 149
2025-10-22T21:42:11.5001340Z          at Xunit.Sdk.ExceptionAggregator.RunAsync[T](Func`1 code) in /_/src/xunit.core/Sdk/ExceptionAggregator.cs:line 107
2025-10-22T21:42:11.5002090Z          at System.Runtime.CompilerServices.AsyncMethodBuilderCore.Start[TStateMachine](TStateMachine& stateMachine)
2025-10-22T21:42:11.5002710Z          at Xunit.Sdk.ExceptionAggregator.RunAsync[T](Func`1 code)
2025-10-22T21:42:11.5003350Z          at Xunit.Sdk.TestRunner`1.RunAsync() in /_/src/xunit.execution/Sdk/Frameworks/Runners/TestRunner.cs:line 149
2025-10-22T21:42:11.5004090Z          at System.Runtime.CompilerServices.AsyncMethodBuilderCore.Start[TStateMachine](TStateMachine& stateMachine)
2025-10-22T21:42:11.5004670Z          at Xunit.Sdk.TestRunner`1.RunAsync()
2025-10-22T21:42:11.5005350Z          at Xunit.Sdk.XunitTestCaseRunner.RunTestAsync() in /_/src/xunit.execution/Sdk/Frameworks/Runners/XunitTestCaseRunner.cs:line 140
2025-10-22T21:42:11.5006140Z          at Xunit.Sdk.TestCaseRunner`1.RunAsync() in /_/src/xunit.execution/Sdk/Frameworks/Runners/TestCaseRunner.cs:line 82
2025-10-22T21:42:11.5006960Z          at System.Runtime.CompilerServices.AsyncMethodBuilderCore.Start[TStateMachine](TStateMachine& stateMachine)
2025-10-22T21:42:11.5007580Z          at Xunit.Sdk.TestCaseRunner`1.RunAsync()
2025-10-22T21:42:11.5008610Z          at Xunit.Sdk.XunitTestCase.RunAsync(IMessageSink diagnosticMessageSink, IMessageBus messageBus, Object[] constructorArguments, ExceptionAggregator aggregator, CancellationTokenSource cancellationTokenSource) in /_/src/xunit.execution/Sdk/Frameworks/XunitTestCase.cs:line 170
2025-10-22T21:42:11.5010300Z          at Xunit.Sdk.SkippableFactTestCase.<>n__0(IMessageSink diagnosticMessageSink, IMessageBus messageBus, Object[] constructorArguments, ExceptionAggregator aggregator, CancellationTokenSource cancellationTokenSource)
2025-10-22T21:42:11.5011630Z          at Xunit.Sdk.SkippableFactTestCase.RunAsync(IMessageSink diagnosticMessageSink, IMessageBus messageBus, Object[] constructorArguments, ExceptionAggregator aggregator, CancellationTokenSource cancellationTokenSource)
2025-10-22T21:42:11.5012920Z          at System.Runtime.CompilerServices.AsyncMethodBuilderCore.Start[TStateMachine](TStateMachine& stateMachine)
2025-10-22T21:42:11.5014000Z          at Xunit.Sdk.SkippableFactTestCase.RunAsync(IMessageSink diagnosticMessageSink, IMessageBus messageBus, Object[] constructorArguments, ExceptionAggregator aggregator, CancellationTokenSource cancellationTokenSource)
2025-10-22T21:42:11.5015420Z          at Xunit.Sdk.XunitTestMethodRunner.RunTestCaseAsync(IXunitTestCase testCase) in /_/src/xunit.execution/Sdk/Frameworks/Runners/XunitTestMethodRunner.cs:line 45
2025-10-22T21:42:11.5017400Z          at Xunit.Sdk.TestMethodRunner`1.RunTestCasesAsync() in /_/src/xunit.execution/Sdk/Frameworks/Runners/TestMethodRunner.cs:line 136
2025-10-22T21:42:11.5019220Z          at System.Runtime.CompilerServices.AsyncMethodBuilderCore.Start[TStateMachine](TStateMachine& stateMachine)
2025-10-22T21:42:11.5020300Z          at Xunit.Sdk.TestMethodRunner`1.RunTestCasesAsync()
2025-10-22T21:42:11.5024180Z          at Xunit.Sdk.TestMethodRunner`1.RunAsync() in /_/src/xunit.execution/Sdk/Frameworks/Runners/TestMethodRunner.cs:line 106
2025-10-22T21:42:11.5025630Z          at System.Runtime.CompilerServices.AsyncMethodBuilderCore.Start[TStateMachine](TStateMachine& stateMachine)
2025-10-22T21:42:11.5028110Z          at Xunit.Sdk.TestMethodRunner`1.RunAsync()
2025-10-22T21:42:11.5030110Z          at Xunit.Sdk.XunitTestClassRunner.RunTestMethodAsync(ITestMethod testMethod, IReflectionMethodInfo method, IEnumerable`1 testCases, Object[] constructorArguments) in /_/src/xunit.execution/Sdk/Frameworks/Runners/XunitTestClassRunner.cs:line 206
2025-10-22T21:42:11.5034150Z          at Xunit.Sdk.TestClassRunner`1.RunTestMethodsAsync()
2025-10-22T21:42:11.5035130Z          at System.Runtime.CompilerServices.AsyncMethodBuilderCore.Start[TStateMachine](TStateMachine& stateMachine)
2025-10-22T21:42:11.5036260Z          at Xunit.Sdk.TestClassRunner`1.RunTestMethodsAsync()
2025-10-22T21:42:11.5041580Z          at Xunit.Sdk.TestClassRunner`1.RunAsync() in /_/src/xunit.execution/Sdk/Frameworks/Runners/TestClassRunner.cs:line 175
2025-10-22T21:42:11.5047190Z          at System.Runtime.CompilerServices.AsyncMethodBuilderCore.Start[TStateMachine](TStateMachine& stateMachine)
2025-10-22T21:42:11.5049240Z          at Xunit.Sdk.TestClassRunner`1.RunAsync()
2025-10-22T21:42:11.5050400Z          at Xunit.Sdk.XunitTestCollectionRunner.RunTestClassAsync(ITestClass testClass, IReflectionTypeInfo class, IEnumerable`1 testCases) in /_/src/xunit.execution/Sdk/Frameworks/Runners/XunitTestCollectionRunner.cs:line 185
2025-10-22T21:42:11.5051990Z          at Xunit.Sdk.TestCollectionRunner`1.RunTestClassesAsync()
2025-10-22T21:42:11.5053040Z          at System.Runtime.CompilerServices.AsyncMethodBuilderCore.Start[TStateMachine](TStateMachine& stateMachine)
2025-10-22T21:42:11.5054050Z          at Xunit.Sdk.TestCollectionRunner`1.RunTestClassesAsync()
2025-10-22T21:42:11.5055300Z          at Xunit.Sdk.TestCollectionRunner`1.RunAsync() in /_/src/xunit.execution/Sdk/Frameworks/Runners/TestCollectionRunner.cs:line 101
2025-10-22T21:42:11.5059070Z          at System.Runtime.CompilerServices.AsyncMethodBuilderCore.Start[TStateMachine](TStateMachine& stateMachine)
2025-10-22T21:42:11.5062320Z          at Xunit.Sdk.TestCollectionRunner`1.RunAsync()
2025-10-22T21:42:11.5065300Z          at Xunit.Sdk.XunitTestAssemblyRunner.RunTestCollectionAsync(IMessageBus messageBus, ITestCollection testCollection, IEnumerable`1 testCases, CancellationTokenSource cancellationTokenSource) in /_/src/xunit.execution/Sdk/Frameworks/Runners/XunitTestAssemblyRunner.cs:line 346
2025-10-22T21:42:11.5069540Z          at System.Runtime.CompilerServices.AsyncMethodBuilderCore.Start[TStateMachine](TStateMachine& stateMachine)
2025-10-22T21:42:11.5071080Z          at Xunit.Sdk.XunitTestAssemblyRunner.RunTestCollectionAsync(IMessageBus messageBus, ITestCollection testCollection, IEnumerable`1 testCases, CancellationTokenSource cancellationTokenSource)
2025-10-22T21:42:11.5074330Z          at Xunit.Sdk.XunitTestAssemblyRunner.<>c__DisplayClass16_2.<RunTestCollectionsAsync>b__2() in /_/src/xunit.execution/Sdk/Frameworks/Runners/XunitTestAssemblyRunner.cs:line 250
2025-10-22T21:42:11.5076900Z          at System.Threading.Tasks.Task`1.InnerInvoke()
2025-10-22T21:42:11.5078150Z          at System.Threading.ExecutionContext.RunFromThreadPoolDispatchLoop(Thread threadPoolThread, ExecutionContext executionContext, ContextCallback callback, Object state)
2025-10-22T21:42:11.5081490Z          at System.Threading.Tasks.Task.ExecuteWithThreadLocal(Task& currentTaskSlot, Thread threadPoolThread)
2025-10-22T21:42:11.5084220Z          at System.Threading.ThreadPoolWorkQueue.Dispatch()
2025-10-22T21:42:11.5085520Z          at System.Threading.PortableThreadPool.WorkerThread.WorkerThreadStart()
2025-10-22T21:42:11.5086040Z          at System.Threading.Thread.StartCallback()
2025-10-22T21:42:11.5086550Z info: Yubico.Core.Devices.Hid.MacOSHidDeviceListener[0]
2025-10-22T21:42:11.5087170Z       [TELEMETRY][L001] Setting _isDisposed = true
2025-10-22T21:42:11.5087870Z info: Yubico.Core.Devices.Hid.MacOSHidDeviceListener[0]
2025-10-22T21:42:11.5088370Z       [TELEMETRY][L001] Calling StopListening(fromFinalizer=False)...
2025-10-22T21:42:11.5089170Z info: Yubico.Core.Devices.Hid.MacOSHidDeviceListener[0]
2025-10-22T21:42:11.5089650Z       [TELEMETRY][L001] StopListening(fromFinalizer=False) called
2025-10-22T21:42:11.5090880Z info: Yubico.Core.Devices.Hid.MacOSHidDeviceListener[0]
2025-10-22T21:42:11.5093290Z       [TELEMETRY][L001] Setting _shouldStop flag to true
2025-10-22T21:42:11.5093870Z info: Yubico.Core.Devices.Hid.MacOSHidDeviceListener[0]
2025-10-22T21:42:11.5094630Z       [TELEMETRY][L001] _shouldStop flag set. RunLoop pointer: 5467413664
2025-10-22T21:42:11.5095940Z info: Yubico.Core.Devices.Hid.MacOSHidDeviceListener[0]
2025-10-22T21:42:11.5096940Z       [TELEMETRY][L001] Calling CFRunLoopStop(5467413664)
2025-10-22T21:42:11.5098990Z info: Yubico.Core.Devices.Hid.MacOSHidDeviceListener[0]
2025-10-22T21:42:11.5101960Z       [TELEMETRY][L001] CFRunLoopStop() returned
2025-10-22T21:42:11.5104320Z info: Yubico.Core.Devices.Hid.MacOSHidDeviceListener[0]
2025-10-22T21:42:11.5105930Z       [TELEMETRY][L001] Waiting for thread to exit (1 second timeout)...
2025-10-22T21:42:11.5106730Z info: Yubico.Core.Devices.Hid.MacOSHidDeviceListener[0]
2025-10-22T21:42:11.5107200Z       => MacOSHidDeviceListener.StartListening()
2025-10-22T21:42:11.5107810Z       [TELEMETRY][L001] Loop iter 1: CFRunLoopRunInMode returned 2 after 18ms
2025-10-22T21:42:11.5108810Z info: Yubico.Core.Devices.Hid.MacOSHidDeviceListener[0]
2025-10-22T21:42:11.5110800Z       => MacOSHidDeviceListener.StartListening()
2025-10-22T21:42:11.5111390Z       [TELEMETRY][L001] Run loop exited after 1 iterations. _shouldStop=True, finalResult=2
2025-10-22T21:42:11.5112140Z info: Yubico.Core.Devices.Hid.MacOSHidDeviceListener[0]
2025-10-22T21:42:11.5112680Z       => MacOSHidDeviceListener.StartListening()
2025-10-22T21:42:11.5113250Z       [TELEMETRY][L001] Listener thread finally block - cleaning up native resources
2025-10-22T21:42:11.5113810Z info: Yubico.Core.Devices.Hid.MacOSHidDeviceListener[0]
2025-10-22T21:42:11.5114410Z       => MacOSHidDeviceListener.StartListening()
2025-10-22T21:42:11.5114900Z       [TELEMETRY][L001] Unscheduling IOHIDManager from run loop
2025-10-22T21:42:11.5115470Z info: Yubico.Core.Devices.Hid.MacOSHidDeviceListener[0]
2025-10-22T21:42:11.5116010Z       => MacOSHidDeviceListener.StartListening()
2025-10-22T21:42:11.5116490Z       [TELEMETRY][L001] IOHIDManager unscheduled from run loop
2025-10-22T21:42:11.5117120Z info: Yubico.Core.Devices.Hid.MacOSHidDeviceListener[0]
2025-10-22T21:42:11.5117670Z       => MacOSHidDeviceListener.StartListening()
2025-10-22T21:42:11.5118210Z       [TELEMETRY][L001] Releasing IOHIDManager
2025-10-22T21:42:11.5118760Z info: Yubico.Core.Devices.Hid.MacOSHidDeviceListener[0]
2025-10-22T21:42:11.5119310Z       => MacOSHidDeviceListener.StartListening()
2025-10-22T21:42:11.5119880Z       [TELEMETRY][L001] IOHIDManager released
2025-10-22T21:42:11.5121250Z info: Yubico.Core.Devices.Hid.MacOSHidDeviceListener[0]
2025-10-22T21:42:11.5121720Z       => MacOSHidDeviceListener.StartListening()
2025-10-22T21:42:11.5122100Z       [TELEMETRY][L001] Releasing run loop mode CFString
2025-10-22T21:42:11.5122610Z info: Yubico.Core.Devices.Hid.MacOSHidDeviceListener[0]
2025-10-22T21:42:11.5123070Z       => MacOSHidDeviceListener.StartListening()
2025-10-22T21:42:11.5123680Z       [TELEMETRY][L001] Run loop mode CFString released
2025-10-22T21:42:11.5124110Z info: Yubico.Core.Devices.Hid.MacOSHidDeviceListener[0]
2025-10-22T21:42:11.5124560Z       => MacOSHidDeviceListener.StartListening()
2025-10-22T21:42:11.5124990Z       [TELEMETRY][L001] Listener thread cleanup complete - thread exiting
2025-10-22T21:42:11.5125760Z info: Yubico.Core.Devices.Hid.MacOSHidDeviceListener[0]
2025-10-22T21:42:11.5126160Z       [TELEMETRY][L001] Thread exited successfully after 0ms
2025-10-22T21:42:11.5126590Z info: Yubico.Core.Devices.Hid.MacOSHidDeviceListener[0]
2025-10-22T21:42:11.5212990Z       [TELEMETRY][L001] StopListening() complete
2025-10-22T21:42:11.5220400Z info: Yubico.Core.Devices.Hid.MacOSHidDeviceListener[0]
2025-10-22T21:42:11.5220850Z       [TELEMETRY][L001] StopListening() returned successfully
2025-10-22T21:42:11.5221290Z info: Yubico.Core.Devices.Hid.MacOSHidDeviceListener[0]
2025-10-22T21:42:11.5221670Z       [TELEMETRY][L001] Calling base.Dispose(True)
2025-10-22T21:42:11.5222090Z info: Yubico.Core.Devices.Hid.MacOSHidDeviceListener[0]
2025-10-22T21:42:11.5222540Z       [TELEMETRY][L001] <<< DISPOSE-EXIT: Complete
2025-10-22T21:42:11.5223060Z [xUnit.net 00:00:00.35]   Finished:    Yubico.Core.UnitTests
2025-10-22T21:42:11.5223880Z   Passed Yubico.Core.Devices.Hid.UnitTests.MacOSHidDeviceListenerDisposalTests.Dispose_UnusedListener_Succeeds [110 ms]
2025-10-22T21:42:11.5224480Z   Standard Output Messages:
2025-10-22T21:42:11.5224840Z  === TEST START: Dispose_UnusedListener_Succeeds ===
2025-10-22T21:42:11.5225280Z  [USING-ENTRY] Test=Dispose_UnusedListener_Succeeds, Thread=13
2025-10-22T21:42:11.5225740Z  [USING-BODY] Test=Dispose_UnusedListener_Succeeds, Listener=L001, Thread=13
2025-10-22T21:42:11.5226130Z  [TEST] Calling Dispose() on L001
2025-10-22T21:42:11.5226420Z  [TEST] Dispose() completed on L001
2025-10-22T21:42:11.5226800Z  [USING-EXIT] Test=Dispose_UnusedListener_Succeeds, Listener=L001, Thread=13
2025-10-22T21:42:11.5227140Z 
2025-10-22T21:42:11.5227250Z 
2025-10-22T21:42:11.5227360Z 
2025-10-22T21:42:11.5227620Z Test Run Successful.
2025-10-22T21:42:11.5227900Z Total tests: 1
2025-10-22T21:42:11.5228220Z      Passed: 1
2025-10-22T21:42:11.5228500Z  Total time: 1.2082 Seconds
2025-10-22T21:42:11.5326730Z ##[group]Run actions/upload-artifact@v4
2025-10-22T21:42:11.5327020Z with:
2025-10-22T21:42:11.5327270Z   name: Logs-Test09-Dispose_UnusedListener_Succeeds
2025-10-22T21:42:11.5327580Z   path: **/TestResults/*
2025-10-22T21:42:11.5327750Z   if-no-files-found: warn
2025-10-22T21:42:11.5327980Z   compression-level: 6
2025-10-22T21:42:11.5328210Z   overwrite: false
2025-10-22T21:42:11.5328500Z   include-hidden-files: false
2025-10-22T21:42:11.5328680Z env:
2025-10-22T21:42:11.5328960Z   DOTNET_ROOT: /Users/runner/.dotnet
2025-10-22T21:42:11.5329150Z ##[endgroup]
2025-10-22T21:42:12.0976460Z ##[warning]No files were found with the provided path: **/TestResults/*. No artifacts will be uploaded.
2025-10-22T21:42:12.1072220Z Post job cleanup.
2025-10-22T21:42:12.2629690Z Post job cleanup.
2025-10-22T21:42:12.3678000Z [command]/opt/homebrew/bin/git version
2025-10-22T21:42:12.3860080Z git version 2.50.1
2025-10-22T21:42:12.3981720Z Copying '/Users/runner/.gitconfig' to '/Users/runner/work/_temp/872a3322-a63b-43d6-b92a-219a4dfcc658/.gitconfig'
2025-10-22T21:42:12.3983400Z Temporarily overriding HOME='/Users/runner/work/_temp/872a3322-a63b-43d6-b92a-219a4dfcc658' before making global git config changes
2025-10-22T21:42:12.3984230Z Adding repository directory to the temporary git global config as a safe directory
2025-10-22T21:42:12.3984950Z [command]/opt/homebrew/bin/git config --global --add safe.directory /Users/runner/work/Yubico.NET.SDK/Yubico.NET.SDK
2025-10-22T21:42:12.4034770Z [command]/opt/homebrew/bin/git config --local --name-only --get-regexp core\.sshCommand
2025-10-22T21:42:12.4128250Z [command]/opt/homebrew/bin/git submodule foreach --recursive sh -c "git config --local --name-only --get-regexp 'core\.sshCommand' && git config --local --unset-all 'core.sshCommand' || :"
2025-10-22T21:42:12.5027800Z [command]/opt/homebrew/bin/git config --local --name-only --get-regexp http\.https\:\/\/github\.com\/\.extraheader
2025-10-22T21:42:12.5084890Z http.https://github.com/.extraheader
2025-10-22T21:42:12.5158680Z [command]/opt/homebrew/bin/git config --local --unset-all http.https://github.com/.extraheader
2025-10-22T21:42:12.5223940Z [command]/opt/homebrew/bin/git submodule foreach --recursive sh -c "git config --local --name-only --get-regexp 'http\.https\:\/\/github\.com\/\.extraheader' && git config --local --unset-all 'http.https://github.com/.extraheader' || :"
2025-10-22T21:42:12.6138370Z Cleaning up orphan processes
2025-10-22T21:42:13.2207870Z Terminate orphan process: pid (17791) (dotnet)
